
> @moveindustries/ts-sdk@5.1.6 test /Users/andygmove/Downloads/repos/ts-sdk
> pnpm jest

FAIL tests/e2e/api/staking.test.ts (21.155 s)
  ● Console

    console.log
      Starting localnet for test file...

      at Object.<anonymous> (tests/setupPerFile.cjs:15:11)

    console.log
      Starting localnet with command: movement node run-localnet --force-restart --assume-yes --with-indexer-api --do-not-delegate

      at LocalNode.log [as start] (src/cli/localNode.ts:110:13)

    console.log
      Loading verification key from JSON:
      {
        "type": "0x1::keyless_account::Groth16VerificationKey",
        "data": {
          "alpha_g1": "0xe2f26dbea299f5223b646cb1fb33eadb059d9407559d7441dfd902e3a79a4d2d",
          "beta_g2": "0xabb73dc17fbc13021e2471e0c08bd67d8401f52b73d6d07483794cad4778180e0c06f33bbc4c79a9cadef253a68084d382f17788f885c9afd176f7cb2f036789",
          "delta_g2": "0x6176de7d77e614e09ef5e8e19cbf785ffed405d6531cee13cd71a46e2b4ef30deb18f6976c172bdcd7ea8ab2b509991bb5ce34f9fbb42486b78aac62a894a480",
          "gamma_abc_g1": [
            "0x7e92d0c6818f2e51248cd1e8e82eb14521d990b0bb155ab0e3cf99b888bc5387",
            "0xbe1ad9f5fec081770956f846e1d0ea97219a3f6499acc33e1a67aef6d6e16898"
          ],
          "gamma_g2": "0xedf692d95cbdde46ddda5ef7d422436779445c5e66006a42761e1f12efde0018c212f3aeb785e49712e7a9353349aaf1255dfb31b7bf60723a480d9293938e19"
        }
      }

      at Socket.log (src/cli/localNode.ts:118:17)

    console.error
      [localnet stderr]:

      122 |     this.process.stderr?.on("data", (data: any) => {
      123 |       const str = data.toString();
    > 124 |       console.error(`[localnet stderr]: ${str}`);
          |               ^
      125 |     });
      126 |
      127 |     this.process.on("error", (err: Error) => {

      at Socket.error (src/cli/localNode.ts:124:15)

    console.log
      
      Readiness endpoint: http://127.0.0.1:8070/

      at Socket.log (src/cli/localNode.ts:118:17)

    console.log
      Transaction stream is starting, please wait...
      Node API is starting, please wait...
      Faucet is starting, please wait...
      Postgres is starting, please wait...
      Indexer API is starting, please wait...

      at Socket.log (src/cli/localNode.ts:118:17)

    console.log
      Completed generating configuration:
      	Log file: "/Users/andygmove/.movement/testnet/validator.log"
      	Test dir: "/Users/andygmove/.movement/testnet"
      	Aptos root key path: "/Users/andygmove/.movement/testnet/mint.key"
      	Waypoint: 0:18e73651e4e9c8614029136c6da699789605b4d525bce2f0f620c1cffa62abe6
      	ChainId: 4
      	REST API endpoint: http://127.0.0.1:8080

      at Socket.log (src/cli/localNode.ts:118:17)

    console.error
      [localnet stderr]:

      122 |     this.process.stderr?.on("data", (data: any) => {
      123 |       const str = data.toString();
    > 124 |       console.error(`[localnet stderr]: ${str}`);
          |               ^
      125 |     });
      126 |
      127 |     this.process.on("error", (err: Error) => {

      at Socket.error (src/cli/localNode.ts:124:15)

    console.log
      	Metrics endpoint: http://127.0.0.1:9101/metrics
      	Aptosnet fullnode network endpoint: /ip4/0.0.0.0/tcp/6181
      	Indexer gRPC node stream endpoint: 127.0.0.1:50051
      
      Aptos is running, press ctrl-c to exit

      at Socket.log (src/cli/localNode.ts:118:17)

    console.log
      Node API is ready. Endpoint: http://127.0.0.1:8080/

      at Socket.log (src/cli/localNode.ts:118:17)

    console.log
      Postgres is ready. Endpoint: postgres://postgres@127.0.0.1:5433/local_testnet

      at Socket.log (src/cli/localNode.ts:118:17)

    console.log
      Transaction stream is ready. Endpoint: http://127.0.0.1:50051/

      at Socket.log (src/cli/localNode.ts:118:17)

    console.log
      Faucet is ready. Endpoint: http://127.0.0.1:8081/

      at Socket.log (src/cli/localNode.ts:118:17)

    console.log
      Indexer API is ready. Endpoint: http://127.0.0.1:8090/

      at Socket.log (src/cli/localNode.ts:118:17)

    console.error
      [localnet stderr]: 
      Applying post startup steps...

      122 |     this.process.stderr?.on("data", (data: any) => {
      123 |       const str = data.toString();
    > 124 |       console.error(`[localnet stderr]: ${str}`);
          |               ^
      125 |     });
      126 |
      127 |     this.process.on("error", (err: Error) => {

      at Socket.error (src/cli/localNode.ts:124:15)

    console.error
      [localnet stderr]: 
      Setup is complete, you can now use the localnet!

      122 |     this.process.stderr?.on("data", (data: any) => {
      123 |       const str = data.toString();
    > 124 |       console.error(`[localnet stderr]: ${str}`);
          |               ^
      125 |     });
      126 |
      127 |     this.process.on("error", (err: Error) => {

      at Socket.error (src/cli/localNode.ts:124:15)

    console.log
      Stopping localnet...

      at Object.<anonymous> (tests/setupPerFile.cjs:41:13)

  ● staking api › it returns 0 if the poolAddress does not exist

    RequestError: getaddrinfo ENOTFOUND indexer.devnet.movementnetwork.xyz

      at Request._makeRequest (node_modules/.pnpm/got@11.8.6/node_modules/got/dist/source/core/index.js:1191:19)
      at node_modules/.pnpm/got@11.8.6/node_modules/got/dist/source/core/index.js:334:17

FAIL tests/e2e/client/aptosRequest.test.ts (20.37 s)
  ● Console

    console.log
      Starting localnet for test file...

      at Object.<anonymous> (tests/setupPerFile.cjs:15:11)

    console.log
      Starting localnet with command: movement node run-localnet --force-restart --assume-yes --with-indexer-api --do-not-delegate

      at LocalNode.log [as start] (src/cli/localNode.ts:110:13)

    console.log
      Loading verification key from JSON:
      {
        "type": "0x1::keyless_account::Groth16VerificationKey",
        "data": {
          "alpha_g1": "0xe2f26dbea299f5223b646cb1fb33eadb059d9407559d7441dfd902e3a79a4d2d",
          "beta_g2": "0xabb73dc17fbc13021e2471e0c08bd67d8401f52b73d6d07483794cad4778180e0c06f33bbc4c79a9cadef253a68084d382f17788f885c9afd176f7cb2f036789",
          "delta_g2": "0x6176de7d77e614e09ef5e8e19cbf785ffed405d6531cee13cd71a46e2b4ef30deb18f6976c172bdcd7ea8ab2b509991bb5ce34f9fbb42486b78aac62a894a480",
          "gamma_abc_g1": [
            "0x7e92d0c6818f2e51248cd1e8e82eb14521d990b0bb155ab0e3cf99b888bc5387",
            "0xbe1ad9f5fec081770956f846e1d0ea97219a3f6499acc33e1a67aef6d6e16898"
          ],
          "gamma_g2": "0xedf692d95cbdde46ddda5ef7d422436779445c5e66006a42761e1f12efde0018c212f3aeb785e49712e7a9353349aaf1255dfb31b7bf60723a480d9293938e19"
        }
      }

      at Socket.log (src/cli/localNode.ts:118:17)

    console.error
      [localnet stderr]:

      122 |     this.process.stderr?.on("data", (data: any) => {
      123 |       const str = data.toString();
    > 124 |       console.error(`[localnet stderr]: ${str}`);
          |               ^
      125 |     });
      126 |
      127 |     this.process.on("error", (err: Error) => {

      at Socket.error (src/cli/localNode.ts:124:15)

    console.log
      
      Readiness endpoint: http://127.0.0.1:8070/

      at Socket.log (src/cli/localNode.ts:118:17)

    console.log
      Transaction stream is starting, please wait...
      Postgres is starting, please wait...
      Indexer API is starting, please wait...
      Faucet is starting, please wait...

      at Socket.log (src/cli/localNode.ts:118:17)

    console.log
      Node API is starting, please wait...

      at Socket.log (src/cli/localNode.ts:118:17)

    console.error
      [localnet stderr]:

      122 |     this.process.stderr?.on("data", (data: any) => {
      123 |       const str = data.toString();
    > 124 |       console.error(`[localnet stderr]: ${str}`);
          |               ^
      125 |     });
      126 |
      127 |     this.process.on("error", (err: Error) => {

      at Socket.error (src/cli/localNode.ts:124:15)

    console.log
      Completed generating configuration:
      	Log file: "/Users/andygmove/.movement/testnet/validator.log"
      	Test dir: "/Users/andygmove/.movement/testnet"
      	Aptos root key path: "/Users/andygmove/.movement/testnet/mint.key"
      	Waypoint: 0:0e7dbe50a2c9ddab16f106d4d8fd684c82d59f38122ac6207c741e2daa2ae177
      	ChainId: 4
      	REST API endpoint: http://127.0.0.1:8080
      	Metrics endpoint: http://127.0.0.1:9101/metrics
      	Aptosnet fullnode network endpoint: /ip4/0.0.0.0/tcp/6181
      	Indexer gRPC node stream endpoint: 127.0.0.1:50051
      
      Aptos is running, press ctrl-c to exit

      at Socket.log (src/cli/localNode.ts:118:17)

    console.log
      Node API is ready. Endpoint: http://127.0.0.1:8080/

      at Socket.log (src/cli/localNode.ts:118:17)

    console.log
      Postgres is ready. Endpoint: postgres://postgres@127.0.0.1:5433/local_testnet

      at Socket.log (src/cli/localNode.ts:118:17)

    console.log
      Transaction stream is ready. Endpoint: http://127.0.0.1:50051/

      at Socket.log (src/cli/localNode.ts:118:17)

    console.log
      Faucet is ready. Endpoint: http://127.0.0.1:8081/

      at Socket.log (src/cli/localNode.ts:118:17)

    console.log
      Indexer API is ready. Endpoint: http://127.0.0.1:8090/

      at Socket.log (src/cli/localNode.ts:118:17)

    console.error
      [localnet stderr]: 
      Applying post startup steps...

      122 |     this.process.stderr?.on("data", (data: any) => {
      123 |       const str = data.toString();
    > 124 |       console.error(`[localnet stderr]: ${str}`);
          |               ^
      125 |     });
      126 |
      127 |     this.process.on("error", (err: Error) => {

      at Socket.error (src/cli/localNode.ts:124:15)

    console.error
      [localnet stderr]: 
      Setup is complete, you can now use the localnet!

      122 |     this.process.stderr?.on("data", (data: any) => {
      123 |       const str = data.toString();
    > 124 |       console.error(`[localnet stderr]: ${str}`);
          |               ^
      125 |     });
      126 |
      127 |     this.process.on("error", (err: Error) => {

      at Socket.error (src/cli/localNode.ts:124:15)

    console.log
      Error in 'headers' JestAssertionError: expect(received).toHaveProperty(path, value)
      
      Expected path: "x-aptos-client"
      
      Expected value: "aptos-typescript-sdk/5.1.6"
      Received value: "aptos-typescript-sdk/5.1.5"
          at Object.<anonymous> (/Users/andygmove/Downloads/repos/ts-sdk/tests/e2e/client/aptosRequest.test.ts:58:43)
          at processTicksAndRejections (node:internal/process/task_queues:105:5) {
        matcherResult: {
          message: 'expect(received).toHaveProperty(path, value)\n' +
            '\n' +
            'Expected path: "x-aptos-client"\n' +
            '\n' +
            'Expected value: "aptos-typescript-sdk/5.1.6"\n' +
            'Received value: "aptos-typescript-sdk/5.1.5"',
          pass: false
        }
      }

      at Object.<anonymous> (tests/e2e/client/aptosRequest.test.ts:68:19)

    console.log
      Stopping localnet...

      at Object.<anonymous> (tests/setupPerFile.cjs:41:13)

  ● aptos request › headers › call should include all expected headers

    expect(received).toBe(expected) // Object.is equality

    Expected: false
    Received: true

      67 |           // eslint-disable-next-line no-console
      68 |           console.log("Error in 'headers'", error);
    > 69 |           expect(true).toBe(false);
         |                        ^
      70 |         }
      71 |       },
      72 |       longTestTimeout,

      at Object.<anonymous> (tests/e2e/client/aptosRequest.test.ts:69:24)

FAIL tests/e2e/api/paginateQuery.test.ts (17.875 s)
  ● Console

    console.log
      Starting localnet for test file...

      at Object.<anonymous> (tests/setupPerFile.cjs:15:11)

    console.log
      Starting localnet with command: movement node run-localnet --force-restart --assume-yes --with-indexer-api --do-not-delegate

      at LocalNode.log [as start] (src/cli/localNode.ts:110:13)

    console.log
      Loading verification key from JSON:
      {
        "type": "0x1::keyless_account::Groth16VerificationKey",
        "data": {
          "alpha_g1": "0xe2f26dbea299f5223b646cb1fb33eadb059d9407559d7441dfd902e3a79a4d2d",
          "beta_g2": "0xabb73dc17fbc13021e2471e0c08bd67d8401f52b73d6d07483794cad4778180e0c06f33bbc4c79a9cadef253a68084d382f17788f885c9afd176f7cb2f036789",
          "delta_g2": "0x6176de7d77e614e09ef5e8e19cbf785ffed405d6531cee13cd71a46e2b4ef30deb18f6976c172bdcd7ea8ab2b509991bb5ce34f9fbb42486b78aac62a894a480",
          "gamma_abc_g1": [
            "0x7e92d0c6818f2e51248cd1e8e82eb14521d990b0bb155ab0e3cf99b888bc5387",
            "0xbe1ad9f5fec081770956f846e1d0ea97219a3f6499acc33e1a67aef6d6e16898"
          ],
          "gamma_g2": "0xedf692d95cbdde46ddda5ef7d422436779445c5e66006a42761e1f12efde0018c212f3aeb785e49712e7a9353349aaf1255dfb31b7bf60723a480d9293938e19"
        }
      }

      at Socket.log (src/cli/localNode.ts:118:17)

    console.error
      [localnet stderr]:

      122 |     this.process.stderr?.on("data", (data: any) => {
      123 |       const str = data.toString();
    > 124 |       console.error(`[localnet stderr]: ${str}`);
          |               ^
      125 |     });
      126 |
      127 |     this.process.on("error", (err: Error) => {

      at Socket.error (src/cli/localNode.ts:124:15)

    console.log
      
      Readiness endpoint: http://127.0.0.1:8070/

      at Socket.log (src/cli/localNode.ts:118:17)

    console.log
      Node API is starting, please wait...
      Postgres is starting, please wait...
      Faucet is starting, please wait...
      Transaction stream is starting, please wait...

      at Socket.log (src/cli/localNode.ts:118:17)

    console.log
      Indexer API is starting, please wait...
      Completed generating configuration:
      	Log file: "/Users/andygmove/.movement/testnet/validator.log"
      	Test dir: "/Users/andygmove/.movement/testnet"
      	Aptos root key path: "/Users/andygmove/.movement/testnet/mint.key"
      	Waypoint: 0:d69676fc1d1997dc17fc2f3e1fb0b6bb4e1a9981b02b45b631f4dab57a06bbd1
      	ChainId: 4
      	REST API endpoint: http://127.0.0.1:8080
      	Metrics endpoint: http://127.0.0.1:9101/metrics
      	Aptosnet fullnode network endpoint: /ip4/0.0.0.0/tcp/6181
      	Indexer gRPC node stream endpoint: 127.0.0.1:50051
      
      Aptos is running, press ctrl-c to exit

      at Socket.log (src/cli/localNode.ts:118:17)

    console.error
      [localnet stderr]:

      122 |     this.process.stderr?.on("data", (data: any) => {
      123 |       const str = data.toString();
    > 124 |       console.error(`[localnet stderr]: ${str}`);
          |               ^
      125 |     });
      126 |
      127 |     this.process.on("error", (err: Error) => {

      at Socket.error (src/cli/localNode.ts:124:15)

    console.log
      Node API is ready. Endpoint: http://127.0.0.1:8080/

      at Socket.log (src/cli/localNode.ts:118:17)

    console.log
      Postgres is ready. Endpoint: postgres://postgres@127.0.0.1:5433/local_testnet

      at Socket.log (src/cli/localNode.ts:118:17)

    console.log
      Faucet is ready. Endpoint: http://127.0.0.1:8081/

      at Socket.log (src/cli/localNode.ts:118:17)

    console.log
      Transaction stream is ready. Endpoint: http://127.0.0.1:50051/

      at Socket.log (src/cli/localNode.ts:118:17)

    console.log
      Indexer API is ready. Endpoint: http://127.0.0.1:8090/

      at Socket.log (src/cli/localNode.ts:118:17)

    console.error
      [localnet stderr]: 
      Applying post startup steps...

      122 |     this.process.stderr?.on("data", (data: any) => {
      123 |       const str = data.toString();
    > 124 |       console.error(`[localnet stderr]: ${str}`);
          |               ^
      125 |     });
      126 |
      127 |     this.process.on("error", (err: Error) => {

      at Socket.error (src/cli/localNode.ts:124:15)

    console.error
      [localnet stderr]: 
      Setup is complete, you can now use the localnet!

      122 |     this.process.stderr?.on("data", (data: any) => {
      123 |       const str = data.toString();
    > 124 |       console.error(`[localnet stderr]: ${str}`);
          |               ^
      125 |     });
      126 |
      127 |     this.process.on("error", (err: Error) => {

      at Socket.error (src/cli/localNode.ts:124:15)

    console.log
      Stopping localnet...

      at Object.<anonymous> (tests/setupPerFile.cjs:41:13)

  ● PaginateQuery › it should paginate correctly on fullnode queries

    expect(received).toBeGreaterThan(expected)

    Expected: > 10
    Received:   5

       7 |     const transactions = await movement.getTransactions();
       8 |     // Expect more than 10 transactions
    >  9 |     expect(transactions.length).toBeGreaterThan(10);
         |                                 ^
      10 |     const firstTenTxs = await movement.getTransactions({ options: { offset: 0, limit: 10 } });
      11 |     // Expect fetch only first 10 transactions
      12 |     expect(firstTenTxs.length).toBe(10);

      at Object.<anonymous> (tests/e2e/api/paginateQuery.test.ts:9:33)

PASS tests/e2e/mns/mns.test.ts (56.763 s)
  ● Console

    console.log
      Starting localnet for test file...

      at Object.<anonymous> (tests/setupPerFile.cjs:15:11)

    console.log
      Starting localnet with command: movement node run-localnet --force-restart --assume-yes --with-indexer-api --do-not-delegate

      at LocalNode.log [as start] (src/cli/localNode.ts:110:13)

    console.log
      Loading verification key from JSON:
      {
        "type": "0x1::keyless_account::Groth16VerificationKey",
        "data": {
          "alpha_g1": "0xe2f26dbea299f5223b646cb1fb33eadb059d9407559d7441dfd902e3a79a4d2d",
          "beta_g2": "0xabb73dc17fbc13021e2471e0c08bd67d8401f52b73d6d07483794cad4778180e0c06f33bbc4c79a9cadef253a68084d382f17788f885c9afd176f7cb2f036789",
          "delta_g2": "0x6176de7d77e614e09ef5e8e19cbf785ffed405d6531cee13cd71a46e2b4ef30deb18f6976c172bdcd7ea8ab2b509991bb5ce34f9fbb42486b78aac62a894a480",
          "gamma_abc_g1": [
            "0x7e92d0c6818f2e51248cd1e8e82eb14521d990b0bb155ab0e3cf99b888bc5387",
            "0xbe1ad9f5fec081770956f846e1d0ea97219a3f6499acc33e1a67aef6d6e16898"
          ],
          "gamma_g2": "0xedf692d95cbdde46ddda5ef7d422436779445c5e66006a42761e1f12efde0018c212f3aeb785e49712e7a9353349aaf1255dfb31b7bf60723a480d9293938e19"
        }
      }

      at Socket.log (src/cli/localNode.ts:118:17)

    console.error
      [localnet stderr]:

      122 |     this.process.stderr?.on("data", (data: any) => {
      123 |       const str = data.toString();
    > 124 |       console.error(`[localnet stderr]: ${str}`);
          |               ^
      125 |     });
      126 |
      127 |     this.process.on("error", (err: Error) => {

      at Socket.error (src/cli/localNode.ts:124:15)

    console.log
      
      Readiness endpoint: http://127.0.0.1:8070/

      at Socket.log (src/cli/localNode.ts:118:17)

    console.log
      Indexer API is starting, please wait...
      Transaction stream is starting, please wait...
      Postgres is starting, please wait...

      at Socket.log (src/cli/localNode.ts:118:17)

    console.log
      Node API is starting, please wait...
      Faucet is starting, please wait...

      at Socket.log (src/cli/localNode.ts:118:17)

    console.error
      [localnet stderr]:

      122 |     this.process.stderr?.on("data", (data: any) => {
      123 |       const str = data.toString();
    > 124 |       console.error(`[localnet stderr]: ${str}`);
          |               ^
      125 |     });
      126 |
      127 |     this.process.on("error", (err: Error) => {

      at Socket.error (src/cli/localNode.ts:124:15)

    console.log
      Completed generating configuration:
      	Log file: "/Users/andygmove/.movement/testnet/validator.log"
      	Test dir: "/Users/andygmove/.movement/testnet"
      	Aptos root key path: "/Users/andygmove/.movement/testnet/mint.key"
      	Waypoint: 0:fa16fc80152c236355ee5e625b11cb44bb9faeba441af44859b993e5ee3556b1
      	ChainId: 4
      	REST API endpoint: http://127.0.0.1:8080
      	Metrics endpoint: http://127.0.0.1:9101/metrics
      	Aptosnet fullnode network endpoint: /ip4/0.0.0.0/tcp/6181
      	Indexer gRPC node stream endpoint: 127.0.0.1:50051
      
      Aptos is running, press ctrl-c to exit

      at Socket.log (src/cli/localNode.ts:118:17)

    console.log
      Node API is ready. Endpoint: http://127.0.0.1:8080/

      at Socket.log (src/cli/localNode.ts:118:17)

    console.log
      Postgres is ready. Endpoint: postgres://postgres@127.0.0.1:5433/local_testnet

      at Socket.log (src/cli/localNode.ts:118:17)

    console.log
      Transaction stream is ready. Endpoint: http://127.0.0.1:50051/

      at Socket.log (src/cli/localNode.ts:118:17)

    console.log
      Faucet is ready. Endpoint: http://127.0.0.1:8081/

      at Socket.log (src/cli/localNode.ts:118:17)

    console.log
      Indexer API is ready. Endpoint: http://127.0.0.1:8090/

      at Socket.log (src/cli/localNode.ts:118:17)

    console.error
      [localnet stderr]: 
      Applying post startup steps...

      122 |     this.process.stderr?.on("data", (data: any) => {
      123 |       const str = data.toString();
    > 124 |       console.error(`[localnet stderr]: ${str}`);
          |               ^
      125 |     });
      126 |
      127 |     this.process.on("error", (err: Error) => {

      at Socket.error (src/cli/localNode.ts:124:15)

    console.error
      [localnet stderr]: 
      Setup is complete, you can now use the localnet!

      122 |     this.process.stderr?.on("data", (data: any) => {
      123 |       const str = data.toString();
    > 124 |       console.error(`[localnet stderr]: ${str}`);
          |               ^
      125 |     });
      126 |
      127 |     this.process.on("error", (err: Error) => {

      at Socket.error (src/cli/localNode.ts:124:15)

    console.log
      Key price for test80318887: 6875 octas

      at Object.<anonymous> (tests/e2e/mns/mns.test.ts:448:15)

    console.log
      Buying 1 additional key for 27500 octas

      at Object.<anonymous> (tests/e2e/mns/mns.test.ts:759:15)

    console.log
      Sell price for 1 key: 22500 octas

      at Object.<anonymous> (tests/e2e/mns/mns.test.ts:772:15)

    console.log
      3-char domain price: 100000000000 octas (1000 MOVE)

      at Object.<anonymous> (tests/e2e/mns/mns.test.ts:800:15)

    console.log
      16-char domain price: 1000000000 octas (10 MOVE)

      at Object.<anonymous> (tests/e2e/mns/mns.test.ts:801:15)

    console.log
      Stopping localnet...

      at Object.<anonymous> (tests/setupPerFile.cjs:41:13)

PASS tests/e2e/api/account.test.ts (52.4 s)
  ● Console

    console.log
      Starting localnet for test file...

      at Object.<anonymous> (tests/setupPerFile.cjs:15:11)

    console.log
      Starting localnet with command: movement node run-localnet --force-restart --assume-yes --with-indexer-api --do-not-delegate

      at LocalNode.log [as start] (src/cli/localNode.ts:110:13)

    console.log
      Loading verification key from JSON:
      {
        "type": "0x1::keyless_account::Groth16VerificationKey",
        "data": {
          "alpha_g1": "0xe2f26dbea299f5223b646cb1fb33eadb059d9407559d7441dfd902e3a79a4d2d",
          "beta_g2": "0xabb73dc17fbc13021e2471e0c08bd67d8401f52b73d6d07483794cad4778180e0c06f33bbc4c79a9cadef253a68084d382f17788f885c9afd176f7cb2f036789",
          "delta_g2": "0x6176de7d77e614e09ef5e8e19cbf785ffed405d6531cee13cd71a46e2b4ef30deb18f6976c172bdcd7ea8ab2b509991bb5ce34f9fbb42486b78aac62a894a480",
          "gamma_abc_g1": [
            "0x7e92d0c6818f2e51248cd1e8e82eb14521d990b0bb155ab0e3cf99b888bc5387",
            "0xbe1ad9f5fec081770956f846e1d0ea97219a3f6499acc33e1a67aef6d6e16898"
          ],
          "gamma_g2": "0xedf692d95cbdde46ddda5ef7d422436779445c5e66006a42761e1f12efde0018c212f3aeb785e49712e7a9353349aaf1255dfb31b7bf60723a480d9293938e19"
        }
      }

      at Socket.log (src/cli/localNode.ts:118:17)

    console.error
      [localnet stderr]:

      122 |     this.process.stderr?.on("data", (data: any) => {
      123 |       const str = data.toString();
    > 124 |       console.error(`[localnet stderr]: ${str}`);
          |               ^
      125 |     });
      126 |
      127 |     this.process.on("error", (err: Error) => {

      at Socket.error (src/cli/localNode.ts:124:15)

    console.log
      
      Readiness endpoint: http://127.0.0.1:8070/

      at Socket.log (src/cli/localNode.ts:118:17)

    console.log
      Transaction stream is starting, please wait...
      Indexer API is starting, please wait...
      Node API is starting, please wait...
      Faucet is starting, please wait...
      Postgres is starting, please wait...

      at Socket.log (src/cli/localNode.ts:118:17)

    console.error
      [localnet stderr]:

      122 |     this.process.stderr?.on("data", (data: any) => {
      123 |       const str = data.toString();
    > 124 |       console.error(`[localnet stderr]: ${str}`);
          |               ^
      125 |     });
      126 |
      127 |     this.process.on("error", (err: Error) => {

      at Socket.error (src/cli/localNode.ts:124:15)

    console.log
      Completed generating configuration:
      	Log file: "/Users/andygmove/.movement/testnet/validator.log"
      	Test dir: "/Users/andygmove/.movement/testnet"
      	Aptos root key path: "/Users/andygmove/.movement/testnet/mint.key"
      	Waypoint: 0:d3549f4eb183ee2d6b441425ae10f2454cbb7edbc07a1e07998874ec41d39be8
      	ChainId: 4
      	REST API endpoint: http://127.0.0.1:8080
      	Metrics endpoint: http://127.0.0.1:9101/metrics
      	Aptosnet fullnode network endpoint: /ip4/0.0.0.0/tcp/6181
      	Indexer gRPC node stream endpoint: 127.0.0.1:50051

      at Socket.log (src/cli/localNode.ts:118:17)

    console.log
      
      Aptos is running, press ctrl-c to exit

      at Socket.log (src/cli/localNode.ts:118:17)

    console.log
      Node API is ready. Endpoint: http://127.0.0.1:8080/

      at Socket.log (src/cli/localNode.ts:118:17)

    console.log
      Postgres is ready. Endpoint: postgres://postgres@127.0.0.1:5433/local_testnet

      at Socket.log (src/cli/localNode.ts:118:17)

    console.log
      Transaction stream is ready. Endpoint: http://127.0.0.1:50051/

      at Socket.log (src/cli/localNode.ts:118:17)

    console.log
      Faucet is ready. Endpoint: http://127.0.0.1:8081/

      at Socket.log (src/cli/localNode.ts:118:17)

    console.log
      Indexer API is ready. Endpoint: http://127.0.0.1:8090/

      at Socket.log (src/cli/localNode.ts:118:17)

    console.error
      [localnet stderr]: 
      Applying post startup steps...

      122 |     this.process.stderr?.on("data", (data: any) => {
      123 |       const str = data.toString();
    > 124 |       console.error(`[localnet stderr]: ${str}`);
          |               ^
      125 |     });
      126 |
      127 |     this.process.on("error", (err: Error) => {

      at Socket.error (src/cli/localNode.ts:124:15)

    console.error
      [localnet stderr]: 
      Setup is complete, you can now use the localnet!

      122 |     this.process.stderr?.on("data", (data: any) => {
      123 |       const str = data.toString();
    > 124 |       console.error(`[localnet stderr]: ${str}`);
          |               ^
      125 |     });
      126 |
      127 |     this.process.on("error", (err: Error) => {

      at Socket.error (src/cli/localNode.ts:124:15)

    console.log
      Stopping localnet...

      at Object.<anonymous> (tests/setupPerFile.cjs:41:13)

PASS tests/e2e/transactionManagement/transactionWorker.test.ts (50.575 s)
  ● Console

    console.log
      Starting localnet for test file...

      at Object.<anonymous> (tests/setupPerFile.cjs:15:11)

    console.log
      Starting localnet with command: movement node run-localnet --force-restart --assume-yes --with-indexer-api --do-not-delegate

      at LocalNode.log [as start] (src/cli/localNode.ts:110:13)

    console.log
      Loading verification key from JSON:
      {
        "type": "0x1::keyless_account::Groth16VerificationKey",
        "data": {
          "alpha_g1": "0xe2f26dbea299f5223b646cb1fb33eadb059d9407559d7441dfd902e3a79a4d2d",
          "beta_g2": "0xabb73dc17fbc13021e2471e0c08bd67d8401f52b73d6d07483794cad4778180e0c06f33bbc4c79a9cadef253a68084d382f17788f885c9afd176f7cb2f036789",
          "delta_g2": "0x6176de7d77e614e09ef5e8e19cbf785ffed405d6531cee13cd71a46e2b4ef30deb18f6976c172bdcd7ea8ab2b509991bb5ce34f9fbb42486b78aac62a894a480",
          "gamma_abc_g1": [
            "0x7e92d0c6818f2e51248cd1e8e82eb14521d990b0bb155ab0e3cf99b888bc5387",
            "0xbe1ad9f5fec081770956f846e1d0ea97219a3f6499acc33e1a67aef6d6e16898"
          ],
          "gamma_g2": "0xedf692d95cbdde46ddda5ef7d422436779445c5e66006a42761e1f12efde0018c212f3aeb785e49712e7a9353349aaf1255dfb31b7bf60723a480d9293938e19"
        }
      }

      at Socket.log (src/cli/localNode.ts:118:17)

    console.error
      [localnet stderr]:

      122 |     this.process.stderr?.on("data", (data: any) => {
      123 |       const str = data.toString();
    > 124 |       console.error(`[localnet stderr]: ${str}`);
          |               ^
      125 |     });
      126 |
      127 |     this.process.on("error", (err: Error) => {

      at Socket.error (src/cli/localNode.ts:124:15)

    console.log
      
      Readiness endpoint: http://127.0.0.1:8070/

      at Socket.log (src/cli/localNode.ts:118:17)

    console.log
      Node API is starting, please wait...
      Faucet is starting, please wait...
      Postgres is starting, please wait...

      at Socket.log (src/cli/localNode.ts:118:17)

    console.log
      Transaction stream is starting, please wait...
      Indexer API is starting, please wait...

      at Socket.log (src/cli/localNode.ts:118:17)

    console.error
      [localnet stderr]:

      122 |     this.process.stderr?.on("data", (data: any) => {
      123 |       const str = data.toString();
    > 124 |       console.error(`[localnet stderr]: ${str}`);
          |               ^
      125 |     });
      126 |
      127 |     this.process.on("error", (err: Error) => {

      at Socket.error (src/cli/localNode.ts:124:15)

    console.log
      Completed generating configuration:
      	Log file: "/Users/andygmove/.movement/testnet/validator.log"
      	Test dir: "/Users/andygmove/.movement/testnet"
      	Aptos root key path: "/Users/andygmove/.movement/testnet/mint.key"
      	Waypoint: 0:514b2b31960e29a5f9bdd624da0df816a8e868eb58de636c6e5311e4198f0721
      	ChainId: 4
      	REST API endpoint: http://127.0.0.1:8080
      	Metrics endpoint: http://127.0.0.1:9101/metrics
      	Aptosnet fullnode network endpoint: /ip4/0.0.0.0/tcp/6181
      	Indexer gRPC node stream endpoint: 127.0.0.1:50051
      
      Aptos is running, press ctrl-c to exit

      at Socket.log (src/cli/localNode.ts:118:17)

    console.log
      Node API is ready. Endpoint: http://127.0.0.1:8080/

      at Socket.log (src/cli/localNode.ts:118:17)

    console.log
      Postgres is ready. Endpoint: postgres://postgres@127.0.0.1:5433/local_testnet

      at Socket.log (src/cli/localNode.ts:118:17)

    console.log
      Transaction stream is ready. Endpoint: http://127.0.0.1:50051/

      at Socket.log (src/cli/localNode.ts:118:17)

    console.log
      Faucet is ready. Endpoint: http://127.0.0.1:8081/

      at Socket.log (src/cli/localNode.ts:118:17)

    console.log
      Indexer API is ready. Endpoint: http://127.0.0.1:8090/

      at Socket.log (src/cli/localNode.ts:118:17)

    console.error
      [localnet stderr]: 
      Applying post startup steps...

      122 |     this.process.stderr?.on("data", (data: any) => {
      123 |       const str = data.toString();
    > 124 |       console.error(`[localnet stderr]: ${str}`);
          |               ^
      125 |     });
      126 |
      127 |     this.process.on("error", (err: Error) => {

      at Socket.error (src/cli/localNode.ts:124:15)

    console.error
      [localnet stderr]: 
      Setup is complete, you can now use the localnet!

      122 |     this.process.stderr?.on("data", (data: any) => {
      123 |       const str = data.toString();
    > 124 |       console.error(`[localnet stderr]: ${str}`);
          |               ^
      125 |     });
      126 |
      127 |     this.process.on("error", (err: Error) => {

      at Socket.error (src/cli/localNode.ts:124:15)

    console.log
      Stopping localnet...

      at Object.<anonymous> (tests/setupPerFile.cjs:41:13)

PASS tests/e2e/transaction/transactionBuilder.test.ts (45.749 s)
  ● Console

    console.log
      Starting localnet for test file...

      at Object.<anonymous> (tests/setupPerFile.cjs:15:11)

    console.log
      Starting localnet with command: movement node run-localnet --force-restart --assume-yes --with-indexer-api --do-not-delegate

      at LocalNode.log [as start] (src/cli/localNode.ts:110:13)

    console.log
      Loading verification key from JSON:
      {
        "type": "0x1::keyless_account::Groth16VerificationKey",
        "data": {
          "alpha_g1": "0xe2f26dbea299f5223b646cb1fb33eadb059d9407559d7441dfd902e3a79a4d2d",
          "beta_g2": "0xabb73dc17fbc13021e2471e0c08bd67d8401f52b73d6d07483794cad4778180e0c06f33bbc4c79a9cadef253a68084d382f17788f885c9afd176f7cb2f036789",
          "delta_g2": "0x6176de7d77e614e09ef5e8e19cbf785ffed405d6531cee13cd71a46e2b4ef30deb18f6976c172bdcd7ea8ab2b509991bb5ce34f9fbb42486b78aac62a894a480",
          "gamma_abc_g1": [
            "0x7e92d0c6818f2e51248cd1e8e82eb14521d990b0bb155ab0e3cf99b888bc5387",
            "0xbe1ad9f5fec081770956f846e1d0ea97219a3f6499acc33e1a67aef6d6e16898"
          ],
          "gamma_g2": "0xedf692d95cbdde46ddda5ef7d422436779445c5e66006a42761e1f12efde0018c212f3aeb785e49712e7a9353349aaf1255dfb31b7bf60723a480d9293938e19"
        }
      }

      at Socket.log (src/cli/localNode.ts:118:17)

    console.error
      [localnet stderr]:

      122 |     this.process.stderr?.on("data", (data: any) => {
      123 |       const str = data.toString();
    > 124 |       console.error(`[localnet stderr]: ${str}`);
          |               ^
      125 |     });
      126 |
      127 |     this.process.on("error", (err: Error) => {

      at Socket.error (src/cli/localNode.ts:124:15)

    console.log
      
      Readiness endpoint: http://127.0.0.1:8070/

      at Socket.log (src/cli/localNode.ts:118:17)

    console.log
      Indexer API is starting, please wait...
      Transaction stream is starting, please wait...
      Node API is starting, please wait...
      Faucet is starting, please wait...
      Postgres is starting, please wait...

      at Socket.log (src/cli/localNode.ts:118:17)

    console.error
      [localnet stderr]:

      122 |     this.process.stderr?.on("data", (data: any) => {
      123 |       const str = data.toString();
    > 124 |       console.error(`[localnet stderr]: ${str}`);
          |               ^
      125 |     });
      126 |
      127 |     this.process.on("error", (err: Error) => {

      at Socket.error (src/cli/localNode.ts:124:15)

    console.log
      Completed generating configuration:
      	Log file: "/Users/andygmove/.movement/testnet/validator.log"
      	Test dir: "/Users/andygmove/.movement/testnet"
      	Aptos root key path: "/Users/andygmove/.movement/testnet/mint.key"

      at Socket.log (src/cli/localNode.ts:118:17)

    console.log
      	Waypoint: 0:824e8ec79165d71c97206d9820bd3b25dcc690190306b03952df5c115691200a
      	ChainId: 4
      	REST API endpoint: http://127.0.0.1:8080
      	Metrics endpoint: http://127.0.0.1:9101/metrics
      	Aptosnet fullnode network endpoint: /ip4/0.0.0.0/tcp/6181
      	Indexer gRPC node stream endpoint: 127.0.0.1:50051
      
      Aptos is running, press ctrl-c to exit

      at Socket.log (src/cli/localNode.ts:118:17)

    console.log
      Node API is ready. Endpoint: http://127.0.0.1:8080/

      at Socket.log (src/cli/localNode.ts:118:17)

    console.log
      Postgres is ready. Endpoint: postgres://postgres@127.0.0.1:5433/local_testnet

      at Socket.log (src/cli/localNode.ts:118:17)

    console.log
      Transaction stream is ready. Endpoint: http://127.0.0.1:50051/

      at Socket.log (src/cli/localNode.ts:118:17)

    console.log
      Faucet is ready. Endpoint: http://127.0.0.1:8081/

      at Socket.log (src/cli/localNode.ts:118:17)

    console.log
      Indexer API is ready. Endpoint: http://127.0.0.1:8090/

      at Socket.log (src/cli/localNode.ts:118:17)

    console.error
      [localnet stderr]: 
      Applying post startup steps...

      122 |     this.process.stderr?.on("data", (data: any) => {
      123 |       const str = data.toString();
    > 124 |       console.error(`[localnet stderr]: ${str}`);
          |               ^
      125 |     });
      126 |
      127 |     this.process.on("error", (err: Error) => {

      at Socket.error (src/cli/localNode.ts:124:15)

    console.error
      [localnet stderr]: 
      Setup is complete, you can now use the localnet!

      122 |     this.process.stderr?.on("data", (data: any) => {
      123 |       const str = data.toString();
    > 124 |       console.error(`[localnet stderr]: ${str}`);
          |               ^
      125 |     });
      126 |
      127 |     this.process.on("error", (err: Error) => {

      at Socket.error (src/cli/localNode.ts:124:15)

    console.log
      Stopping localnet...

      at Object.<anonymous> (tests/setupPerFile.cjs:41:13)

PASS tests/e2e/transaction/transactionSubmission.test.ts (29.254 s)
  ● Console

    console.log
      Starting localnet for test file...

      at Object.<anonymous> (tests/setupPerFile.cjs:15:11)

    console.log
      Starting localnet with command: movement node run-localnet --force-restart --assume-yes --with-indexer-api --do-not-delegate

      at LocalNode.log [as start] (src/cli/localNode.ts:110:13)

    console.log
      Loading verification key from JSON:
      {
        "type": "0x1::keyless_account::Groth16VerificationKey",
        "data": {
          "alpha_g1": "0xe2f26dbea299f5223b646cb1fb33eadb059d9407559d7441dfd902e3a79a4d2d",
          "beta_g2": "0xabb73dc17fbc13021e2471e0c08bd67d8401f52b73d6d07483794cad4778180e0c06f33bbc4c79a9cadef253a68084d382f17788f885c9afd176f7cb2f036789",
          "delta_g2": "0x6176de7d77e614e09ef5e8e19cbf785ffed405d6531cee13cd71a46e2b4ef30deb18f6976c172bdcd7ea8ab2b509991bb5ce34f9fbb42486b78aac62a894a480",
          "gamma_abc_g1": [
            "0x7e92d0c6818f2e51248cd1e8e82eb14521d990b0bb155ab0e3cf99b888bc5387",
            "0xbe1ad9f5fec081770956f846e1d0ea97219a3f6499acc33e1a67aef6d6e16898"
          ],
          "gamma_g2": "0xedf692d95cbdde46ddda5ef7d422436779445c5e66006a42761e1f12efde0018c212f3aeb785e49712e7a9353349aaf1255dfb31b7bf60723a480d9293938e19"
        }
      }

      at Socket.log (src/cli/localNode.ts:118:17)

    console.error
      [localnet stderr]:

      122 |     this.process.stderr?.on("data", (data: any) => {
      123 |       const str = data.toString();
    > 124 |       console.error(`[localnet stderr]: ${str}`);
          |               ^
      125 |     });
      126 |
      127 |     this.process.on("error", (err: Error) => {

      at Socket.error (src/cli/localNode.ts:124:15)

    console.log
      
      Readiness endpoint: http://127.0.0.1:8070/

      at Socket.log (src/cli/localNode.ts:118:17)

    console.log
      Completed generating configuration:
      	Log file: "/Users/andygmove/.movement/testnet/validator.log"
      	Test dir: "/Users/andygmove/.movement/testnet"
      	Aptos root key path: "/Users/andygmove/.movement/testnet/mint.key"
      	Waypoint: 0:136000ac8b4018a85589a6253a025e00c6889998e820b021d76ac32b0ca0afc1
      	ChainId: 4
      	REST API endpoint: http://127.0.0.1:8080
      	Metrics endpoint: http://127.0.0.1:9101/metrics
      	Aptosnet fullnode network endpoint: /ip4/0.0.0.0/tcp/6181
      	Indexer gRPC node stream endpoint: 127.0.0.1:50051
      
      Aptos is running, press ctrl-c to exit

      at Socket.log (src/cli/localNode.ts:118:17)

    console.log
      Indexer API is starting, please wait...
      Postgres is starting, please wait...
      Faucet is starting, please wait...
      Transaction stream is starting, please wait...
      Node API is starting, please wait...

      at Socket.log (src/cli/localNode.ts:118:17)

    console.error
      [localnet stderr]:

      122 |     this.process.stderr?.on("data", (data: any) => {
      123 |       const str = data.toString();
    > 124 |       console.error(`[localnet stderr]: ${str}`);
          |               ^
      125 |     });
      126 |
      127 |     this.process.on("error", (err: Error) => {

      at Socket.error (src/cli/localNode.ts:124:15)

    console.log
      Node API is ready. Endpoint: http://127.0.0.1:8080/

      at Socket.log (src/cli/localNode.ts:118:17)

    console.log
      Postgres is ready. Endpoint: postgres://postgres@127.0.0.1:5433/local_testnet

      at Socket.log (src/cli/localNode.ts:118:17)

    console.log
      Faucet is ready. Endpoint: http://127.0.0.1:8081/

      at Socket.log (src/cli/localNode.ts:118:17)

    console.log
      Transaction stream is ready. Endpoint: http://127.0.0.1:50051/

      at Socket.log (src/cli/localNode.ts:118:17)

    console.log
      Indexer API is ready. Endpoint: http://127.0.0.1:8090/

      at Socket.log (src/cli/localNode.ts:118:17)

    console.error
      [localnet stderr]: 
      Applying post startup steps...

      122 |     this.process.stderr?.on("data", (data: any) => {
      123 |       const str = data.toString();
    > 124 |       console.error(`[localnet stderr]: ${str}`);
          |               ^
      125 |     });
      126 |
      127 |     this.process.on("error", (err: Error) => {

      at Socket.error (src/cli/localNode.ts:124:15)

    console.error
      [localnet stderr]: 
      Setup is complete, you can now use the localnet!

      122 |     this.process.stderr?.on("data", (data: any) => {
      123 |       const str = data.toString();
    > 124 |       console.error(`[localnet stderr]: ${str}`);
          |               ^
      125 |     });
      126 |
      127 |     this.process.on("error", (err: Error) => {

      at Socket.error (src/cli/localNode.ts:124:15)

    console.log
      Stopping localnet...

      at Object.<anonymous> (tests/setupPerFile.cjs:41:13)

PASS tests/e2e/api/digitalAsset.test.ts (25.218 s)
  ● Console

    console.log
      Starting localnet for test file...

      at Object.<anonymous> (tests/setupPerFile.cjs:15:11)

    console.log
      Starting localnet with command: movement node run-localnet --force-restart --assume-yes --with-indexer-api --do-not-delegate

      at LocalNode.log [as start] (src/cli/localNode.ts:110:13)

    console.log
      Loading verification key from JSON:
      {
        "type": "0x1::keyless_account::Groth16VerificationKey",
        "data": {
          "alpha_g1": "0xe2f26dbea299f5223b646cb1fb33eadb059d9407559d7441dfd902e3a79a4d2d",
          "beta_g2": "0xabb73dc17fbc13021e2471e0c08bd67d8401f52b73d6d07483794cad4778180e0c06f33bbc4c79a9cadef253a68084d382f17788f885c9afd176f7cb2f036789",
          "delta_g2": "0x6176de7d77e614e09ef5e8e19cbf785ffed405d6531cee13cd71a46e2b4ef30deb18f6976c172bdcd7ea8ab2b509991bb5ce34f9fbb42486b78aac62a894a480",
          "gamma_abc_g1": [
            "0x7e92d0c6818f2e51248cd1e8e82eb14521d990b0bb155ab0e3cf99b888bc5387",
            "0xbe1ad9f5fec081770956f846e1d0ea97219a3f6499acc33e1a67aef6d6e16898"
          ],
          "gamma_g2": "0xedf692d95cbdde46ddda5ef7d422436779445c5e66006a42761e1f12efde0018c212f3aeb785e49712e7a9353349aaf1255dfb31b7bf60723a480d9293938e19"
        }
      }

      at Socket.log (src/cli/localNode.ts:118:17)

    console.error
      [localnet stderr]:

      122 |     this.process.stderr?.on("data", (data: any) => {
      123 |       const str = data.toString();
    > 124 |       console.error(`[localnet stderr]: ${str}`);
          |               ^
      125 |     });
      126 |
      127 |     this.process.on("error", (err: Error) => {

      at Socket.error (src/cli/localNode.ts:124:15)

    console.log
      
      Readiness endpoint: http://127.0.0.1:8070/

      at Socket.log (src/cli/localNode.ts:118:17)

    console.log
      Faucet is starting, please wait...
      Indexer API is starting, please wait...
      Postgres is starting, please wait...
      Transaction stream is starting, please wait...
      Node API is starting, please wait...
      Completed generating configuration:
      	Log file: "/Users/andygmove/.movement/testnet/validator.log"
      	Test dir: "/Users/andygmove/.movement/testnet"
      	Aptos root key path: "/Users/andygmove/.movement/testnet/mint.key"

      at Socket.log (src/cli/localNode.ts:118:17)

    console.error
      [localnet stderr]:

      122 |     this.process.stderr?.on("data", (data: any) => {
      123 |       const str = data.toString();
    > 124 |       console.error(`[localnet stderr]: ${str}`);
          |               ^
      125 |     });
      126 |
      127 |     this.process.on("error", (err: Error) => {

      at Socket.error (src/cli/localNode.ts:124:15)

    console.log
      	Waypoint: 0:9ed342347ca654e385806f08f37baa08b9a44496fa31ca67ed2c18134a3f1628
      	ChainId: 4
      	REST API endpoint: http://127.0.0.1:8080
      	Metrics endpoint: http://127.0.0.1:9101/metrics
      	Aptosnet fullnode network endpoint: /ip4/0.0.0.0/tcp/6181
      	Indexer gRPC node stream endpoint: 127.0.0.1:50051
      
      Aptos is running, press ctrl-c to exit

      at Socket.log (src/cli/localNode.ts:118:17)

    console.log
      Node API is ready. Endpoint: http://127.0.0.1:8080/

      at Socket.log (src/cli/localNode.ts:118:17)

    console.log
      Postgres is ready. Endpoint: postgres://postgres@127.0.0.1:5433/local_testnet

      at Socket.log (src/cli/localNode.ts:118:17)

    console.log
      Transaction stream is ready. Endpoint: http://127.0.0.1:50051/

      at Socket.log (src/cli/localNode.ts:118:17)

    console.log
      Faucet is ready. Endpoint: http://127.0.0.1:8081/

      at Socket.log (src/cli/localNode.ts:118:17)

    console.log
      Indexer API is ready. Endpoint: http://127.0.0.1:8090/

      at Socket.log (src/cli/localNode.ts:118:17)

    console.error
      [localnet stderr]: 
      Applying post startup steps...

      122 |     this.process.stderr?.on("data", (data: any) => {
      123 |       const str = data.toString();
    > 124 |       console.error(`[localnet stderr]: ${str}`);
          |               ^
      125 |     });
      126 |
      127 |     this.process.on("error", (err: Error) => {

      at Socket.error (src/cli/localNode.ts:124:15)

    console.error
      [localnet stderr]: 
      Setup is complete, you can now use the localnet!

      122 |     this.process.stderr?.on("data", (data: any) => {
      123 |       const str = data.toString();
    > 124 |       console.error(`[localnet stderr]: ${str}`);
          |               ^
      125 |     });
      126 |
      127 |     this.process.on("error", (err: Error) => {

      at Socket.error (src/cli/localNode.ts:124:15)

    console.log
      Stopping localnet...

      at Object.<anonymous> (tests/setupPerFile.cjs:41:13)

PASS tests/e2e/transaction/transactionSimulation.test.ts (25.82 s)
  ● Console

    console.log
      Starting localnet for test file...

      at Object.<anonymous> (tests/setupPerFile.cjs:15:11)

    console.log
      Starting localnet with command: movement node run-localnet --force-restart --assume-yes --with-indexer-api --do-not-delegate

      at LocalNode.log [as start] (src/cli/localNode.ts:110:13)

    console.log
      Loading verification key from JSON:
      {
        "type": "0x1::keyless_account::Groth16VerificationKey",
        "data": {
          "alpha_g1": "0xe2f26dbea299f5223b646cb1fb33eadb059d9407559d7441dfd902e3a79a4d2d",
          "beta_g2": "0xabb73dc17fbc13021e2471e0c08bd67d8401f52b73d6d07483794cad4778180e0c06f33bbc4c79a9cadef253a68084d382f17788f885c9afd176f7cb2f036789",
          "delta_g2": "0x6176de7d77e614e09ef5e8e19cbf785ffed405d6531cee13cd71a46e2b4ef30deb18f6976c172bdcd7ea8ab2b509991bb5ce34f9fbb42486b78aac62a894a480",
          "gamma_abc_g1": [
            "0x7e92d0c6818f2e51248cd1e8e82eb14521d990b0bb155ab0e3cf99b888bc5387",
            "0xbe1ad9f5fec081770956f846e1d0ea97219a3f6499acc33e1a67aef6d6e16898"
          ],
          "gamma_g2": "0xedf692d95cbdde46ddda5ef7d422436779445c5e66006a42761e1f12efde0018c212f3aeb785e49712e7a9353349aaf1255dfb31b7bf60723a480d9293938e19"
        }
      }

      at Socket.log (src/cli/localNode.ts:118:17)

    console.error
      [localnet stderr]:

      122 |     this.process.stderr?.on("data", (data: any) => {
      123 |       const str = data.toString();
    > 124 |       console.error(`[localnet stderr]: ${str}`);
          |               ^
      125 |     });
      126 |
      127 |     this.process.on("error", (err: Error) => {

      at Socket.error (src/cli/localNode.ts:124:15)

    console.log
      
      Readiness endpoint: http://127.0.0.1:8070/

      at Socket.log (src/cli/localNode.ts:118:17)

    console.log
      Postgres is starting, please wait...
      Node API is starting, please wait...
      Indexer API is starting, please wait...
      Transaction stream is starting, please wait...
      Faucet is starting, please wait...

      at Socket.log (src/cli/localNode.ts:118:17)

    console.error
      [localnet stderr]:

      122 |     this.process.stderr?.on("data", (data: any) => {
      123 |       const str = data.toString();
    > 124 |       console.error(`[localnet stderr]: ${str}`);
          |               ^
      125 |     });
      126 |
      127 |     this.process.on("error", (err: Error) => {

      at Socket.error (src/cli/localNode.ts:124:15)

    console.log
      Completed generating configuration:
      	Log file: "/Users/andygmove/.movement/testnet/validator.log"
      	Test dir: "/Users/andygmove/.movement/testnet"
      	Aptos root key path: "/Users/andygmove/.movement/testnet/mint.key"
      	Waypoint: 0:efb8a2c7109a2ed471f784e834033e0a559c674ac88ba1aceb468c37cc6ea384
      	ChainId: 4
      	REST API endpoint: http://127.0.0.1:8080
      	Metrics endpoint: http://127.0.0.1:9101/metrics
      	Aptosnet fullnode network endpoint: /ip4/0.0.0.0/tcp/6181
      	Indexer gRPC node stream endpoint: 127.0.0.1:50051
      
      Aptos is running, press ctrl-c to exit

      at Socket.log (src/cli/localNode.ts:118:17)

    console.log
      Node API is ready. Endpoint: http://127.0.0.1:8080/

      at Socket.log (src/cli/localNode.ts:118:17)

    console.log
      Postgres is ready. Endpoint: postgres://postgres@127.0.0.1:5433/local_testnet

      at Socket.log (src/cli/localNode.ts:118:17)

    console.log
      Transaction stream is ready. Endpoint: http://127.0.0.1:50051/

      at Socket.log (src/cli/localNode.ts:118:17)

    console.log
      Faucet is ready. Endpoint: http://127.0.0.1:8081/

      at Socket.log (src/cli/localNode.ts:118:17)

    console.log
      Indexer API is ready. Endpoint: http://127.0.0.1:8090/

      at Socket.log (src/cli/localNode.ts:118:17)

    console.error
      [localnet stderr]: 
      Applying post startup steps...

      122 |     this.process.stderr?.on("data", (data: any) => {
      123 |       const str = data.toString();
    > 124 |       console.error(`[localnet stderr]: ${str}`);
          |               ^
      125 |     });
      126 |
      127 |     this.process.on("error", (err: Error) => {

      at Socket.error (src/cli/localNode.ts:124:15)

    console.error
      [localnet stderr]: 
      Setup is complete, you can now use the localnet!

      122 |     this.process.stderr?.on("data", (data: any) => {
      123 |       const str = data.toString();
    > 124 |       console.error(`[localnet stderr]: ${str}`);
          |               ^
      125 |     });
      126 |
      127 |     this.process.on("error", (err: Error) => {

      at Socket.error (src/cli/localNode.ts:124:15)

    console.log
      Stopping localnet...

      at Object.<anonymous> (tests/setupPerFile.cjs:41:13)

PASS tests/e2e/api/coin.test.ts (21.269 s)
  ● Console

    console.log
      Starting localnet for test file...

      at Object.<anonymous> (tests/setupPerFile.cjs:15:11)

    console.log
      Starting localnet with command: movement node run-localnet --force-restart --assume-yes --with-indexer-api --do-not-delegate

      at LocalNode.log [as start] (src/cli/localNode.ts:110:13)

    console.log
      Loading verification key from JSON:
      {
        "type": "0x1::keyless_account::Groth16VerificationKey",
        "data": {
          "alpha_g1": "0xe2f26dbea299f5223b646cb1fb33eadb059d9407559d7441dfd902e3a79a4d2d",
          "beta_g2": "0xabb73dc17fbc13021e2471e0c08bd67d8401f52b73d6d07483794cad4778180e0c06f33bbc4c79a9cadef253a68084d382f17788f885c9afd176f7cb2f036789",
          "delta_g2": "0x6176de7d77e614e09ef5e8e19cbf785ffed405d6531cee13cd71a46e2b4ef30deb18f6976c172bdcd7ea8ab2b509991bb5ce34f9fbb42486b78aac62a894a480",
          "gamma_abc_g1": [
            "0x7e92d0c6818f2e51248cd1e8e82eb14521d990b0bb155ab0e3cf99b888bc5387",
            "0xbe1ad9f5fec081770956f846e1d0ea97219a3f6499acc33e1a67aef6d6e16898"
          ],
          "gamma_g2": "0xedf692d95cbdde46ddda5ef7d422436779445c5e66006a42761e1f12efde0018c212f3aeb785e49712e7a9353349aaf1255dfb31b7bf60723a480d9293938e19"
        }
      }

      at Socket.log (src/cli/localNode.ts:118:17)

    console.error
      [localnet stderr]:

      122 |     this.process.stderr?.on("data", (data: any) => {
      123 |       const str = data.toString();
    > 124 |       console.error(`[localnet stderr]: ${str}`);
          |               ^
      125 |     });
      126 |
      127 |     this.process.on("error", (err: Error) => {

      at Socket.error (src/cli/localNode.ts:124:15)

    console.log
      
      Readiness endpoint: http://127.0.0.1:8070/

      at Socket.log (src/cli/localNode.ts:118:17)

    console.log
      Faucet is starting, please wait...
      Indexer API is starting, please wait...
      Transaction stream is starting, please wait...

      at Socket.log (src/cli/localNode.ts:118:17)

    console.log
      Node API is starting, please wait...
      Postgres is starting, please wait...
      Completed generating configuration:
      	Log file: "/Users/andygmove/.movement/testnet/validator.log"
      	Test dir: "/Users/andygmove/.movement/testnet"
      	Aptos root key path: "/Users/andygmove/.movement/testnet/mint.key"
      	Waypoint: 0:ea79d2bec1d1372360988d7b45022aa78e43af3a80599a820be2912e072cc16b
      	ChainId: 4
      	REST API endpoint: http://127.0.0.1:8080
      	Metrics endpoint: http://127.0.0.1:9101/metrics
      	Aptosnet fullnode network endpoint: /ip4/0.0.0.0/tcp/6181
      	Indexer gRPC node stream endpoint: 127.0.0.1:50051
      
      Aptos is running, press ctrl-c to exit

      at Socket.log (src/cli/localNode.ts:118:17)

    console.error
      [localnet stderr]:

      122 |     this.process.stderr?.on("data", (data: any) => {
      123 |       const str = data.toString();
    > 124 |       console.error(`[localnet stderr]: ${str}`);
          |               ^
      125 |     });
      126 |
      127 |     this.process.on("error", (err: Error) => {

      at Socket.error (src/cli/localNode.ts:124:15)

    console.log
      Node API is ready. Endpoint: http://127.0.0.1:8080/

      at Socket.log (src/cli/localNode.ts:118:17)

    console.log
      Postgres is ready. Endpoint: postgres://postgres@127.0.0.1:5433/local_testnet

      at Socket.log (src/cli/localNode.ts:118:17)

    console.log
      Transaction stream is ready. Endpoint: http://127.0.0.1:50051/

      at Socket.log (src/cli/localNode.ts:118:17)

    console.log
      Faucet is ready. Endpoint: http://127.0.0.1:8081/

      at Socket.log (src/cli/localNode.ts:118:17)

    console.log
      Indexer API is ready. Endpoint: http://127.0.0.1:8090/

      at Socket.log (src/cli/localNode.ts:118:17)

    console.error
      [localnet stderr]: 
      Applying post startup steps...

      122 |     this.process.stderr?.on("data", (data: any) => {
      123 |       const str = data.toString();
    > 124 |       console.error(`[localnet stderr]: ${str}`);
          |               ^
      125 |     });
      126 |
      127 |     this.process.on("error", (err: Error) => {

      at Socket.error (src/cli/localNode.ts:124:15)

    console.error
      [localnet stderr]: 
      Setup is complete, you can now use the localnet!

      122 |     this.process.stderr?.on("data", (data: any) => {
      123 |       const str = data.toString();
    > 124 |       console.error(`[localnet stderr]: ${str}`);
          |               ^
      125 |     });
      126 |
      127 |     this.process.on("error", (err: Error) => {

      at Socket.error (src/cli/localNode.ts:124:15)

    console.log
      Stopping localnet...

      at Object.<anonymous> (tests/setupPerFile.cjs:41:13)

PASS tests/e2e/transaction/transactionPlugin.test.ts (20.88 s)
  ● Console

    console.log
      Starting localnet for test file...

      at Object.<anonymous> (tests/setupPerFile.cjs:15:11)

    console.log
      Starting localnet with command: movement node run-localnet --force-restart --assume-yes --with-indexer-api --do-not-delegate

      at LocalNode.log [as start] (src/cli/localNode.ts:110:13)

    console.log
      Loading verification key from JSON:
      {
        "type": "0x1::keyless_account::Groth16VerificationKey",
        "data": {
          "alpha_g1": "0xe2f26dbea299f5223b646cb1fb33eadb059d9407559d7441dfd902e3a79a4d2d",
          "beta_g2": "0xabb73dc17fbc13021e2471e0c08bd67d8401f52b73d6d07483794cad4778180e0c06f33bbc4c79a9cadef253a68084d382f17788f885c9afd176f7cb2f036789",
          "delta_g2": "0x6176de7d77e614e09ef5e8e19cbf785ffed405d6531cee13cd71a46e2b4ef30deb18f6976c172bdcd7ea8ab2b509991bb5ce34f9fbb42486b78aac62a894a480",
          "gamma_abc_g1": [
            "0x7e92d0c6818f2e51248cd1e8e82eb14521d990b0bb155ab0e3cf99b888bc5387",
            "0xbe1ad9f5fec081770956f846e1d0ea97219a3f6499acc33e1a67aef6d6e16898"
          ],
          "gamma_g2": "0xedf692d95cbdde46ddda5ef7d422436779445c5e66006a42761e1f12efde0018c212f3aeb785e49712e7a9353349aaf1255dfb31b7bf60723a480d9293938e19"
        }
      }

      at Socket.log (src/cli/localNode.ts:118:17)

    console.error
      [localnet stderr]:

      122 |     this.process.stderr?.on("data", (data: any) => {
      123 |       const str = data.toString();
    > 124 |       console.error(`[localnet stderr]: ${str}`);
          |               ^
      125 |     });
      126 |
      127 |     this.process.on("error", (err: Error) => {

      at Socket.error (src/cli/localNode.ts:124:15)

    console.log
      
      Readiness endpoint: http://127.0.0.1:8070/

      at Socket.log (src/cli/localNode.ts:118:17)

    console.log
      Faucet is starting, please wait...
      Postgres is starting, please wait...
      Node API is starting, please wait...

      at Socket.log (src/cli/localNode.ts:118:17)

    console.log
      Indexer API is starting, please wait...
      Transaction stream is starting, please wait...

      at Socket.log (src/cli/localNode.ts:118:17)

    console.error
      [localnet stderr]:

      122 |     this.process.stderr?.on("data", (data: any) => {
      123 |       const str = data.toString();
    > 124 |       console.error(`[localnet stderr]: ${str}`);
          |               ^
      125 |     });
      126 |
      127 |     this.process.on("error", (err: Error) => {

      at Socket.error (src/cli/localNode.ts:124:15)

    console.log
      Completed generating configuration:
      	Log file: "/Users/andygmove/.movement/testnet/validator.log"

      at Socket.log (src/cli/localNode.ts:118:17)

    console.log
      	Test dir: "/Users/andygmove/.movement/testnet"
      	Aptos root key path: "/Users/andygmove/.movement/testnet/mint.key"
      	Waypoint: 0:51e16f08bfb6af4301fad79222751ad112d7feb5b72a8b8c4437fe2851be33f4
      	ChainId: 4
      	REST API endpoint: http://127.0.0.1:8080
      	Metrics endpoint: http://127.0.0.1:9101/metrics
      	Aptosnet fullnode network endpoint: /ip4/0.0.0.0/tcp/6181
      	Indexer gRPC node stream endpoint: 127.0.0.1:50051
      
      Aptos is running, press ctrl-c to exit

      at Socket.log (src/cli/localNode.ts:118:17)

    console.log
      Node API is ready. Endpoint: http://127.0.0.1:8080/

      at Socket.log (src/cli/localNode.ts:118:17)

    console.log
      Postgres is ready. Endpoint: postgres://postgres@127.0.0.1:5433/local_testnet

      at Socket.log (src/cli/localNode.ts:118:17)

    console.log
      Transaction stream is ready. Endpoint: http://127.0.0.1:50051/

      at Socket.log (src/cli/localNode.ts:118:17)

    console.log
      Faucet is ready. Endpoint: http://127.0.0.1:8081/

      at Socket.log (src/cli/localNode.ts:118:17)

    console.log
      Indexer API is ready. Endpoint: http://127.0.0.1:8090/

      at Socket.log (src/cli/localNode.ts:118:17)

    console.error
      [localnet stderr]: 
      Applying post startup steps...

      122 |     this.process.stderr?.on("data", (data: any) => {
      123 |       const str = data.toString();
    > 124 |       console.error(`[localnet stderr]: ${str}`);
          |               ^
      125 |     });
      126 |
      127 |     this.process.on("error", (err: Error) => {

      at Socket.error (src/cli/localNode.ts:124:15)

    console.error
      [localnet stderr]: 
      Setup is complete, you can now use the localnet!

      122 |     this.process.stderr?.on("data", (data: any) => {
      123 |       const str = data.toString();
    > 124 |       console.error(`[localnet stderr]: ${str}`);
          |               ^
      125 |     });
      126 |
      127 |     this.process.on("error", (err: Error) => {

      at Socket.error (src/cli/localNode.ts:124:15)

    console.log
      Stopping localnet...

      at Object.<anonymous> (tests/setupPerFile.cjs:41:13)

PASS tests/e2e/transaction/transactionArguments.test.ts (23.697 s)
  ● Console

    console.log
      Starting localnet for test file...

      at Object.<anonymous> (tests/setupPerFile.cjs:15:11)

    console.log
      Starting localnet with command: movement node run-localnet --force-restart --assume-yes --with-indexer-api --do-not-delegate

      at LocalNode.log [as start] (src/cli/localNode.ts:110:13)

    console.log
      Loading verification key from JSON:
      {
        "type": "0x1::keyless_account::Groth16VerificationKey",
        "data": {
          "alpha_g1": "0xe2f26dbea299f5223b646cb1fb33eadb059d9407559d7441dfd902e3a79a4d2d",
          "beta_g2": "0xabb73dc17fbc13021e2471e0c08bd67d8401f52b73d6d07483794cad4778180e0c06f33bbc4c79a9cadef253a68084d382f17788f885c9afd176f7cb2f036789",
          "delta_g2": "0x6176de7d77e614e09ef5e8e19cbf785ffed405d6531cee13cd71a46e2b4ef30deb18f6976c172bdcd7ea8ab2b509991bb5ce34f9fbb42486b78aac62a894a480",
          "gamma_abc_g1": [
            "0x7e92d0c6818f2e51248cd1e8e82eb14521d990b0bb155ab0e3cf99b888bc5387",
            "0xbe1ad9f5fec081770956f846e1d0ea97219a3f6499acc33e1a67aef6d6e16898"
          ],
          "gamma_g2": "0xedf692d95cbdde46ddda5ef7d422436779445c5e66006a42761e1f12efde0018c212f3aeb785e49712e7a9353349aaf1255dfb31b7bf60723a480d9293938e19"
        }
      }

      at Socket.log (src/cli/localNode.ts:118:17)

    console.error
      [localnet stderr]:

      122 |     this.process.stderr?.on("data", (data: any) => {
      123 |       const str = data.toString();
    > 124 |       console.error(`[localnet stderr]: ${str}`);
          |               ^
      125 |     });
      126 |
      127 |     this.process.on("error", (err: Error) => {

      at Socket.error (src/cli/localNode.ts:124:15)

    console.log
      
      Readiness endpoint: http://127.0.0.1:8070/

      at Socket.log (src/cli/localNode.ts:118:17)

    console.log
      Node API is starting, please wait...
      Transaction stream is starting, please wait...
      Postgres is starting, please wait...
      Indexer API is starting, please wait...

      at Socket.log (src/cli/localNode.ts:118:17)

    console.log
      Faucet is starting, please wait...

      at Socket.log (src/cli/localNode.ts:118:17)

    console.error
      [localnet stderr]:

      122 |     this.process.stderr?.on("data", (data: any) => {
      123 |       const str = data.toString();
    > 124 |       console.error(`[localnet stderr]: ${str}`);
          |               ^
      125 |     });
      126 |
      127 |     this.process.on("error", (err: Error) => {

      at Socket.error (src/cli/localNode.ts:124:15)

    console.log
      Completed generating configuration:
      	Log file: "/Users/andygmove/.movement/testnet/validator.log"
      	Test dir: "/Users/andygmove/.movement/testnet"
      	Aptos root key path: "/Users/andygmove/.movement/testnet/mint.key"
      	Waypoint: 0:22fc0311f9e8929faf3e4b90e38b008e13031915defdfdbb41bd5d0887d36931
      	ChainId: 4
      	REST API endpoint: http://127.0.0.1:8080
      	Metrics endpoint: http://127.0.0.1:9101/metrics
      	Aptosnet fullnode network endpoint: /ip4/0.0.0.0/tcp/6181
      	Indexer gRPC node stream endpoint: 127.0.0.1:50051
      
      Aptos is running, press ctrl-c to exit

      at Socket.log (src/cli/localNode.ts:118:17)

    console.log
      Node API is ready. Endpoint: http://127.0.0.1:8080/

      at Socket.log (src/cli/localNode.ts:118:17)

    console.log
      Postgres is ready. Endpoint: postgres://postgres@127.0.0.1:5433/local_testnet

      at Socket.log (src/cli/localNode.ts:118:17)

    console.log
      Transaction stream is ready. Endpoint: http://127.0.0.1:50051/

      at Socket.log (src/cli/localNode.ts:118:17)

    console.log
      Faucet is ready. Endpoint: http://127.0.0.1:8081/

      at Socket.log (src/cli/localNode.ts:118:17)

    console.log
      Indexer API is ready. Endpoint: http://127.0.0.1:8090/

      at Socket.log (src/cli/localNode.ts:118:17)

    console.error
      [localnet stderr]: 
      Applying post startup steps...

      122 |     this.process.stderr?.on("data", (data: any) => {
      123 |       const str = data.toString();
    > 124 |       console.error(`[localnet stderr]: ${str}`);
          |               ^
      125 |     });
      126 |
      127 |     this.process.on("error", (err: Error) => {

      at Socket.error (src/cli/localNode.ts:124:15)

    console.error
      [localnet stderr]: 
      Setup is complete, you can now use the localnet!

      122 |     this.process.stderr?.on("data", (data: any) => {
      123 |       const str = data.toString();
    > 124 |       console.error(`[localnet stderr]: ${str}`);
          |               ^
      125 |     });
      126 |
      127 |     this.process.on("error", (err: Error) => {

      at Socket.error (src/cli/localNode.ts:124:15)

    console.log
      Stopping localnet...

      at Object.<anonymous> (tests/setupPerFile.cjs:41:13)

PASS tests/e2e/api/transaction.test.ts (21.313 s)
  ● Console

    console.log
      Starting localnet for test file...

      at Object.<anonymous> (tests/setupPerFile.cjs:15:11)

    console.log
      Starting localnet with command: movement node run-localnet --force-restart --assume-yes --with-indexer-api --do-not-delegate

      at LocalNode.log [as start] (src/cli/localNode.ts:110:13)

    console.log
      Loading verification key from JSON:
      {
        "type": "0x1::keyless_account::Groth16VerificationKey",
        "data": {
          "alpha_g1": "0xe2f26dbea299f5223b646cb1fb33eadb059d9407559d7441dfd902e3a79a4d2d",
          "beta_g2": "0xabb73dc17fbc13021e2471e0c08bd67d8401f52b73d6d07483794cad4778180e0c06f33bbc4c79a9cadef253a68084d382f17788f885c9afd176f7cb2f036789",
          "delta_g2": "0x6176de7d77e614e09ef5e8e19cbf785ffed405d6531cee13cd71a46e2b4ef30deb18f6976c172bdcd7ea8ab2b509991bb5ce34f9fbb42486b78aac62a894a480",
          "gamma_abc_g1": [
            "0x7e92d0c6818f2e51248cd1e8e82eb14521d990b0bb155ab0e3cf99b888bc5387",
            "0xbe1ad9f5fec081770956f846e1d0ea97219a3f6499acc33e1a67aef6d6e16898"
          ],
          "gamma_g2": "0xedf692d95cbdde46ddda5ef7d422436779445c5e66006a42761e1f12efde0018c212f3aeb785e49712e7a9353349aaf1255dfb31b7bf60723a480d9293938e19"
        }
      }

      at Socket.log (src/cli/localNode.ts:118:17)

    console.error
      [localnet stderr]:

      122 |     this.process.stderr?.on("data", (data: any) => {
      123 |       const str = data.toString();
    > 124 |       console.error(`[localnet stderr]: ${str}`);
          |               ^
      125 |     });
      126 |
      127 |     this.process.on("error", (err: Error) => {

      at Socket.error (src/cli/localNode.ts:124:15)

    console.log
      
      Readiness endpoint: http://127.0.0.1:8070/

      at Socket.log (src/cli/localNode.ts:118:17)

    console.log
      Transaction stream is starting, please wait...
      Faucet is starting, please wait...
      Postgres is starting, please wait...
      Indexer API is starting, please wait...

      at Socket.log (src/cli/localNode.ts:118:17)

    console.log
      Node API is starting, please wait...

      at Socket.log (src/cli/localNode.ts:118:17)

    console.error
      [localnet stderr]:

      122 |     this.process.stderr?.on("data", (data: any) => {
      123 |       const str = data.toString();
    > 124 |       console.error(`[localnet stderr]: ${str}`);
          |               ^
      125 |     });
      126 |
      127 |     this.process.on("error", (err: Error) => {

      at Socket.error (src/cli/localNode.ts:124:15)

    console.log
      Completed generating configuration:
      	Log file: "/Users/andygmove/.movement/testnet/validator.log"
      	Test dir: "/Users/andygmove/.movement/testnet"
      	Aptos root key path: "/Users/andygmove/.movement/testnet/mint.key"
      	Waypoint: 0:a0631a3e85f455782fc622d52ed00bcf9a5867aa897391f74d11bd2e344161f2
      	ChainId: 4
      	REST API endpoint: http://127.0.0.1:8080
      	Metrics endpoint: http://127.0.0.1:9101/metrics
      	Aptosnet fullnode network endpoint: /ip4/0.0.0.0/tcp/6181
      	Indexer gRPC node stream endpoint: 127.0.0.1:50051
      
      Aptos is running, press ctrl-c to exit

      at Socket.log (src/cli/localNode.ts:118:17)

    console.log
      Node API is ready. Endpoint: http://127.0.0.1:8080/

      at Socket.log (src/cli/localNode.ts:118:17)

    console.log
      Postgres is ready. Endpoint: postgres://postgres@127.0.0.1:5433/local_testnet

      at Socket.log (src/cli/localNode.ts:118:17)

    console.log
      Transaction stream is ready. Endpoint: http://127.0.0.1:50051/

      at Socket.log (src/cli/localNode.ts:118:17)

    console.log
      Faucet is ready. Endpoint: http://127.0.0.1:8081/

      at Socket.log (src/cli/localNode.ts:118:17)

    console.log
      Indexer API is ready. Endpoint: http://127.0.0.1:8090/

      at Socket.log (src/cli/localNode.ts:118:17)

    console.error
      [localnet stderr]: 
      Applying post startup steps...

      122 |     this.process.stderr?.on("data", (data: any) => {
      123 |       const str = data.toString();
    > 124 |       console.error(`[localnet stderr]: ${str}`);
          |               ^
      125 |     });
      126 |
      127 |     this.process.on("error", (err: Error) => {

      at Socket.error (src/cli/localNode.ts:124:15)

    console.error
      [localnet stderr]: 
      Setup is complete, you can now use the localnet!

      122 |     this.process.stderr?.on("data", (data: any) => {
      123 |       const str = data.toString();
    > 124 |       console.error(`[localnet stderr]: ${str}`);
          |               ^
      125 |     });
      126 |
      127 |     this.process.on("error", (err: Error) => {

      at Socket.error (src/cli/localNode.ts:124:15)

    console.log
      Stopping localnet...

      at Object.<anonymous> (tests/setupPerFile.cjs:41:13)

PASS tests/e2e/api/collection.test.ts (20.223 s)
  ● Console

    console.log
      Starting localnet for test file...

      at Object.<anonymous> (tests/setupPerFile.cjs:15:11)

    console.log
      Starting localnet with command: movement node run-localnet --force-restart --assume-yes --with-indexer-api --do-not-delegate

      at LocalNode.log [as start] (src/cli/localNode.ts:110:13)

    console.log
      Loading verification key from JSON:
      {
        "type": "0x1::keyless_account::Groth16VerificationKey",
        "data": {
          "alpha_g1": "0xe2f26dbea299f5223b646cb1fb33eadb059d9407559d7441dfd902e3a79a4d2d",
          "beta_g2": "0xabb73dc17fbc13021e2471e0c08bd67d8401f52b73d6d07483794cad4778180e0c06f33bbc4c79a9cadef253a68084d382f17788f885c9afd176f7cb2f036789",
          "delta_g2": "0x6176de7d77e614e09ef5e8e19cbf785ffed405d6531cee13cd71a46e2b4ef30deb18f6976c172bdcd7ea8ab2b509991bb5ce34f9fbb42486b78aac62a894a480",
          "gamma_abc_g1": [
            "0x7e92d0c6818f2e51248cd1e8e82eb14521d990b0bb155ab0e3cf99b888bc5387",
            "0xbe1ad9f5fec081770956f846e1d0ea97219a3f6499acc33e1a67aef6d6e16898"
          ],
          "gamma_g2": "0xedf692d95cbdde46ddda5ef7d422436779445c5e66006a42761e1f12efde0018c212f3aeb785e49712e7a9353349aaf1255dfb31b7bf60723a480d9293938e19"
        }
      }

      at Socket.log (src/cli/localNode.ts:118:17)

    console.error
      [localnet stderr]:

      122 |     this.process.stderr?.on("data", (data: any) => {
      123 |       const str = data.toString();
    > 124 |       console.error(`[localnet stderr]: ${str}`);
          |               ^
      125 |     });
      126 |
      127 |     this.process.on("error", (err: Error) => {

      at Socket.error (src/cli/localNode.ts:124:15)

    console.log
      
      Readiness endpoint: http://127.0.0.1:8070/

      at Socket.log (src/cli/localNode.ts:118:17)

    console.log
      Transaction stream is starting, please wait...
      Node API is starting, please wait...
      Postgres is starting, please wait...

      at Socket.log (src/cli/localNode.ts:118:17)

    console.log
      Faucet is starting, please wait...
      Indexer API is starting, please wait...
      Completed generating configuration:
      	Log file: "/Users/andygmove/.movement/testnet/validator.log"
      	Test dir: "/Users/andygmove/.movement/testnet"
      	Aptos root key path: "/Users/andygmove/.movement/testnet/mint.key"
      	Waypoint: 0:1470a84c651dfe1221c1afc080f32ad0c3ae16a5b157ca2b9c41a8613a46702c
      	ChainId: 4
      	REST API endpoint: http://127.0.0.1:8080
      	Metrics endpoint: http://127.0.0.1:9101/metrics
      	Aptosnet fullnode network endpoint: /ip4/0.0.0.0/tcp/6181
      	Indexer gRPC node stream endpoint: 127.0.0.1:50051
      
      Aptos is running, press ctrl-c to exit

      at Socket.log (src/cli/localNode.ts:118:17)

    console.error
      [localnet stderr]:

      122 |     this.process.stderr?.on("data", (data: any) => {
      123 |       const str = data.toString();
    > 124 |       console.error(`[localnet stderr]: ${str}`);
          |               ^
      125 |     });
      126 |
      127 |     this.process.on("error", (err: Error) => {

      at Socket.error (src/cli/localNode.ts:124:15)

    console.log
      Node API is ready. Endpoint: http://127.0.0.1:8080/

      at Socket.log (src/cli/localNode.ts:118:17)

    console.log
      Postgres is ready. Endpoint: postgres://postgres@127.0.0.1:5433/local_testnet

      at Socket.log (src/cli/localNode.ts:118:17)

    console.log
      Transaction stream is ready. Endpoint: http://127.0.0.1:50051/

      at Socket.log (src/cli/localNode.ts:118:17)

    console.log
      Faucet is ready. Endpoint: http://127.0.0.1:8081/

      at Socket.log (src/cli/localNode.ts:118:17)

    console.log
      Indexer API is ready. Endpoint: http://127.0.0.1:8090/

      at Socket.log (src/cli/localNode.ts:118:17)

    console.error
      [localnet stderr]: 
      Applying post startup steps...

      122 |     this.process.stderr?.on("data", (data: any) => {
      123 |       const str = data.toString();
    > 124 |       console.error(`[localnet stderr]: ${str}`);
          |               ^
      125 |     });
      126 |
      127 |     this.process.on("error", (err: Error) => {

      at Socket.error (src/cli/localNode.ts:124:15)

    console.error
      [localnet stderr]: 
      Setup is complete, you can now use the localnet!

      122 |     this.process.stderr?.on("data", (data: any) => {
      123 |       const str = data.toString();
    > 124 |       console.error(`[localnet stderr]: ${str}`);
          |               ^
      125 |     });
      126 |
      127 |     this.process.on("error", (err: Error) => {

      at Socket.error (src/cli/localNode.ts:124:15)

    console.log
      Stopping localnet...

      at Object.<anonymous> (tests/setupPerFile.cjs:41:13)

PASS tests/e2e/transaction/signTransaction.test.ts (21.038 s)
  ● Console

    console.log
      Starting localnet for test file...

      at Object.<anonymous> (tests/setupPerFile.cjs:15:11)

    console.log
      Starting localnet with command: movement node run-localnet --force-restart --assume-yes --with-indexer-api --do-not-delegate

      at LocalNode.log [as start] (src/cli/localNode.ts:110:13)

    console.log
      Loading verification key from JSON:
      {
        "type": "0x1::keyless_account::Groth16VerificationKey",
        "data": {
          "alpha_g1": "0xe2f26dbea299f5223b646cb1fb33eadb059d9407559d7441dfd902e3a79a4d2d",
          "beta_g2": "0xabb73dc17fbc13021e2471e0c08bd67d8401f52b73d6d07483794cad4778180e0c06f33bbc4c79a9cadef253a68084d382f17788f885c9afd176f7cb2f036789",
          "delta_g2": "0x6176de7d77e614e09ef5e8e19cbf785ffed405d6531cee13cd71a46e2b4ef30deb18f6976c172bdcd7ea8ab2b509991bb5ce34f9fbb42486b78aac62a894a480",
          "gamma_abc_g1": [
            "0x7e92d0c6818f2e51248cd1e8e82eb14521d990b0bb155ab0e3cf99b888bc5387",
            "0xbe1ad9f5fec081770956f846e1d0ea97219a3f6499acc33e1a67aef6d6e16898"
          ],
          "gamma_g2": "0xedf692d95cbdde46ddda5ef7d422436779445c5e66006a42761e1f12efde0018c212f3aeb785e49712e7a9353349aaf1255dfb31b7bf60723a480d9293938e19"
        }
      }

      at Socket.log (src/cli/localNode.ts:118:17)

    console.error
      [localnet stderr]:

      122 |     this.process.stderr?.on("data", (data: any) => {
      123 |       const str = data.toString();
    > 124 |       console.error(`[localnet stderr]: ${str}`);
          |               ^
      125 |     });
      126 |
      127 |     this.process.on("error", (err: Error) => {

      at Socket.error (src/cli/localNode.ts:124:15)

    console.log
      
      Readiness endpoint: http://127.0.0.1:8070/

      at Socket.log (src/cli/localNode.ts:118:17)

    console.log
      Indexer API is starting, please wait...
      Postgres is starting, please wait...
      Faucet is starting, please wait...

      at Socket.log (src/cli/localNode.ts:118:17)

    console.log
      Node API is starting, please wait...
      Transaction stream is starting, please wait...

      at Socket.log (src/cli/localNode.ts:118:17)

    console.error
      [localnet stderr]:

      122 |     this.process.stderr?.on("data", (data: any) => {
      123 |       const str = data.toString();
    > 124 |       console.error(`[localnet stderr]: ${str}`);
          |               ^
      125 |     });
      126 |
      127 |     this.process.on("error", (err: Error) => {

      at Socket.error (src/cli/localNode.ts:124:15)

    console.log
      Completed generating configuration:
      	Log file: "/Users/andygmove/.movement/testnet/validator.log"
      	Test dir: "/Users/andygmove/.movement/testnet"
      	Aptos root key path: "/Users/andygmove/.movement/testnet/mint.key"
      	Waypoint: 0:5080c9ef4383d80b240e4ad27f9db5a54424a9acaa0f382ba3fd4e5ebebf61b2
      	ChainId: 4
      	REST API endpoint: http://127.0.0.1:8080
      	Metrics endpoint: http://127.0.0.1:9101/metrics
      	Aptosnet fullnode network endpoint: /ip4/0.0.0.0/tcp/6181
      	Indexer gRPC node stream endpoint: 127.0.0.1:50051
      
      Aptos is running, press ctrl-c to exit

      at Socket.log (src/cli/localNode.ts:118:17)

    console.log
      Node API is ready. Endpoint: http://127.0.0.1:8080/

      at Socket.log (src/cli/localNode.ts:118:17)

    console.log
      Postgres is ready. Endpoint: postgres://postgres@127.0.0.1:5433/local_testnet

      at Socket.log (src/cli/localNode.ts:118:17)

    console.log
      Transaction stream is ready. Endpoint: http://127.0.0.1:50051/

      at Socket.log (src/cli/localNode.ts:118:17)

    console.log
      Faucet is ready. Endpoint: http://127.0.0.1:8081/

      at Socket.log (src/cli/localNode.ts:118:17)

    console.log
      Indexer API is ready. Endpoint: http://127.0.0.1:8090/

      at Socket.log (src/cli/localNode.ts:118:17)

    console.error
      [localnet stderr]: 
      Applying post startup steps...

      122 |     this.process.stderr?.on("data", (data: any) => {
      123 |       const str = data.toString();
    > 124 |       console.error(`[localnet stderr]: ${str}`);
          |               ^
      125 |     });
      126 |
      127 |     this.process.on("error", (err: Error) => {

      at Socket.error (src/cli/localNode.ts:124:15)

    console.error
      [localnet stderr]: 
      Setup is complete, you can now use the localnet!

      122 |     this.process.stderr?.on("data", (data: any) => {
      123 |       const str = data.toString();
    > 124 |       console.error(`[localnet stderr]: ${str}`);
          |               ^
      125 |     });
      126 |
      127 |     this.process.on("error", (err: Error) => {

      at Socket.error (src/cli/localNode.ts:124:15)

    console.log
      Stopping localnet...

      at Object.<anonymous> (tests/setupPerFile.cjs:41:13)

PASS tests/e2e/transaction/generateTransaction.test.ts (19.339 s)
  ● Console

    console.log
      Starting localnet for test file...

      at Object.<anonymous> (tests/setupPerFile.cjs:15:11)

    console.log
      Starting localnet with command: movement node run-localnet --force-restart --assume-yes --with-indexer-api --do-not-delegate

      at LocalNode.log [as start] (src/cli/localNode.ts:110:13)

    console.log
      Loading verification key from JSON:
      {
        "type": "0x1::keyless_account::Groth16VerificationKey",
        "data": {
          "alpha_g1": "0xe2f26dbea299f5223b646cb1fb33eadb059d9407559d7441dfd902e3a79a4d2d",
          "beta_g2": "0xabb73dc17fbc13021e2471e0c08bd67d8401f52b73d6d07483794cad4778180e0c06f33bbc4c79a9cadef253a68084d382f17788f885c9afd176f7cb2f036789",
          "delta_g2": "0x6176de7d77e614e09ef5e8e19cbf785ffed405d6531cee13cd71a46e2b4ef30deb18f6976c172bdcd7ea8ab2b509991bb5ce34f9fbb42486b78aac62a894a480",
          "gamma_abc_g1": [
            "0x7e92d0c6818f2e51248cd1e8e82eb14521d990b0bb155ab0e3cf99b888bc5387",
            "0xbe1ad9f5fec081770956f846e1d0ea97219a3f6499acc33e1a67aef6d6e16898"
          ],
          "gamma_g2": "0xedf692d95cbdde46ddda5ef7d422436779445c5e66006a42761e1f12efde0018c212f3aeb785e49712e7a9353349aaf1255dfb31b7bf60723a480d9293938e19"
        }
      }

      at Socket.log (src/cli/localNode.ts:118:17)

    console.error
      [localnet stderr]:

      122 |     this.process.stderr?.on("data", (data: any) => {
      123 |       const str = data.toString();
    > 124 |       console.error(`[localnet stderr]: ${str}`);
          |               ^
      125 |     });
      126 |
      127 |     this.process.on("error", (err: Error) => {

      at Socket.error (src/cli/localNode.ts:124:15)

    console.log
      
      Readiness endpoint: http://127.0.0.1:8070/

      at Socket.log (src/cli/localNode.ts:118:17)

    console.log
      Indexer API is starting, please wait...
      Faucet is starting, please wait...
      Node API is starting, please wait...
      Transaction stream is starting, please wait...
      Completed generating configuration:
      	Log file: "/Users/andygmove/.movement/testnet/validator.log"
      	Test dir: "/Users/andygmove/.movement/testnet"
      	Aptos root key path: "/Users/andygmove/.movement/testnet/mint.key"
      	Waypoint: 0:64c1b09c9a557c10d5a4e02bc068a503a566231cbff6e7c4b6ab4b489124a0a5
      	ChainId: 4
      	REST API endpoint: http://127.0.0.1:8080
      	Metrics endpoint: http://127.0.0.1:9101/metrics
      	Aptosnet fullnode network endpoint: /ip4/0.0.0.0/tcp/6181
      	Indexer gRPC node stream endpoint: 127.0.0.1:50051

      at Socket.log (src/cli/localNode.ts:118:17)

    console.log
      
      Aptos is running, press ctrl-c to exit
      
      Postgres is starting, please wait...

      at Socket.log (src/cli/localNode.ts:118:17)

    console.error
      [localnet stderr]:

      122 |     this.process.stderr?.on("data", (data: any) => {
      123 |       const str = data.toString();
    > 124 |       console.error(`[localnet stderr]: ${str}`);
          |               ^
      125 |     });
      126 |
      127 |     this.process.on("error", (err: Error) => {

      at Socket.error (src/cli/localNode.ts:124:15)

    console.log
      Node API is ready. Endpoint: http://127.0.0.1:8080/

      at Socket.log (src/cli/localNode.ts:118:17)

    console.log
      Postgres is ready. Endpoint: postgres://postgres@127.0.0.1:5433/local_testnet

      at Socket.log (src/cli/localNode.ts:118:17)

    console.log
      Transaction stream is ready. Endpoint: http://127.0.0.1:50051/

      at Socket.log (src/cli/localNode.ts:118:17)

    console.log
      Faucet is ready. Endpoint: http://127.0.0.1:8081/

      at Socket.log (src/cli/localNode.ts:118:17)

    console.log
      Indexer API is ready. Endpoint: http://127.0.0.1:8090/

      at Socket.log (src/cli/localNode.ts:118:17)

    console.error
      [localnet stderr]: 
      Applying post startup steps...

      122 |     this.process.stderr?.on("data", (data: any) => {
      123 |       const str = data.toString();
    > 124 |       console.error(`[localnet stderr]: ${str}`);
          |               ^
      125 |     });
      126 |
      127 |     this.process.on("error", (err: Error) => {

      at Socket.error (src/cli/localNode.ts:124:15)

    console.error
      [localnet stderr]: 
      Setup is complete, you can now use the localnet!

      122 |     this.process.stderr?.on("data", (data: any) => {
      123 |       const str = data.toString();
    > 124 |       console.error(`[localnet stderr]: ${str}`);
          |               ^
      125 |     });
      126 |
      127 |     this.process.on("error", (err: Error) => {

      at Socket.error (src/cli/localNode.ts:124:15)

    console.log
      Stopping localnet...

      at Object.<anonymous> (tests/setupPerFile.cjs:41:13)

PASS tests/e2e/transactionManagement/accountSequenceNumber.test.ts (18.528 s)
  ● Console

    console.log
      Starting localnet for test file...

      at Object.<anonymous> (tests/setupPerFile.cjs:15:11)

    console.log
      Starting localnet with command: movement node run-localnet --force-restart --assume-yes --with-indexer-api --do-not-delegate

      at LocalNode.log [as start] (src/cli/localNode.ts:110:13)

    console.log
      Loading verification key from JSON:
      {
        "type": "0x1::keyless_account::Groth16VerificationKey",
        "data": {
          "alpha_g1": "0xe2f26dbea299f5223b646cb1fb33eadb059d9407559d7441dfd902e3a79a4d2d",
          "beta_g2": "0xabb73dc17fbc13021e2471e0c08bd67d8401f52b73d6d07483794cad4778180e0c06f33bbc4c79a9cadef253a68084d382f17788f885c9afd176f7cb2f036789",
          "delta_g2": "0x6176de7d77e614e09ef5e8e19cbf785ffed405d6531cee13cd71a46e2b4ef30deb18f6976c172bdcd7ea8ab2b509991bb5ce34f9fbb42486b78aac62a894a480",
          "gamma_abc_g1": [
            "0x7e92d0c6818f2e51248cd1e8e82eb14521d990b0bb155ab0e3cf99b888bc5387",
            "0xbe1ad9f5fec081770956f846e1d0ea97219a3f6499acc33e1a67aef6d6e16898"
          ],
          "gamma_g2": "0xedf692d95cbdde46ddda5ef7d422436779445c5e66006a42761e1f12efde0018c212f3aeb785e49712e7a9353349aaf1255dfb31b7bf60723a480d9293938e19"
        }
      }

      at Socket.log (src/cli/localNode.ts:118:17)

    console.error
      [localnet stderr]:

      122 |     this.process.stderr?.on("data", (data: any) => {
      123 |       const str = data.toString();
    > 124 |       console.error(`[localnet stderr]: ${str}`);
          |               ^
      125 |     });
      126 |
      127 |     this.process.on("error", (err: Error) => {

      at Socket.error (src/cli/localNode.ts:124:15)

    console.log
      
      Readiness endpoint: http://127.0.0.1:8070/

      at Socket.log (src/cli/localNode.ts:118:17)

    console.log
      Faucet is starting, please wait...
      Transaction stream is starting, please wait...
      Node API is starting, please wait...
      Indexer API is starting, please wait...
      Postgres is starting, please wait...

      at Socket.log (src/cli/localNode.ts:118:17)

    console.error
      [localnet stderr]:

      122 |     this.process.stderr?.on("data", (data: any) => {
      123 |       const str = data.toString();
    > 124 |       console.error(`[localnet stderr]: ${str}`);
          |               ^
      125 |     });
      126 |
      127 |     this.process.on("error", (err: Error) => {

      at Socket.error (src/cli/localNode.ts:124:15)

    console.log
      Completed generating configuration:
      	Log file: "/Users/andygmove/.movement/testnet/validator.log"
      	Test dir: "/Users/andygmove/.movement/testnet"
      	Aptos root key path: "/Users/andygmove/.movement/testnet/mint.key"
      	Waypoint: 0:f7c731328fc82d99c51390bf0847039713adbe06b5a0ca757db601c7ce2962f1
      	ChainId: 4
      	REST API endpoint: http://127.0.0.1:8080

      at Socket.log (src/cli/localNode.ts:118:17)

    console.log
      	Metrics endpoint: http://127.0.0.1:9101/metrics
      	Aptosnet fullnode network endpoint: /ip4/0.0.0.0/tcp/6181
      	Indexer gRPC node stream endpoint: 127.0.0.1:50051
      
      Aptos is running, press ctrl-c to exit

      at Socket.log (src/cli/localNode.ts:118:17)

    console.log
      Node API is ready. Endpoint: http://127.0.0.1:8080/

      at Socket.log (src/cli/localNode.ts:118:17)

    console.log
      Postgres is ready. Endpoint: postgres://postgres@127.0.0.1:5433/local_testnet

      at Socket.log (src/cli/localNode.ts:118:17)

    console.log
      Transaction stream is ready. Endpoint: http://127.0.0.1:50051/

      at Socket.log (src/cli/localNode.ts:118:17)

    console.log
      Faucet is ready. Endpoint: http://127.0.0.1:8081/

      at Socket.log (src/cli/localNode.ts:118:17)

    console.log
      Indexer API is ready. Endpoint: http://127.0.0.1:8090/

      at Socket.log (src/cli/localNode.ts:118:17)

    console.error
      [localnet stderr]: 
      Applying post startup steps...

      122 |     this.process.stderr?.on("data", (data: any) => {
      123 |       const str = data.toString();
    > 124 |       console.error(`[localnet stderr]: ${str}`);
          |               ^
      125 |     });
      126 |
      127 |     this.process.on("error", (err: Error) => {

      at Socket.error (src/cli/localNode.ts:124:15)

    console.error
      [localnet stderr]: 
      Setup is complete, you can now use the localnet!

      122 |     this.process.stderr?.on("data", (data: any) => {
      123 |       const str = data.toString();
    > 124 |       console.error(`[localnet stderr]: ${str}`);
          |               ^
      125 |     });
      126 |
      127 |     this.process.on("error", (err: Error) => {

      at Socket.error (src/cli/localNode.ts:124:15)

    console.log
      Stopping localnet...

      at Object.<anonymous> (tests/setupPerFile.cjs:41:13)

PASS tests/e2e/api/fungibleAsset.test.ts (19.271 s)
  ● Console

    console.log
      Starting localnet for test file...

      at Object.<anonymous> (tests/setupPerFile.cjs:15:11)

    console.log
      Starting localnet with command: movement node run-localnet --force-restart --assume-yes --with-indexer-api --do-not-delegate

      at LocalNode.log [as start] (src/cli/localNode.ts:110:13)

    console.log
      Loading verification key from JSON:
      {
        "type": "0x1::keyless_account::Groth16VerificationKey",
        "data": {
          "alpha_g1": "0xe2f26dbea299f5223b646cb1fb33eadb059d9407559d7441dfd902e3a79a4d2d",
          "beta_g2": "0xabb73dc17fbc13021e2471e0c08bd67d8401f52b73d6d07483794cad4778180e0c06f33bbc4c79a9cadef253a68084d382f17788f885c9afd176f7cb2f036789",
          "delta_g2": "0x6176de7d77e614e09ef5e8e19cbf785ffed405d6531cee13cd71a46e2b4ef30deb18f6976c172bdcd7ea8ab2b509991bb5ce34f9fbb42486b78aac62a894a480",
          "gamma_abc_g1": [
            "0x7e92d0c6818f2e51248cd1e8e82eb14521d990b0bb155ab0e3cf99b888bc5387",
            "0xbe1ad9f5fec081770956f846e1d0ea97219a3f6499acc33e1a67aef6d6e16898"
          ],
          "gamma_g2": "0xedf692d95cbdde46ddda5ef7d422436779445c5e66006a42761e1f12efde0018c212f3aeb785e49712e7a9353349aaf1255dfb31b7bf60723a480d9293938e19"
        }
      }

      at Socket.log (src/cli/localNode.ts:118:17)

    console.error
      [localnet stderr]:

      122 |     this.process.stderr?.on("data", (data: any) => {
      123 |       const str = data.toString();
    > 124 |       console.error(`[localnet stderr]: ${str}`);
          |               ^
      125 |     });
      126 |
      127 |     this.process.on("error", (err: Error) => {

      at Socket.error (src/cli/localNode.ts:124:15)

    console.log
      
      Readiness endpoint: http://127.0.0.1:8070/

      at Socket.log (src/cli/localNode.ts:118:17)

    console.log
      Indexer API is starting, please wait...
      Faucet is starting, please wait...

      at Socket.log (src/cli/localNode.ts:118:17)

    console.log
      Node API is starting, please wait...
      Transaction stream is starting, please wait...
      Postgres is starting, please wait...

      at Socket.log (src/cli/localNode.ts:118:17)

    console.error
      [localnet stderr]:

      122 |     this.process.stderr?.on("data", (data: any) => {
      123 |       const str = data.toString();
    > 124 |       console.error(`[localnet stderr]: ${str}`);
          |               ^
      125 |     });
      126 |
      127 |     this.process.on("error", (err: Error) => {

      at Socket.error (src/cli/localNode.ts:124:15)

    console.log
      Completed generating configuration:
      	Log file: "/Users/andygmove/.movement/testnet/validator.log"
      	Test dir: "/Users/andygmove/.movement/testnet"
      	Aptos root key path: "/Users/andygmove/.movement/testnet/mint.key"
      	Waypoint: 0:69c93f50aa996c2f0cdffe25a01084b8f4682268d67cea8cee2a8d786a35e531
      	ChainId: 4
      	REST API endpoint: http://127.0.0.1:8080
      	Metrics endpoint: http://127.0.0.1:9101/metrics
      	Aptosnet fullnode network endpoint: /ip4/0.0.0.0/tcp/6181
      	Indexer gRPC node stream endpoint: 127.0.0.1:50051
      
      Aptos is running, press ctrl-c to exit

      at Socket.log (src/cli/localNode.ts:118:17)

    console.log
      Node API is ready. Endpoint: http://127.0.0.1:8080/

      at Socket.log (src/cli/localNode.ts:118:17)

    console.log
      Postgres is ready. Endpoint: postgres://postgres@127.0.0.1:5433/local_testnet

      at Socket.log (src/cli/localNode.ts:118:17)

    console.log
      Transaction stream is ready. Endpoint: http://127.0.0.1:50051/

      at Socket.log (src/cli/localNode.ts:118:17)

    console.log
      Faucet is ready. Endpoint: http://127.0.0.1:8081/

      at Socket.log (src/cli/localNode.ts:118:17)

    console.log
      Indexer API is ready. Endpoint: http://127.0.0.1:8090/

      at Socket.log (src/cli/localNode.ts:118:17)

    console.error
      [localnet stderr]: 
      Applying post startup steps...

      122 |     this.process.stderr?.on("data", (data: any) => {
      123 |       const str = data.toString();
    > 124 |       console.error(`[localnet stderr]: ${str}`);
          |               ^
      125 |     });
      126 |
      127 |     this.process.on("error", (err: Error) => {

      at Socket.error (src/cli/localNode.ts:124:15)

    console.error
      [localnet stderr]: 
      Setup is complete, you can now use the localnet!

      122 |     this.process.stderr?.on("data", (data: any) => {
      123 |       const str = data.toString();
    > 124 |       console.error(`[localnet stderr]: ${str}`);
          |               ^
      125 |     });
      126 |
      127 |     this.process.on("error", (err: Error) => {

      at Socket.error (src/cli/localNode.ts:124:15)

    console.log
      Stopping localnet...

      at Object.<anonymous> (tests/setupPerFile.cjs:41:13)

PASS tests/e2e/client/customClient.test.ts (19.28 s)
  ● Console

    console.log
      Starting localnet for test file...

      at Object.<anonymous> (tests/setupPerFile.cjs:15:11)

    console.log
      Starting localnet with command: movement node run-localnet --force-restart --assume-yes --with-indexer-api --do-not-delegate

      at LocalNode.log [as start] (src/cli/localNode.ts:110:13)

    console.log
      Loading verification key from JSON:
      {
        "type": "0x1::keyless_account::Groth16VerificationKey",
        "data": {
          "alpha_g1": "0xe2f26dbea299f5223b646cb1fb33eadb059d9407559d7441dfd902e3a79a4d2d",
          "beta_g2": "0xabb73dc17fbc13021e2471e0c08bd67d8401f52b73d6d07483794cad4778180e0c06f33bbc4c79a9cadef253a68084d382f17788f885c9afd176f7cb2f036789",
          "delta_g2": "0x6176de7d77e614e09ef5e8e19cbf785ffed405d6531cee13cd71a46e2b4ef30deb18f6976c172bdcd7ea8ab2b509991bb5ce34f9fbb42486b78aac62a894a480",
          "gamma_abc_g1": [
            "0x7e92d0c6818f2e51248cd1e8e82eb14521d990b0bb155ab0e3cf99b888bc5387",
            "0xbe1ad9f5fec081770956f846e1d0ea97219a3f6499acc33e1a67aef6d6e16898"
          ],
          "gamma_g2": "0xedf692d95cbdde46ddda5ef7d422436779445c5e66006a42761e1f12efde0018c212f3aeb785e49712e7a9353349aaf1255dfb31b7bf60723a480d9293938e19"
        }
      }

      at Socket.log (src/cli/localNode.ts:118:17)

    console.error
      [localnet stderr]:

      122 |     this.process.stderr?.on("data", (data: any) => {
      123 |       const str = data.toString();
    > 124 |       console.error(`[localnet stderr]: ${str}`);
          |               ^
      125 |     });
      126 |
      127 |     this.process.on("error", (err: Error) => {

      at Socket.error (src/cli/localNode.ts:124:15)

    console.log
      
      Readiness endpoint: http://127.0.0.1:8070/

      at Socket.log (src/cli/localNode.ts:118:17)

    console.log
      Postgres is starting, please wait...

      at Socket.log (src/cli/localNode.ts:118:17)

    console.log
      Transaction stream is starting, please wait...

      at Socket.log (src/cli/localNode.ts:118:17)

    console.log
      Faucet is starting, please wait...
      Indexer API is starting, please wait...
      Node API is starting, please wait...

      at Socket.log (src/cli/localNode.ts:118:17)

    console.error
      [localnet stderr]:

      122 |     this.process.stderr?.on("data", (data: any) => {
      123 |       const str = data.toString();
    > 124 |       console.error(`[localnet stderr]: ${str}`);
          |               ^
      125 |     });
      126 |
      127 |     this.process.on("error", (err: Error) => {

      at Socket.error (src/cli/localNode.ts:124:15)

    console.log
      Completed generating configuration:
      	Log file: "/Users/andygmove/.movement/testnet/validator.log"
      	Test dir: "/Users/andygmove/.movement/testnet"
      	Aptos root key path: "/Users/andygmove/.movement/testnet/mint.key"
      	Waypoint: 0:e7266ca4203c7a8f9f8cdcd76260451dfa285449b29f98dc8a64abdbb0941c1f
      	ChainId: 4
      	REST API endpoint: http://127.0.0.1:8080
      	Metrics endpoint: http://127.0.0.1:9101/metrics
      	Aptosnet fullnode network endpoint: /ip4/0.0.0.0/tcp/6181
      	Indexer gRPC node stream endpoint: 127.0.0.1:50051
      
      Aptos is running, press ctrl-c to exit

      at Socket.log (src/cli/localNode.ts:118:17)

    console.log
      Node API is ready. Endpoint: http://127.0.0.1:8080/

      at Socket.log (src/cli/localNode.ts:118:17)

    console.log
      Postgres is ready. Endpoint: postgres://postgres@127.0.0.1:5433/local_testnet

      at Socket.log (src/cli/localNode.ts:118:17)

    console.log
      Transaction stream is ready. Endpoint: http://127.0.0.1:50051/

      at Socket.log (src/cli/localNode.ts:118:17)

    console.log
      Faucet is ready. Endpoint: http://127.0.0.1:8081/

      at Socket.log (src/cli/localNode.ts:118:17)

    console.log
      Indexer API is ready. Endpoint: http://127.0.0.1:8090/

      at Socket.log (src/cli/localNode.ts:118:17)

    console.error
      [localnet stderr]: 
      Applying post startup steps...

      122 |     this.process.stderr?.on("data", (data: any) => {
      123 |       const str = data.toString();
    > 124 |       console.error(`[localnet stderr]: ${str}`);
          |               ^
      125 |     });
      126 |
      127 |     this.process.on("error", (err: Error) => {

      at Socket.error (src/cli/localNode.ts:124:15)

    console.error
      [localnet stderr]: 
      Setup is complete, you can now use the localnet!

      122 |     this.process.stderr?.on("data", (data: any) => {
      123 |       const str = data.toString();
    > 124 |       console.error(`[localnet stderr]: ${str}`);
          |               ^
      125 |     });
      126 |
      127 |     this.process.on("error", (err: Error) => {

      at Socket.error (src/cli/localNode.ts:124:15)

    console.log
      Stopping localnet...

      at Object.<anonymous> (tests/setupPerFile.cjs:41:13)

PASS tests/e2e/api/faucet.test.ts (20.182 s)
  ● Console

    console.log
      Starting localnet for test file...

      at Object.<anonymous> (tests/setupPerFile.cjs:15:11)

    console.log
      Starting localnet with command: movement node run-localnet --force-restart --assume-yes --with-indexer-api --do-not-delegate

      at LocalNode.log [as start] (src/cli/localNode.ts:110:13)

    console.log
      Loading verification key from JSON:
      {
        "type": "0x1::keyless_account::Groth16VerificationKey",
        "data": {
          "alpha_g1": "0xe2f26dbea299f5223b646cb1fb33eadb059d9407559d7441dfd902e3a79a4d2d",
          "beta_g2": "0xabb73dc17fbc13021e2471e0c08bd67d8401f52b73d6d07483794cad4778180e0c06f33bbc4c79a9cadef253a68084d382f17788f885c9afd176f7cb2f036789",
          "delta_g2": "0x6176de7d77e614e09ef5e8e19cbf785ffed405d6531cee13cd71a46e2b4ef30deb18f6976c172bdcd7ea8ab2b509991bb5ce34f9fbb42486b78aac62a894a480",
          "gamma_abc_g1": [
            "0x7e92d0c6818f2e51248cd1e8e82eb14521d990b0bb155ab0e3cf99b888bc5387",
            "0xbe1ad9f5fec081770956f846e1d0ea97219a3f6499acc33e1a67aef6d6e16898"
          ],
          "gamma_g2": "0xedf692d95cbdde46ddda5ef7d422436779445c5e66006a42761e1f12efde0018c212f3aeb785e49712e7a9353349aaf1255dfb31b7bf60723a480d9293938e19"
        }
      }

      at Socket.log (src/cli/localNode.ts:118:17)

    console.error
      [localnet stderr]:

      122 |     this.process.stderr?.on("data", (data: any) => {
      123 |       const str = data.toString();
    > 124 |       console.error(`[localnet stderr]: ${str}`);
          |               ^
      125 |     });
      126 |
      127 |     this.process.on("error", (err: Error) => {

      at Socket.error (src/cli/localNode.ts:124:15)

    console.log
      
      Readiness endpoint: http://127.0.0.1:8070/

      at Socket.log (src/cli/localNode.ts:118:17)

    console.log
      Faucet is starting, please wait...
      Indexer API is starting, please wait...
      Node API is starting, please wait...
      Postgres is starting, please wait...
      Transaction stream is starting, please wait...

      at Socket.log (src/cli/localNode.ts:118:17)

    console.error
      [localnet stderr]:

      122 |     this.process.stderr?.on("data", (data: any) => {
      123 |       const str = data.toString();
    > 124 |       console.error(`[localnet stderr]: ${str}`);
          |               ^
      125 |     });
      126 |
      127 |     this.process.on("error", (err: Error) => {

      at Socket.error (src/cli/localNode.ts:124:15)

    console.log
      Completed generating configuration:
      	Log file: "/Users/andygmove/.movement/testnet/validator.log"
      	Test dir: "/Users/andygmove/.movement/testnet"
      	Aptos root key path: "/Users/andygmove/.movement/testnet/mint.key"

      at Socket.log (src/cli/localNode.ts:118:17)

    console.log
      	Waypoint: 0:e6eb2e236c1934a182124517153878452460c113259e08abce43a055db12b4d1
      	ChainId: 4
      	REST API endpoint: http://127.0.0.1:8080
      	Metrics endpoint: http://127.0.0.1:9101/metrics
      	Aptosnet fullnode network endpoint: /ip4/0.0.0.0/tcp/6181
      	Indexer gRPC node stream endpoint: 127.0.0.1:50051
      
      Aptos is running, press ctrl-c to exit

      at Socket.log (src/cli/localNode.ts:118:17)

    console.log
      Node API is ready. Endpoint: http://127.0.0.1:8080/

      at Socket.log (src/cli/localNode.ts:118:17)

    console.log
      Postgres is ready. Endpoint: postgres://postgres@127.0.0.1:5433/local_testnet

      at Socket.log (src/cli/localNode.ts:118:17)

    console.log
      Transaction stream is ready. Endpoint: http://127.0.0.1:50051/

      at Socket.log (src/cli/localNode.ts:118:17)

    console.log
      Faucet is ready. Endpoint: http://127.0.0.1:8081/

      at Socket.log (src/cli/localNode.ts:118:17)

    console.log
      Indexer API is ready. Endpoint: http://127.0.0.1:8090/

      at Socket.log (src/cli/localNode.ts:118:17)

    console.error
      [localnet stderr]: 
      Applying post startup steps...

      122 |     this.process.stderr?.on("data", (data: any) => {
      123 |       const str = data.toString();
    > 124 |       console.error(`[localnet stderr]: ${str}`);
          |               ^
      125 |     });
      126 |
      127 |     this.process.on("error", (err: Error) => {

      at Socket.error (src/cli/localNode.ts:124:15)

    console.error
      [localnet stderr]: 
      Setup is complete, you can now use the localnet!

      122 |     this.process.stderr?.on("data", (data: any) => {
      123 |       const str = data.toString();
    > 124 |       console.error(`[localnet stderr]: ${str}`);
          |               ^
      125 |     });
      126 |
      127 |     this.process.on("error", (err: Error) => {

      at Socket.error (src/cli/localNode.ts:124:15)

    console.log
      Stopping localnet...

      at Object.<anonymous> (tests/setupPerFile.cjs:41:13)

PASS tests/unit/movementConfig.test.ts (18.011 s)
  ● Console

    console.log
      Starting localnet for test file...

      at Object.<anonymous> (tests/setupPerFile.cjs:15:11)

    console.log
      Starting localnet with command: movement node run-localnet --force-restart --assume-yes --with-indexer-api --do-not-delegate

      at LocalNode.log [as start] (src/cli/localNode.ts:110:13)

    console.log
      Loading verification key from JSON:
      {
        "type": "0x1::keyless_account::Groth16VerificationKey",
        "data": {
          "alpha_g1": "0xe2f26dbea299f5223b646cb1fb33eadb059d9407559d7441dfd902e3a79a4d2d",
          "beta_g2": "0xabb73dc17fbc13021e2471e0c08bd67d8401f52b73d6d07483794cad4778180e0c06f33bbc4c79a9cadef253a68084d382f17788f885c9afd176f7cb2f036789",
          "delta_g2": "0x6176de7d77e614e09ef5e8e19cbf785ffed405d6531cee13cd71a46e2b4ef30deb18f6976c172bdcd7ea8ab2b509991bb5ce34f9fbb42486b78aac62a894a480",
          "gamma_abc_g1": [
            "0x7e92d0c6818f2e51248cd1e8e82eb14521d990b0bb155ab0e3cf99b888bc5387",
            "0xbe1ad9f5fec081770956f846e1d0ea97219a3f6499acc33e1a67aef6d6e16898"
          ],
          "gamma_g2": "0xedf692d95cbdde46ddda5ef7d422436779445c5e66006a42761e1f12efde0018c212f3aeb785e49712e7a9353349aaf1255dfb31b7bf60723a480d9293938e19"
        }
      }

      at Socket.log (src/cli/localNode.ts:118:17)

    console.error
      [localnet stderr]:

      122 |     this.process.stderr?.on("data", (data: any) => {
      123 |       const str = data.toString();
    > 124 |       console.error(`[localnet stderr]: ${str}`);
          |               ^
      125 |     });
      126 |
      127 |     this.process.on("error", (err: Error) => {

      at Socket.error (src/cli/localNode.ts:124:15)

    console.log
      
      Readiness endpoint: http://127.0.0.1:8070/

      at Socket.log (src/cli/localNode.ts:118:17)

    console.log
      Indexer API is starting, please wait...
      Postgres is starting, please wait...
      Node API is starting, please wait...

      at Socket.log (src/cli/localNode.ts:118:17)

    console.log
      Transaction stream is starting, please wait...
      Faucet is starting, please wait...

      at Socket.log (src/cli/localNode.ts:118:17)

    console.error
      [localnet stderr]:

      122 |     this.process.stderr?.on("data", (data: any) => {
      123 |       const str = data.toString();
    > 124 |       console.error(`[localnet stderr]: ${str}`);
          |               ^
      125 |     });
      126 |
      127 |     this.process.on("error", (err: Error) => {

      at Socket.error (src/cli/localNode.ts:124:15)

    console.log
      Completed generating configuration:
      	Log file: "/Users/andygmove/.movement/testnet/validator.log"
      	Test dir: "/Users/andygmove/.movement/testnet"
      	Aptos root key path: "/Users/andygmove/.movement/testnet/mint.key"
      	Waypoint: 0:bf0d709d3cd34279cb81bd358afe0918afeb9621dad71ba77829d6601436dbf3
      	ChainId: 4
      	REST API endpoint: http://127.0.0.1:8080
      	Metrics endpoint: http://127.0.0.1:9101/metrics
      	Aptosnet fullnode network endpoint: /ip4/0.0.0.0/tcp/6181
      	Indexer gRPC node stream endpoint: 127.0.0.1:50051
      
      Aptos is running, press ctrl-c to exit

      at Socket.log (src/cli/localNode.ts:118:17)

    console.log
      Node API is ready. Endpoint: http://127.0.0.1:8080/

      at Socket.log (src/cli/localNode.ts:118:17)

    console.log
      Postgres is ready. Endpoint: postgres://postgres@127.0.0.1:5433/local_testnet

      at Socket.log (src/cli/localNode.ts:118:17)

    console.log
      Transaction stream is ready. Endpoint: http://127.0.0.1:50051/

      at Socket.log (src/cli/localNode.ts:118:17)

    console.log
      Faucet is ready. Endpoint: http://127.0.0.1:8081/

      at Socket.log (src/cli/localNode.ts:118:17)

    console.log
      Indexer API is ready. Endpoint: http://127.0.0.1:8090/

      at Socket.log (src/cli/localNode.ts:118:17)

    console.error
      [localnet stderr]: 
      Applying post startup steps...

      122 |     this.process.stderr?.on("data", (data: any) => {
      123 |       const str = data.toString();
    > 124 |       console.error(`[localnet stderr]: ${str}`);
          |               ^
      125 |     });
      126 |
      127 |     this.process.on("error", (err: Error) => {

      at Socket.error (src/cli/localNode.ts:124:15)

    console.error
      [localnet stderr]: 
      Setup is complete, you can now use the localnet!

      122 |     this.process.stderr?.on("data", (data: any) => {
      123 |       const str = data.toString();
    > 124 |       console.error(`[localnet stderr]: ${str}`);
          |               ^
      125 |     });
      126 |
      127 |     this.process.on("error", (err: Error) => {

      at Socket.error (src/cli/localNode.ts:124:15)

    console.info
      Note: using CUSTOM network will require queries to lookup ChainId

      at new info (src/internal/general.ts:160:15)

    console.log
      Stopping localnet...

      at Object.<anonymous> (tests/setupPerFile.cjs:41:13)

PASS tests/e2e/client/get.test.ts (18.145 s)
  ● Console

    console.log
      Starting localnet for test file...

      at Object.<anonymous> (tests/setupPerFile.cjs:15:11)

    console.log
      Starting localnet with command: movement node run-localnet --force-restart --assume-yes --with-indexer-api --do-not-delegate

      at LocalNode.log [as start] (src/cli/localNode.ts:110:13)

    console.log
      Loading verification key from JSON:
      {
        "type": "0x1::keyless_account::Groth16VerificationKey",
        "data": {
          "alpha_g1": "0xe2f26dbea299f5223b646cb1fb33eadb059d9407559d7441dfd902e3a79a4d2d",
          "beta_g2": "0xabb73dc17fbc13021e2471e0c08bd67d8401f52b73d6d07483794cad4778180e0c06f33bbc4c79a9cadef253a68084d382f17788f885c9afd176f7cb2f036789",
          "delta_g2": "0x6176de7d77e614e09ef5e8e19cbf785ffed405d6531cee13cd71a46e2b4ef30deb18f6976c172bdcd7ea8ab2b509991bb5ce34f9fbb42486b78aac62a894a480",
          "gamma_abc_g1": [
            "0x7e92d0c6818f2e51248cd1e8e82eb14521d990b0bb155ab0e3cf99b888bc5387",
            "0xbe1ad9f5fec081770956f846e1d0ea97219a3f6499acc33e1a67aef6d6e16898"
          ],
          "gamma_g2": "0xedf692d95cbdde46ddda5ef7d422436779445c5e66006a42761e1f12efde0018c212f3aeb785e49712e7a9353349aaf1255dfb31b7bf60723a480d9293938e19"
        }
      }

      at Socket.log (src/cli/localNode.ts:118:17)

    console.error
      [localnet stderr]:

      122 |     this.process.stderr?.on("data", (data: any) => {
      123 |       const str = data.toString();
    > 124 |       console.error(`[localnet stderr]: ${str}`);
          |               ^
      125 |     });
      126 |
      127 |     this.process.on("error", (err: Error) => {

      at Socket.error (src/cli/localNode.ts:124:15)

    console.log
      
      Readiness endpoint: http://127.0.0.1:8070/

      at Socket.log (src/cli/localNode.ts:118:17)

    console.log
      Transaction stream is starting, please wait...
      Indexer API is starting, please wait...
      Node API is starting, please wait...
      Postgres is starting, please wait...
      Faucet is starting, please wait...

      at Socket.log (src/cli/localNode.ts:118:17)

    console.error
      [localnet stderr]:

      122 |     this.process.stderr?.on("data", (data: any) => {
      123 |       const str = data.toString();
    > 124 |       console.error(`[localnet stderr]: ${str}`);
          |               ^
      125 |     });
      126 |
      127 |     this.process.on("error", (err: Error) => {

      at Socket.error (src/cli/localNode.ts:124:15)

    console.log
      Completed generating configuration:
      	Log file: "/Users/andygmove/.movement/testnet/validator.log"
      	Test dir: "/Users/andygmove/.movement/testnet"
      	Aptos root key path: "/Users/andygmove/.movement/testnet/mint.key"
      	Waypoint: 0:4e6a451f710cff7f3d8fe0158a125af411a838322c6a1ad4c0c60771a0a6da73
      	ChainId: 4
      	REST API endpoint: http://127.0.0.1:8080
      	Metrics endpoint: http://127.0.0.1:9101/metrics
      	Aptosnet fullnode network endpoint: /ip4/0.0.0.0/tcp/6181
      	Indexer gRPC node stream endpoint: 127.0.0.1:50051
      
      Aptos is running, press ctrl-c to exit

      at Socket.log (src/cli/localNode.ts:118:17)

    console.log
      Node API is ready. Endpoint: http://127.0.0.1:8080/

      at Socket.log (src/cli/localNode.ts:118:17)

    console.log
      Postgres is ready. Endpoint: postgres://postgres@127.0.0.1:5433/local_testnet

      at Socket.log (src/cli/localNode.ts:118:17)

    console.log
      Transaction stream is ready. Endpoint: http://127.0.0.1:50051/

      at Socket.log (src/cli/localNode.ts:118:17)

    console.log
      Faucet is ready. Endpoint: http://127.0.0.1:8081/

      at Socket.log (src/cli/localNode.ts:118:17)

    console.log
      Indexer API is ready. Endpoint: http://127.0.0.1:8090/

      at Socket.log (src/cli/localNode.ts:118:17)

    console.error
      [localnet stderr]: 
      Applying post startup steps...

      122 |     this.process.stderr?.on("data", (data: any) => {
      123 |       const str = data.toString();
    > 124 |       console.error(`[localnet stderr]: ${str}`);
          |               ^
      125 |     });
      126 |
      127 |     this.process.on("error", (err: Error) => {

      at Socket.error (src/cli/localNode.ts:124:15)

    console.error
      [localnet stderr]: 
      Setup is complete, you can now use the localnet!

      122 |     this.process.stderr?.on("data", (data: any) => {
      123 |       const str = data.toString();
    > 124 |       console.error(`[localnet stderr]: ${str}`);
          |               ^
      125 |     });
      126 |
      127 |     this.process.on("error", (err: Error) => {

      at Socket.error (src/cli/localNode.ts:124:15)

    console.log
      Stopping localnet...

      at Object.<anonymous> (tests/setupPerFile.cjs:41:13)

PASS tests/unit/deserializer.test.ts (18.036 s)
  ● Console

    console.log
      Starting localnet for test file...

      at Object.<anonymous> (tests/setupPerFile.cjs:15:11)

    console.log
      Starting localnet with command: movement node run-localnet --force-restart --assume-yes --with-indexer-api --do-not-delegate

      at LocalNode.log [as start] (src/cli/localNode.ts:110:13)

    console.log
      Loading verification key from JSON:
      {
        "type": "0x1::keyless_account::Groth16VerificationKey",
        "data": {
          "alpha_g1": "0xe2f26dbea299f5223b646cb1fb33eadb059d9407559d7441dfd902e3a79a4d2d",
          "beta_g2": "0xabb73dc17fbc13021e2471e0c08bd67d8401f52b73d6d07483794cad4778180e0c06f33bbc4c79a9cadef253a68084d382f17788f885c9afd176f7cb2f036789",
          "delta_g2": "0x6176de7d77e614e09ef5e8e19cbf785ffed405d6531cee13cd71a46e2b4ef30deb18f6976c172bdcd7ea8ab2b509991bb5ce34f9fbb42486b78aac62a894a480",
          "gamma_abc_g1": [
            "0x7e92d0c6818f2e51248cd1e8e82eb14521d990b0bb155ab0e3cf99b888bc5387",
            "0xbe1ad9f5fec081770956f846e1d0ea97219a3f6499acc33e1a67aef6d6e16898"
          ],
          "gamma_g2": "0xedf692d95cbdde46ddda5ef7d422436779445c5e66006a42761e1f12efde0018c212f3aeb785e49712e7a9353349aaf1255dfb31b7bf60723a480d9293938e19"
        }
      }

      at Socket.log (src/cli/localNode.ts:118:17)

    console.error
      [localnet stderr]:

      122 |     this.process.stderr?.on("data", (data: any) => {
      123 |       const str = data.toString();
    > 124 |       console.error(`[localnet stderr]: ${str}`);
          |               ^
      125 |     });
      126 |
      127 |     this.process.on("error", (err: Error) => {

      at Socket.error (src/cli/localNode.ts:124:15)

    console.log
      
      Readiness endpoint: http://127.0.0.1:8070/

      at Socket.log (src/cli/localNode.ts:118:17)

    console.log
      Node API is starting, please wait...

      at Socket.log (src/cli/localNode.ts:118:17)

    console.log
      Postgres is starting, please wait...
      Transaction stream is starting, please wait...
      Indexer API is starting, please wait...
      Faucet is starting, please wait...
      Completed generating configuration:
      	Log file: "/Users/andygmove/.movement/testnet/validator.log"
      	Test dir: "/Users/andygmove/.movement/testnet"

      at Socket.log (src/cli/localNode.ts:118:17)

    console.error
      [localnet stderr]:

      122 |     this.process.stderr?.on("data", (data: any) => {
      123 |       const str = data.toString();
    > 124 |       console.error(`[localnet stderr]: ${str}`);
          |               ^
      125 |     });
      126 |
      127 |     this.process.on("error", (err: Error) => {

      at Socket.error (src/cli/localNode.ts:124:15)

    console.log
      	Aptos root key path: "/Users/andygmove/.movement/testnet/mint.key"
      	Waypoint: 0:738cd28988747e51d464a8e031de4fd586366598fcad834bb8f1d891d3875490
      	ChainId: 4
      	REST API endpoint: http://127.0.0.1:8080
      	Metrics endpoint: http://127.0.0.1:9101/metrics
      	Aptosnet fullnode network endpoint: /ip4/0.0.0.0/tcp/6181
      	Indexer gRPC node stream endpoint: 127.0.0.1:50051
      
      Aptos is running, press ctrl-c to exit

      at Socket.log (src/cli/localNode.ts:118:17)

    console.log
      Node API is ready. Endpoint: http://127.0.0.1:8080/

      at Socket.log (src/cli/localNode.ts:118:17)

    console.log
      Postgres is ready. Endpoint: postgres://postgres@127.0.0.1:5433/local_testnet

      at Socket.log (src/cli/localNode.ts:118:17)

    console.log
      Transaction stream is ready. Endpoint: http://127.0.0.1:50051/

      at Socket.log (src/cli/localNode.ts:118:17)

    console.log
      Faucet is ready. Endpoint: http://127.0.0.1:8081/

      at Socket.log (src/cli/localNode.ts:118:17)

    console.log
      Indexer API is ready. Endpoint: http://127.0.0.1:8090/

      at Socket.log (src/cli/localNode.ts:118:17)

    console.error
      [localnet stderr]: 
      Applying post startup steps...

      122 |     this.process.stderr?.on("data", (data: any) => {
      123 |       const str = data.toString();
    > 124 |       console.error(`[localnet stderr]: ${str}`);
          |               ^
      125 |     });
      126 |
      127 |     this.process.on("error", (err: Error) => {

      at Socket.error (src/cli/localNode.ts:124:15)

    console.error
      [localnet stderr]: 
      Setup is complete, you can now use the localnet!

      122 |     this.process.stderr?.on("data", (data: any) => {
      123 |       const str = data.toString();
    > 124 |       console.error(`[localnet stderr]: ${str}`);
          |               ^
      125 |     });
      126 |
      127 |     this.process.on("error", (err: Error) => {

      at Socket.error (src/cli/localNode.ts:124:15)

    console.log
      Stopping localnet...

      at Object.<anonymous> (tests/setupPerFile.cjs:41:13)

PASS tests/e2e/api/general.test.ts (19.395 s)
  ● Console

    console.log
      Starting localnet for test file...

      at Object.<anonymous> (tests/setupPerFile.cjs:15:11)

    console.log
      Starting localnet with command: movement node run-localnet --force-restart --assume-yes --with-indexer-api --do-not-delegate

      at LocalNode.log [as start] (src/cli/localNode.ts:110:13)

    console.log
      Loading verification key from JSON:
      {
        "type": "0x1::keyless_account::Groth16VerificationKey",
        "data": {
          "alpha_g1": "0xe2f26dbea299f5223b646cb1fb33eadb059d9407559d7441dfd902e3a79a4d2d",
          "beta_g2": "0xabb73dc17fbc13021e2471e0c08bd67d8401f52b73d6d07483794cad4778180e0c06f33bbc4c79a9cadef253a68084d382f17788f885c9afd176f7cb2f036789",
          "delta_g2": "0x6176de7d77e614e09ef5e8e19cbf785ffed405d6531cee13cd71a46e2b4ef30deb18f6976c172bdcd7ea8ab2b509991bb5ce34f9fbb42486b78aac62a894a480",
          "gamma_abc_g1": [
            "0x7e92d0c6818f2e51248cd1e8e82eb14521d990b0bb155ab0e3cf99b888bc5387",
            "0xbe1ad9f5fec081770956f846e1d0ea97219a3f6499acc33e1a67aef6d6e16898"
          ],
          "gamma_g2": "0xedf692d95cbdde46ddda5ef7d422436779445c5e66006a42761e1f12efde0018c212f3aeb785e49712e7a9353349aaf1255dfb31b7bf60723a480d9293938e19"
        }
      }

      at Socket.log (src/cli/localNode.ts:118:17)

    console.error
      [localnet stderr]:

      122 |     this.process.stderr?.on("data", (data: any) => {
      123 |       const str = data.toString();
    > 124 |       console.error(`[localnet stderr]: ${str}`);
          |               ^
      125 |     });
      126 |
      127 |     this.process.on("error", (err: Error) => {

      at Socket.error (src/cli/localNode.ts:124:15)

    console.log
      
      Readiness endpoint: http://127.0.0.1:8070/

      at Socket.log (src/cli/localNode.ts:118:17)

    console.log
      Faucet is starting, please wait...
      Transaction stream is starting, please wait...

      at Socket.log (src/cli/localNode.ts:118:17)

    console.log
      Node API is starting, please wait...

      at Socket.log (src/cli/localNode.ts:118:17)

    console.log
      Indexer API is starting, please wait...

      at Socket.log (src/cli/localNode.ts:118:17)

    console.log
      Postgres is starting, please wait...
      Completed generating configuration:
      	Log file: "/Users/andygmove/.movement/testnet/validator.log"
      	Test dir: "/Users/andygmove/.movement/testnet"
      	Aptos root key path: "/Users/andygmove/.movement/testnet/mint.key"
      	Waypoint: 0:c7244416f7742b2231cdf3b1159fb1080162163b16c9ba2a68146af9324f585a
      	ChainId: 4
      	REST API endpoint: http://127.0.0.1:8080
      	Metrics endpoint: http://127.0.0.1:9101/metrics

      at Socket.log (src/cli/localNode.ts:118:17)

    console.error
      [localnet stderr]:

      122 |     this.process.stderr?.on("data", (data: any) => {
      123 |       const str = data.toString();
    > 124 |       console.error(`[localnet stderr]: ${str}`);
          |               ^
      125 |     });
      126 |
      127 |     this.process.on("error", (err: Error) => {

      at Socket.error (src/cli/localNode.ts:124:15)

    console.log
      	Aptosnet fullnode network endpoint: /ip4/0.0.0.0/tcp/6181
      	Indexer gRPC node stream endpoint: 127.0.0.1:50051
      
      Aptos is running, press ctrl-c to exit

      at Socket.log (src/cli/localNode.ts:118:17)

    console.log
      Node API is ready. Endpoint: http://127.0.0.1:8080/

      at Socket.log (src/cli/localNode.ts:118:17)

    console.log
      Postgres is ready. Endpoint: postgres://postgres@127.0.0.1:5433/local_testnet

      at Socket.log (src/cli/localNode.ts:118:17)

    console.log
      Transaction stream is ready. Endpoint: http://127.0.0.1:50051/

      at Socket.log (src/cli/localNode.ts:118:17)

    console.log
      Faucet is ready. Endpoint: http://127.0.0.1:8081/

      at Socket.log (src/cli/localNode.ts:118:17)

    console.log
      Indexer API is ready. Endpoint: http://127.0.0.1:8090/

      at Socket.log (src/cli/localNode.ts:118:17)

    console.error
      [localnet stderr]: 
      Applying post startup steps...

      122 |     this.process.stderr?.on("data", (data: any) => {
      123 |       const str = data.toString();
    > 124 |       console.error(`[localnet stderr]: ${str}`);
          |               ^
      125 |     });
      126 |
      127 |     this.process.on("error", (err: Error) => {

      at Socket.error (src/cli/localNode.ts:124:15)

    console.error
      [localnet stderr]: 
      Setup is complete, you can now use the localnet!

      122 |     this.process.stderr?.on("data", (data: any) => {
      123 |       const str = data.toString();
    > 124 |       console.error(`[localnet stderr]: ${str}`);
          |               ^
      125 |     });
      126 |
      127 |     this.process.on("error", (err: Error) => {

      at Socket.error (src/cli/localNode.ts:124:15)

    console.log
      Stopping localnet...

      at Object.<anonymous> (tests/setupPerFile.cjs:41:13)

PASS tests/unit/multiEd25519.test.ts (17.483 s)
  ● Console

    console.log
      Starting localnet for test file...

      at Object.<anonymous> (tests/setupPerFile.cjs:15:11)

    console.log
      Starting localnet with command: movement node run-localnet --force-restart --assume-yes --with-indexer-api --do-not-delegate

      at LocalNode.log [as start] (src/cli/localNode.ts:110:13)

    console.log
      Loading verification key from JSON:
      {
        "type": "0x1::keyless_account::Groth16VerificationKey",
        "data": {
          "alpha_g1": "0xe2f26dbea299f5223b646cb1fb33eadb059d9407559d7441dfd902e3a79a4d2d",
          "beta_g2": "0xabb73dc17fbc13021e2471e0c08bd67d8401f52b73d6d07483794cad4778180e0c06f33bbc4c79a9cadef253a68084d382f17788f885c9afd176f7cb2f036789",
          "delta_g2": "0x6176de7d77e614e09ef5e8e19cbf785ffed405d6531cee13cd71a46e2b4ef30deb18f6976c172bdcd7ea8ab2b509991bb5ce34f9fbb42486b78aac62a894a480",
          "gamma_abc_g1": [
            "0x7e92d0c6818f2e51248cd1e8e82eb14521d990b0bb155ab0e3cf99b888bc5387",
            "0xbe1ad9f5fec081770956f846e1d0ea97219a3f6499acc33e1a67aef6d6e16898"
          ],
          "gamma_g2": "0xedf692d95cbdde46ddda5ef7d422436779445c5e66006a42761e1f12efde0018c212f3aeb785e49712e7a9353349aaf1255dfb31b7bf60723a480d9293938e19"
        }
      }

      at Socket.log (src/cli/localNode.ts:118:17)

    console.error
      [localnet stderr]:

      122 |     this.process.stderr?.on("data", (data: any) => {
      123 |       const str = data.toString();
    > 124 |       console.error(`[localnet stderr]: ${str}`);
          |               ^
      125 |     });
      126 |
      127 |     this.process.on("error", (err: Error) => {

      at Socket.error (src/cli/localNode.ts:124:15)

    console.log
      
      Readiness endpoint: http://127.0.0.1:8070/

      at Socket.log (src/cli/localNode.ts:118:17)

    console.log
      Indexer API is starting, please wait...
      Transaction stream is starting, please wait...
      Faucet is starting, please wait...
      Node API is starting, please wait...

      at Socket.log (src/cli/localNode.ts:118:17)

    console.log
      Postgres is starting, please wait...
      Completed generating configuration:
      	Log file: "/Users/andygmove/.movement/testnet/validator.log"
      	Test dir: "/Users/andygmove/.movement/testnet"
      	Aptos root key path: "/Users/andygmove/.movement/testnet/mint.key"

      at Socket.log (src/cli/localNode.ts:118:17)

    console.error
      [localnet stderr]:

      122 |     this.process.stderr?.on("data", (data: any) => {
      123 |       const str = data.toString();
    > 124 |       console.error(`[localnet stderr]: ${str}`);
          |               ^
      125 |     });
      126 |
      127 |     this.process.on("error", (err: Error) => {

      at Socket.error (src/cli/localNode.ts:124:15)

    console.log
      	Waypoint: 0:bde06dbbbfa32d375bf0d2e0e595f44926ce59758720e859551505664bb70f07
      	ChainId: 4
      	REST API endpoint: http://127.0.0.1:8080
      	Metrics endpoint: http://127.0.0.1:9101/metrics
      	Aptosnet fullnode network endpoint: /ip4/0.0.0.0/tcp/6181
      	Indexer gRPC node stream endpoint: 127.0.0.1:50051
      
      Aptos is running, press ctrl-c to exit

      at Socket.log (src/cli/localNode.ts:118:17)

    console.log
      Node API is ready. Endpoint: http://127.0.0.1:8080/

      at Socket.log (src/cli/localNode.ts:118:17)

    console.log
      Postgres is ready. Endpoint: postgres://postgres@127.0.0.1:5433/local_testnet

      at Socket.log (src/cli/localNode.ts:118:17)

    console.log
      Transaction stream is ready. Endpoint: http://127.0.0.1:50051/

      at Socket.log (src/cli/localNode.ts:118:17)

    console.log
      Faucet is ready. Endpoint: http://127.0.0.1:8081/

      at Socket.log (src/cli/localNode.ts:118:17)

    console.log
      Indexer API is ready. Endpoint: http://127.0.0.1:8090/

      at Socket.log (src/cli/localNode.ts:118:17)

    console.error
      [localnet stderr]: 
      Applying post startup steps...

      122 |     this.process.stderr?.on("data", (data: any) => {
      123 |       const str = data.toString();
    > 124 |       console.error(`[localnet stderr]: ${str}`);
          |               ^
      125 |     });
      126 |
      127 |     this.process.on("error", (err: Error) => {

      at Socket.error (src/cli/localNode.ts:124:15)

    console.error
      [localnet stderr]: 
      Setup is complete, you can now use the localnet!

      122 |     this.process.stderr?.on("data", (data: any) => {
      123 |       const str = data.toString();
    > 124 |       console.error(`[localnet stderr]: ${str}`);
          |               ^
      125 |     });
      126 |
      127 |     this.process.on("error", (err: Error) => {

      at Socket.error (src/cli/localNode.ts:124:15)

    console.log
      Stopping localnet...

      at Object.<anonymous> (tests/setupPerFile.cjs:41:13)

PASS tests/unit/account.test.ts (18.128 s)
  ● Console

    console.log
      Starting localnet for test file...

      at Object.<anonymous> (tests/setupPerFile.cjs:15:11)

    console.log
      Starting localnet with command: movement node run-localnet --force-restart --assume-yes --with-indexer-api --do-not-delegate

      at LocalNode.log [as start] (src/cli/localNode.ts:110:13)

    console.log
      Loading verification key from JSON:
      {
        "type": "0x1::keyless_account::Groth16VerificationKey",
        "data": {
          "alpha_g1": "0xe2f26dbea299f5223b646cb1fb33eadb059d9407559d7441dfd902e3a79a4d2d",
          "beta_g2": "0xabb73dc17fbc13021e2471e0c08bd67d8401f52b73d6d07483794cad4778180e0c06f33bbc4c79a9cadef253a68084d382f17788f885c9afd176f7cb2f036789",
          "delta_g2": "0x6176de7d77e614e09ef5e8e19cbf785ffed405d6531cee13cd71a46e2b4ef30deb18f6976c172bdcd7ea8ab2b509991bb5ce34f9fbb42486b78aac62a894a480",
          "gamma_abc_g1": [
            "0x7e92d0c6818f2e51248cd1e8e82eb14521d990b0bb155ab0e3cf99b888bc5387",
            "0xbe1ad9f5fec081770956f846e1d0ea97219a3f6499acc33e1a67aef6d6e16898"
          ],
          "gamma_g2": "0xedf692d95cbdde46ddda5ef7d422436779445c5e66006a42761e1f12efde0018c212f3aeb785e49712e7a9353349aaf1255dfb31b7bf60723a480d9293938e19"
        }
      }

      at Socket.log (src/cli/localNode.ts:118:17)

    console.error
      [localnet stderr]:

      122 |     this.process.stderr?.on("data", (data: any) => {
      123 |       const str = data.toString();
    > 124 |       console.error(`[localnet stderr]: ${str}`);
          |               ^
      125 |     });
      126 |
      127 |     this.process.on("error", (err: Error) => {

      at Socket.error (src/cli/localNode.ts:124:15)

    console.log
      
      Readiness endpoint: http://127.0.0.1:8070/

      at Socket.log (src/cli/localNode.ts:118:17)

    console.log
      Faucet is starting, please wait...
      Transaction stream is starting, please wait...

      at Socket.log (src/cli/localNode.ts:118:17)

    console.log
      Indexer API is starting, please wait...
      Node API is starting, please wait...
      Postgres is starting, please wait...

      at Socket.log (src/cli/localNode.ts:118:17)

    console.error
      [localnet stderr]:

      122 |     this.process.stderr?.on("data", (data: any) => {
      123 |       const str = data.toString();
    > 124 |       console.error(`[localnet stderr]: ${str}`);
          |               ^
      125 |     });
      126 |
      127 |     this.process.on("error", (err: Error) => {

      at Socket.error (src/cli/localNode.ts:124:15)

    console.log
      Completed generating configuration:
      	Log file: "/Users/andygmove/.movement/testnet/validator.log"
      	Test dir: "/Users/andygmove/.movement/testnet"
      	Aptos root key path: "/Users/andygmove/.movement/testnet/mint.key"
      	Waypoint: 0:151e6b7eb50ee46a2663248d6d2b1d68e9bfcd7d42cef37385cfe5a56ffab2b8
      	ChainId: 4
      	REST API endpoint: http://127.0.0.1:8080
      	Metrics endpoint: http://127.0.0.1:9101/metrics
      	Aptosnet fullnode network endpoint: /ip4/0.0.0.0/tcp/6181
      	Indexer gRPC node stream endpoint: 127.0.0.1:50051
      
      Aptos is running, press ctrl-c to exit

      at Socket.log (src/cli/localNode.ts:118:17)

    console.log
      Node API is ready. Endpoint: http://127.0.0.1:8080/

      at Socket.log (src/cli/localNode.ts:118:17)

    console.log
      Postgres is ready. Endpoint: postgres://postgres@127.0.0.1:5433/local_testnet

      at Socket.log (src/cli/localNode.ts:118:17)

    console.log
      Transaction stream is ready. Endpoint: http://127.0.0.1:50051/

      at Socket.log (src/cli/localNode.ts:118:17)

    console.log
      Faucet is ready. Endpoint: http://127.0.0.1:8081/

      at Socket.log (src/cli/localNode.ts:118:17)

    console.log
      Indexer API is ready. Endpoint: http://127.0.0.1:8090/

      at Socket.log (src/cli/localNode.ts:118:17)

    console.error
      [localnet stderr]: 
      Applying post startup steps...

      122 |     this.process.stderr?.on("data", (data: any) => {
      123 |       const str = data.toString();
    > 124 |       console.error(`[localnet stderr]: ${str}`);
          |               ^
      125 |     });
      126 |
      127 |     this.process.on("error", (err: Error) => {

      at Socket.error (src/cli/localNode.ts:124:15)

    console.error
      [localnet stderr]: 
      Setup is complete, you can now use the localnet!

      122 |     this.process.stderr?.on("data", (data: any) => {
      123 |       const str = data.toString();
    > 124 |       console.error(`[localnet stderr]: ${str}`);
          |               ^
      125 |     });
      126 |
      127 |     this.process.on("error", (err: Error) => {

      at Socket.error (src/cli/localNode.ts:124:15)

    console.log
      Stopping localnet...

      at Object.<anonymous> (tests/setupPerFile.cjs:41:13)

PASS tests/unit/authenticationKey.test.ts (18.591 s)
  ● Console

    console.log
      Starting localnet for test file...

      at Object.<anonymous> (tests/setupPerFile.cjs:15:11)

    console.log
      Starting localnet with command: movement node run-localnet --force-restart --assume-yes --with-indexer-api --do-not-delegate

      at LocalNode.log [as start] (src/cli/localNode.ts:110:13)

    console.log
      Loading verification key from JSON:
      {
        "type": "0x1::keyless_account::Groth16VerificationKey",
        "data": {
          "alpha_g1": "0xe2f26dbea299f5223b646cb1fb33eadb059d9407559d7441dfd902e3a79a4d2d",
          "beta_g2": "0xabb73dc17fbc13021e2471e0c08bd67d8401f52b73d6d07483794cad4778180e0c06f33bbc4c79a9cadef253a68084d382f17788f885c9afd176f7cb2f036789",
          "delta_g2": "0x6176de7d77e614e09ef5e8e19cbf785ffed405d6531cee13cd71a46e2b4ef30deb18f6976c172bdcd7ea8ab2b509991bb5ce34f9fbb42486b78aac62a894a480",
          "gamma_abc_g1": [
            "0x7e92d0c6818f2e51248cd1e8e82eb14521d990b0bb155ab0e3cf99b888bc5387",
            "0xbe1ad9f5fec081770956f846e1d0ea97219a3f6499acc33e1a67aef6d6e16898"
          ],
          "gamma_g2": "0xedf692d95cbdde46ddda5ef7d422436779445c5e66006a42761e1f12efde0018c212f3aeb785e49712e7a9353349aaf1255dfb31b7bf60723a480d9293938e19"
        }
      }

      at Socket.log (src/cli/localNode.ts:118:17)

    console.error
      [localnet stderr]:

      122 |     this.process.stderr?.on("data", (data: any) => {
      123 |       const str = data.toString();
    > 124 |       console.error(`[localnet stderr]: ${str}`);
          |               ^
      125 |     });
      126 |
      127 |     this.process.on("error", (err: Error) => {

      at Socket.error (src/cli/localNode.ts:124:15)

    console.log
      
      Readiness endpoint: http://127.0.0.1:8070/

      at Socket.log (src/cli/localNode.ts:118:17)

    console.log
      Transaction stream is starting, please wait...

      at Socket.log (src/cli/localNode.ts:118:17)

    console.log
      Indexer API is starting, please wait...

      at Socket.log (src/cli/localNode.ts:118:17)

    console.log
      Completed generating configuration:
      	Log file: "/Users/andygmove/.movement/testnet/validator.log"
      	Test dir: "/Users/andygmove/.movement/testnet"
      	Aptos root key path: "/Users/andygmove/.movement/testnet/mint.key"
      	Waypoint: 0:b488d54f87a478dc4ccaf612f1921bdd16ef75861fc6af4fc52e05b838387ae9
      	ChainId: 4
      	REST API endpoint: http://127.0.0.1:8080
      	Metrics endpoint: http://127.0.0.1:9101/metrics
      	Aptosnet fullnode network endpoint: /ip4/0.0.0.0/tcp/6181
      	Indexer gRPC node stream endpoint: 127.0.0.1:50051
      
      Aptos is running, press ctrl-c to exit

      at Socket.log (src/cli/localNode.ts:118:17)

    console.log
      Node API is starting, please wait...
      Postgres is starting, please wait...

      at Socket.log (src/cli/localNode.ts:118:17)

    console.log
      Faucet is starting, please wait...

      at Socket.log (src/cli/localNode.ts:118:17)

    console.error
      [localnet stderr]:

      122 |     this.process.stderr?.on("data", (data: any) => {
      123 |       const str = data.toString();
    > 124 |       console.error(`[localnet stderr]: ${str}`);
          |               ^
      125 |     });
      126 |
      127 |     this.process.on("error", (err: Error) => {

      at Socket.error (src/cli/localNode.ts:124:15)

    console.log
      Node API is ready. Endpoint: http://127.0.0.1:8080/

      at Socket.log (src/cli/localNode.ts:118:17)

    console.log
      Postgres is ready. Endpoint: postgres://postgres@127.0.0.1:5433/local_testnet

      at Socket.log (src/cli/localNode.ts:118:17)

    console.log
      Transaction stream is ready. Endpoint: http://127.0.0.1:50051/

      at Socket.log (src/cli/localNode.ts:118:17)

    console.log
      Faucet is ready. Endpoint: http://127.0.0.1:8081/

      at Socket.log (src/cli/localNode.ts:118:17)

    console.log
      Indexer API is ready. Endpoint: http://127.0.0.1:8090/

      at Socket.log (src/cli/localNode.ts:118:17)

    console.error
      [localnet stderr]: 
      Applying post startup steps...

      122 |     this.process.stderr?.on("data", (data: any) => {
      123 |       const str = data.toString();
    > 124 |       console.error(`[localnet stderr]: ${str}`);
          |               ^
      125 |     });
      126 |
      127 |     this.process.on("error", (err: Error) => {

      at Socket.error (src/cli/localNode.ts:124:15)

    console.error
      [localnet stderr]: 
      Setup is complete, you can now use the localnet!

      122 |     this.process.stderr?.on("data", (data: any) => {
      123 |       const str = data.toString();
    > 124 |       console.error(`[localnet stderr]: ${str}`);
          |               ^
      125 |     });
      126 |
      127 |     this.process.on("error", (err: Error) => {

      at Socket.error (src/cli/localNode.ts:124:15)

    console.log
      Stopping localnet...

      at Object.<anonymous> (tests/setupPerFile.cjs:41:13)

PASS tests/unit/address.test.ts (17.254 s)
  ● Console

    console.log
      Starting localnet for test file...

      at Object.<anonymous> (tests/setupPerFile.cjs:15:11)

    console.log
      Starting localnet with command: movement node run-localnet --force-restart --assume-yes --with-indexer-api --do-not-delegate

      at LocalNode.log [as start] (src/cli/localNode.ts:110:13)

    console.log
      Loading verification key from JSON:
      {
        "type": "0x1::keyless_account::Groth16VerificationKey",
        "data": {
          "alpha_g1": "0xe2f26dbea299f5223b646cb1fb33eadb059d9407559d7441dfd902e3a79a4d2d",
          "beta_g2": "0xabb73dc17fbc13021e2471e0c08bd67d8401f52b73d6d07483794cad4778180e0c06f33bbc4c79a9cadef253a68084d382f17788f885c9afd176f7cb2f036789",
          "delta_g2": "0x6176de7d77e614e09ef5e8e19cbf785ffed405d6531cee13cd71a46e2b4ef30deb18f6976c172bdcd7ea8ab2b509991bb5ce34f9fbb42486b78aac62a894a480",
          "gamma_abc_g1": [
            "0x7e92d0c6818f2e51248cd1e8e82eb14521d990b0bb155ab0e3cf99b888bc5387",
            "0xbe1ad9f5fec081770956f846e1d0ea97219a3f6499acc33e1a67aef6d6e16898"
          ],
          "gamma_g2": "0xedf692d95cbdde46ddda5ef7d422436779445c5e66006a42761e1f12efde0018c212f3aeb785e49712e7a9353349aaf1255dfb31b7bf60723a480d9293938e19"
        }
      }

      at Socket.log (src/cli/localNode.ts:118:17)

    console.error
      [localnet stderr]:

      122 |     this.process.stderr?.on("data", (data: any) => {
      123 |       const str = data.toString();
    > 124 |       console.error(`[localnet stderr]: ${str}`);
          |               ^
      125 |     });
      126 |
      127 |     this.process.on("error", (err: Error) => {

      at Socket.error (src/cli/localNode.ts:124:15)

    console.log
      
      Readiness endpoint: http://127.0.0.1:8070/

      at Socket.log (src/cli/localNode.ts:118:17)

    console.log
      Node API is starting, please wait...
      Postgres is starting, please wait...
      Faucet is starting, please wait...
      Indexer API is starting, please wait...

      at Socket.log (src/cli/localNode.ts:118:17)

    console.log
      Completed generating configuration:
      	Log file: "/Users/andygmove/.movement/testnet/validator.log"
      	Test dir: "/Users/andygmove/.movement/testnet"
      	Aptos root key path: "/Users/andygmove/.movement/testnet/mint.key"
      	Waypoint: 0:a884c898cca9fa520d7bf074fd38d6936b68ce0f10932f391c7d6149d03a48c6
      	ChainId: 4
      	REST API endpoint: http://127.0.0.1:8080
      	Metrics endpoint: http://127.0.0.1:9101/metrics

      at Socket.log (src/cli/localNode.ts:118:17)

    console.log
      	Aptosnet fullnode network endpoint: /ip4/0.0.0.0/tcp/6181
      	Indexer gRPC node stream endpoint: 127.0.0.1:50051
      
      Aptos is running, press ctrl-c to exit
      
      Transaction stream is starting, please wait...

      at Socket.log (src/cli/localNode.ts:118:17)

    console.error
      [localnet stderr]:

      122 |     this.process.stderr?.on("data", (data: any) => {
      123 |       const str = data.toString();
    > 124 |       console.error(`[localnet stderr]: ${str}`);
          |               ^
      125 |     });
      126 |
      127 |     this.process.on("error", (err: Error) => {

      at Socket.error (src/cli/localNode.ts:124:15)

    console.log
      Node API is ready. Endpoint: http://127.0.0.1:8080/

      at Socket.log (src/cli/localNode.ts:118:17)

    console.log
      Postgres is ready. Endpoint: postgres://postgres@127.0.0.1:5433/local_testnet

      at Socket.log (src/cli/localNode.ts:118:17)

    console.log
      Transaction stream is ready. Endpoint: http://127.0.0.1:50051/

      at Socket.log (src/cli/localNode.ts:118:17)

    console.log
      Faucet is ready. Endpoint: http://127.0.0.1:8081/

      at Socket.log (src/cli/localNode.ts:118:17)

    console.log
      Indexer API is ready. Endpoint: http://127.0.0.1:8090/

      at Socket.log (src/cli/localNode.ts:118:17)

    console.error
      [localnet stderr]: 
      Applying post startup steps...

      122 |     this.process.stderr?.on("data", (data: any) => {
      123 |       const str = data.toString();
    > 124 |       console.error(`[localnet stderr]: ${str}`);
          |               ^
      125 |     });
      126 |
      127 |     this.process.on("error", (err: Error) => {

      at Socket.error (src/cli/localNode.ts:124:15)

    console.error
      [localnet stderr]: 
      Setup is complete, you can now use the localnet!

      122 |     this.process.stderr?.on("data", (data: any) => {
      123 |       const str = data.toString();
    > 124 |       console.error(`[localnet stderr]: ${str}`);
          |               ^
      125 |     });
      126 |
      127 |     this.process.on("error", (err: Error) => {

      at Socket.error (src/cli/localNode.ts:124:15)

    console.log
      Stopping localnet...

      at Object.<anonymous> (tests/setupPerFile.cjs:41:13)

PASS tests/unit/signedIntegers.test.ts (17.378 s)
  ● Console

    console.log
      Starting localnet for test file...

      at Object.<anonymous> (tests/setupPerFile.cjs:15:11)

    console.log
      Starting localnet with command: movement node run-localnet --force-restart --assume-yes --with-indexer-api --do-not-delegate

      at LocalNode.log [as start] (src/cli/localNode.ts:110:13)

    console.log
      Loading verification key from JSON:
      {
        "type": "0x1::keyless_account::Groth16VerificationKey",
        "data": {
          "alpha_g1": "0xe2f26dbea299f5223b646cb1fb33eadb059d9407559d7441dfd902e3a79a4d2d",
          "beta_g2": "0xabb73dc17fbc13021e2471e0c08bd67d8401f52b73d6d07483794cad4778180e0c06f33bbc4c79a9cadef253a68084d382f17788f885c9afd176f7cb2f036789",
          "delta_g2": "0x6176de7d77e614e09ef5e8e19cbf785ffed405d6531cee13cd71a46e2b4ef30deb18f6976c172bdcd7ea8ab2b509991bb5ce34f9fbb42486b78aac62a894a480",
          "gamma_abc_g1": [
            "0x7e92d0c6818f2e51248cd1e8e82eb14521d990b0bb155ab0e3cf99b888bc5387",
            "0xbe1ad9f5fec081770956f846e1d0ea97219a3f6499acc33e1a67aef6d6e16898"
          ],
          "gamma_g2": "0xedf692d95cbdde46ddda5ef7d422436779445c5e66006a42761e1f12efde0018c212f3aeb785e49712e7a9353349aaf1255dfb31b7bf60723a480d9293938e19"
        }
      }

      at Socket.log (src/cli/localNode.ts:118:17)

    console.error
      [localnet stderr]:

      122 |     this.process.stderr?.on("data", (data: any) => {
      123 |       const str = data.toString();
    > 124 |       console.error(`[localnet stderr]: ${str}`);
          |               ^
      125 |     });
      126 |
      127 |     this.process.on("error", (err: Error) => {

      at Socket.error (src/cli/localNode.ts:124:15)

    console.log
      
      Readiness endpoint: http://127.0.0.1:8070/

      at Socket.log (src/cli/localNode.ts:118:17)

    console.log
      Transaction stream is starting, please wait...
      Faucet is starting, please wait...
      Node API is starting, please wait...
      Postgres is starting, please wait...
      Indexer API is starting, please wait...

      at Socket.log (src/cli/localNode.ts:118:17)

    console.error
      [localnet stderr]:

      122 |     this.process.stderr?.on("data", (data: any) => {
      123 |       const str = data.toString();
    > 124 |       console.error(`[localnet stderr]: ${str}`);
          |               ^
      125 |     });
      126 |
      127 |     this.process.on("error", (err: Error) => {

      at Socket.error (src/cli/localNode.ts:124:15)

    console.log
      Completed generating configuration:
      	Log file: "/Users/andygmove/.movement/testnet/validator.log"
      	Test dir: "/Users/andygmove/.movement/testnet"
      	Aptos root key path: "/Users/andygmove/.movement/testnet/mint.key"
      	Waypoint: 0:d2643b1c74fa017db780b140c01d77e792a064e0a8f6295a371456bc19d2c3cd
      	ChainId: 4
      	REST API endpoint: http://127.0.0.1:8080
      	Metrics endpoint: http://127.0.0.1:9101/metrics
      	Aptosnet fullnode network endpoint: /ip4/0.0.0.0/tcp/6181
      	Indexer gRPC node stream endpoint: 127.0.0.1:50051
      
      Aptos is running, press ctrl-c to exit

      at Socket.log (src/cli/localNode.ts:118:17)

    console.log
      Node API is ready. Endpoint: http://127.0.0.1:8080/

      at Socket.log (src/cli/localNode.ts:118:17)

    console.log
      Postgres is ready. Endpoint: postgres://postgres@127.0.0.1:5433/local_testnet

      at Socket.log (src/cli/localNode.ts:118:17)

    console.log
      Transaction stream is ready. Endpoint: http://127.0.0.1:50051/

      at Socket.log (src/cli/localNode.ts:118:17)

    console.log
      Faucet is ready. Endpoint: http://127.0.0.1:8081/

      at Socket.log (src/cli/localNode.ts:118:17)

    console.log
      Indexer API is ready. Endpoint: http://127.0.0.1:8090/

      at Socket.log (src/cli/localNode.ts:118:17)

    console.error
      [localnet stderr]: 
      Applying post startup steps...

      122 |     this.process.stderr?.on("data", (data: any) => {
      123 |       const str = data.toString();
    > 124 |       console.error(`[localnet stderr]: ${str}`);
          |               ^
      125 |     });
      126 |
      127 |     this.process.on("error", (err: Error) => {

      at Socket.error (src/cli/localNode.ts:124:15)

    console.error
      [localnet stderr]: 
      Setup is complete, you can now use the localnet!

      122 |     this.process.stderr?.on("data", (data: any) => {
      123 |       const str = data.toString();
    > 124 |       console.error(`[localnet stderr]: ${str}`);
          |               ^
      125 |     });
      126 |
      127 |     this.process.on("error", (err: Error) => {

      at Socket.error (src/cli/localNode.ts:124:15)

    console.log
      Stopping localnet...

      at Object.<anonymous> (tests/setupPerFile.cjs:41:13)

PASS tests/unit/typeTagParser.test.ts (17.539 s)
  ● Console

    console.log
      Starting localnet for test file...

      at Object.<anonymous> (tests/setupPerFile.cjs:15:11)

    console.log
      Starting localnet with command: movement node run-localnet --force-restart --assume-yes --with-indexer-api --do-not-delegate

      at LocalNode.log [as start] (src/cli/localNode.ts:110:13)

    console.log
      Loading verification key from JSON:
      {
        "type": "0x1::keyless_account::Groth16VerificationKey",
        "data": {
          "alpha_g1": "0xe2f26dbea299f5223b646cb1fb33eadb059d9407559d7441dfd902e3a79a4d2d",
          "beta_g2": "0xabb73dc17fbc13021e2471e0c08bd67d8401f52b73d6d07483794cad4778180e0c06f33bbc4c79a9cadef253a68084d382f17788f885c9afd176f7cb2f036789",
          "delta_g2": "0x6176de7d77e614e09ef5e8e19cbf785ffed405d6531cee13cd71a46e2b4ef30deb18f6976c172bdcd7ea8ab2b509991bb5ce34f9fbb42486b78aac62a894a480",
          "gamma_abc_g1": [
            "0x7e92d0c6818f2e51248cd1e8e82eb14521d990b0bb155ab0e3cf99b888bc5387",
            "0xbe1ad9f5fec081770956f846e1d0ea97219a3f6499acc33e1a67aef6d6e16898"
          ],
          "gamma_g2": "0xedf692d95cbdde46ddda5ef7d422436779445c5e66006a42761e1f12efde0018c212f3aeb785e49712e7a9353349aaf1255dfb31b7bf60723a480d9293938e19"
        }
      }

      at Socket.log (src/cli/localNode.ts:118:17)

    console.error
      [localnet stderr]:

      122 |     this.process.stderr?.on("data", (data: any) => {
      123 |       const str = data.toString();
    > 124 |       console.error(`[localnet stderr]: ${str}`);
          |               ^
      125 |     });
      126 |
      127 |     this.process.on("error", (err: Error) => {

      at Socket.error (src/cli/localNode.ts:124:15)

    console.log
      
      Readiness endpoint: http://127.0.0.1:8070/

      at Socket.log (src/cli/localNode.ts:118:17)

    console.log
      Indexer API is starting, please wait...
      Postgres is starting, please wait...

      at Socket.log (src/cli/localNode.ts:118:17)

    console.log
      Transaction stream is starting, please wait...
      Faucet is starting, please wait...
      Node API is starting, please wait...

      at Socket.log (src/cli/localNode.ts:118:17)

    console.error
      [localnet stderr]:

      122 |     this.process.stderr?.on("data", (data: any) => {
      123 |       const str = data.toString();
    > 124 |       console.error(`[localnet stderr]: ${str}`);
          |               ^
      125 |     });
      126 |
      127 |     this.process.on("error", (err: Error) => {

      at Socket.error (src/cli/localNode.ts:124:15)

    console.log
      Completed generating configuration:
      	Log file: "/Users/andygmove/.movement/testnet/validator.log"
      	Test dir: "/Users/andygmove/.movement/testnet"
      	Aptos root key path: "/Users/andygmove/.movement/testnet/mint.key"
      	Waypoint: 0:bb9f5f25b2e42dc8c70d2c19eadb13050b21993cc360dc88e9ebe0e83d5c169d
      	ChainId: 4
      	REST API endpoint: http://127.0.0.1:8080
      	Metrics endpoint: http://127.0.0.1:9101/metrics
      	Aptosnet fullnode network endpoint: /ip4/0.0.0.0/tcp/6181
      	Indexer gRPC node stream endpoint: 127.0.0.1:50051
      
      Aptos is running, press ctrl-c to exit

      at Socket.log (src/cli/localNode.ts:118:17)

    console.log
      Node API is ready. Endpoint: http://127.0.0.1:8080/

      at Socket.log (src/cli/localNode.ts:118:17)

    console.log
      Postgres is ready. Endpoint: postgres://postgres@127.0.0.1:5433/local_testnet

      at Socket.log (src/cli/localNode.ts:118:17)

    console.log
      Transaction stream is ready. Endpoint: http://127.0.0.1:50051/

      at Socket.log (src/cli/localNode.ts:118:17)

    console.log
      Faucet is ready. Endpoint: http://127.0.0.1:8081/

      at Socket.log (src/cli/localNode.ts:118:17)

    console.log
      Indexer API is ready. Endpoint: http://127.0.0.1:8090/

      at Socket.log (src/cli/localNode.ts:118:17)

    console.error
      [localnet stderr]: 
      Applying post startup steps...

      122 |     this.process.stderr?.on("data", (data: any) => {
      123 |       const str = data.toString();
    > 124 |       console.error(`[localnet stderr]: ${str}`);
          |               ^
      125 |     });
      126 |
      127 |     this.process.on("error", (err: Error) => {

      at Socket.error (src/cli/localNode.ts:124:15)

    console.error
      [localnet stderr]: 
      Setup is complete, you can now use the localnet!

      122 |     this.process.stderr?.on("data", (data: any) => {
      123 |       const str = data.toString();
    > 124 |       console.error(`[localnet stderr]: ${str}`);
          |               ^
      125 |     });
      126 |
      127 |     this.process.on("error", (err: Error) => {

      at Socket.error (src/cli/localNode.ts:124:15)

    console.log
      Stopping localnet...

      at Object.<anonymous> (tests/setupPerFile.cjs:41:13)

PASS tests/unit/multiKey.test.ts (18.697 s)
  ● Console

    console.log
      Starting localnet for test file...

      at Object.<anonymous> (tests/setupPerFile.cjs:15:11)

    console.log
      Starting localnet with command: movement node run-localnet --force-restart --assume-yes --with-indexer-api --do-not-delegate

      at LocalNode.log [as start] (src/cli/localNode.ts:110:13)

    console.log
      Loading verification key from JSON:
      {
        "type": "0x1::keyless_account::Groth16VerificationKey",
        "data": {
          "alpha_g1": "0xe2f26dbea299f5223b646cb1fb33eadb059d9407559d7441dfd902e3a79a4d2d",
          "beta_g2": "0xabb73dc17fbc13021e2471e0c08bd67d8401f52b73d6d07483794cad4778180e0c06f33bbc4c79a9cadef253a68084d382f17788f885c9afd176f7cb2f036789",
          "delta_g2": "0x6176de7d77e614e09ef5e8e19cbf785ffed405d6531cee13cd71a46e2b4ef30deb18f6976c172bdcd7ea8ab2b509991bb5ce34f9fbb42486b78aac62a894a480",
          "gamma_abc_g1": [
            "0x7e92d0c6818f2e51248cd1e8e82eb14521d990b0bb155ab0e3cf99b888bc5387",
            "0xbe1ad9f5fec081770956f846e1d0ea97219a3f6499acc33e1a67aef6d6e16898"
          ],
          "gamma_g2": "0xedf692d95cbdde46ddda5ef7d422436779445c5e66006a42761e1f12efde0018c212f3aeb785e49712e7a9353349aaf1255dfb31b7bf60723a480d9293938e19"
        }
      }

      at Socket.log (src/cli/localNode.ts:118:17)

    console.error
      [localnet stderr]:

      122 |     this.process.stderr?.on("data", (data: any) => {
      123 |       const str = data.toString();
    > 124 |       console.error(`[localnet stderr]: ${str}`);
          |               ^
      125 |     });
      126 |
      127 |     this.process.on("error", (err: Error) => {

      at Socket.error (src/cli/localNode.ts:124:15)

    console.log
      
      Readiness endpoint: http://127.0.0.1:8070/

      at Socket.log (src/cli/localNode.ts:118:17)

    console.log
      Faucet is starting, please wait...
      Postgres is starting, please wait...

      at Socket.log (src/cli/localNode.ts:118:17)

    console.log
      Indexer API is starting, please wait...

      at Socket.log (src/cli/localNode.ts:118:17)

    console.log
      Node API is starting, please wait...
      Transaction stream is starting, please wait...

      at Socket.log (src/cli/localNode.ts:118:17)

    console.error
      [localnet stderr]:

      122 |     this.process.stderr?.on("data", (data: any) => {
      123 |       const str = data.toString();
    > 124 |       console.error(`[localnet stderr]: ${str}`);
          |               ^
      125 |     });
      126 |
      127 |     this.process.on("error", (err: Error) => {

      at Socket.error (src/cli/localNode.ts:124:15)

    console.log
      Completed generating configuration:
      	Log file: "/Users/andygmove/.movement/testnet/validator.log"
      	Test dir: "/Users/andygmove/.movement/testnet"
      	Aptos root key path: "/Users/andygmove/.movement/testnet/mint.key"
      	Waypoint: 0:ef92022d9cfb4c608003887ead9153274519bc19da72f3d248ea4b395a3bafb7
      	ChainId: 4

      at Socket.log (src/cli/localNode.ts:118:17)

    console.log
      	REST API endpoint: http://127.0.0.1:8080
      	Metrics endpoint: http://127.0.0.1:9101/metrics
      	Aptosnet fullnode network endpoint: /ip4/0.0.0.0/tcp/6181
      	Indexer gRPC node stream endpoint: 127.0.0.1:50051
      
      Aptos is running, press ctrl-c to exit

      at Socket.log (src/cli/localNode.ts:118:17)

    console.log
      Node API is ready. Endpoint: http://127.0.0.1:8080/

      at Socket.log (src/cli/localNode.ts:118:17)

    console.log
      Postgres is ready. Endpoint: postgres://postgres@127.0.0.1:5433/local_testnet

      at Socket.log (src/cli/localNode.ts:118:17)

    console.log
      Transaction stream is ready. Endpoint: http://127.0.0.1:50051/

      at Socket.log (src/cli/localNode.ts:118:17)

    console.log
      Faucet is ready. Endpoint: http://127.0.0.1:8081/

      at Socket.log (src/cli/localNode.ts:118:17)

    console.log
      Indexer API is ready. Endpoint: http://127.0.0.1:8090/

      at Socket.log (src/cli/localNode.ts:118:17)

    console.error
      [localnet stderr]: 
      Applying post startup steps...

      122 |     this.process.stderr?.on("data", (data: any) => {
      123 |       const str = data.toString();
    > 124 |       console.error(`[localnet stderr]: ${str}`);
          |               ^
      125 |     });
      126 |
      127 |     this.process.on("error", (err: Error) => {

      at Socket.error (src/cli/localNode.ts:124:15)

    console.error
      [localnet stderr]: 
      Setup is complete, you can now use the localnet!

      122 |     this.process.stderr?.on("data", (data: any) => {
      123 |       const str = data.toString();
    > 124 |       console.error(`[localnet stderr]: ${str}`);
          |               ^
      125 |     });
      126 |
      127 |     this.process.on("error", (err: Error) => {

      at Socket.error (src/cli/localNode.ts:124:15)

    console.log
      Stopping localnet...

      at Object.<anonymous> (tests/setupPerFile.cjs:41:13)

PASS tests/unit/remoteAbi.test.ts (17.822 s)
  ● Console

    console.log
      Starting localnet for test file...

      at Object.<anonymous> (tests/setupPerFile.cjs:15:11)

    console.log
      Starting localnet with command: movement node run-localnet --force-restart --assume-yes --with-indexer-api --do-not-delegate

      at LocalNode.log [as start] (src/cli/localNode.ts:110:13)

    console.log
      Loading verification key from JSON:
      {
        "type": "0x1::keyless_account::Groth16VerificationKey",
        "data": {
          "alpha_g1": "0xe2f26dbea299f5223b646cb1fb33eadb059d9407559d7441dfd902e3a79a4d2d",
          "beta_g2": "0xabb73dc17fbc13021e2471e0c08bd67d8401f52b73d6d07483794cad4778180e0c06f33bbc4c79a9cadef253a68084d382f17788f885c9afd176f7cb2f036789",
          "delta_g2": "0x6176de7d77e614e09ef5e8e19cbf785ffed405d6531cee13cd71a46e2b4ef30deb18f6976c172bdcd7ea8ab2b509991bb5ce34f9fbb42486b78aac62a894a480",
          "gamma_abc_g1": [
            "0x7e92d0c6818f2e51248cd1e8e82eb14521d990b0bb155ab0e3cf99b888bc5387",
            "0xbe1ad9f5fec081770956f846e1d0ea97219a3f6499acc33e1a67aef6d6e16898"
          ],
          "gamma_g2": "0xedf692d95cbdde46ddda5ef7d422436779445c5e66006a42761e1f12efde0018c212f3aeb785e49712e7a9353349aaf1255dfb31b7bf60723a480d9293938e19"
        }
      }

      at Socket.log (src/cli/localNode.ts:118:17)

    console.error
      [localnet stderr]:

      122 |     this.process.stderr?.on("data", (data: any) => {
      123 |       const str = data.toString();
    > 124 |       console.error(`[localnet stderr]: ${str}`);
          |               ^
      125 |     });
      126 |
      127 |     this.process.on("error", (err: Error) => {

      at Socket.error (src/cli/localNode.ts:124:15)

    console.log
      
      Readiness endpoint: http://127.0.0.1:8070/

      at Socket.log (src/cli/localNode.ts:118:17)

    console.log
      Node API is starting, please wait...
      Faucet is starting, please wait...

      at Socket.log (src/cli/localNode.ts:118:17)

    console.log
      Completed generating configuration:
      	Log file: "/Users/andygmove/.movement/testnet/validator.log"
      	Test dir: "/Users/andygmove/.movement/testnet"
      	Aptos root key path: "/Users/andygmove/.movement/testnet/mint.key"
      	Waypoint: 0:23c48a19ffcc2ca0e5dd1e2fa787d1c0fb398115d19ee7d0960581417d389b1b
      	ChainId: 4
      	REST API endpoint: http://127.0.0.1:8080
      	Metrics endpoint: http://127.0.0.1:9101/metrics
      	Aptosnet fullnode network endpoint: /ip4/0.0.0.0/tcp/6181
      	Indexer gRPC node stream endpoint: 127.0.0.1:50051
      
      Aptos is running, press ctrl-c to exit
      
      Transaction stream is starting, please wait...
      Indexer API is starting, please wait...

      at Socket.log (src/cli/localNode.ts:118:17)

    console.log
      Postgres is starting, please wait...

      at Socket.log (src/cli/localNode.ts:118:17)

    console.error
      [localnet stderr]:

      122 |     this.process.stderr?.on("data", (data: any) => {
      123 |       const str = data.toString();
    > 124 |       console.error(`[localnet stderr]: ${str}`);
          |               ^
      125 |     });
      126 |
      127 |     this.process.on("error", (err: Error) => {

      at Socket.error (src/cli/localNode.ts:124:15)

    console.log
      Node API is ready. Endpoint: http://127.0.0.1:8080/

      at Socket.log (src/cli/localNode.ts:118:17)

    console.log
      Postgres is ready. Endpoint: postgres://postgres@127.0.0.1:5433/local_testnet

      at Socket.log (src/cli/localNode.ts:118:17)

    console.log
      Transaction stream is ready. Endpoint: http://127.0.0.1:50051/

      at Socket.log (src/cli/localNode.ts:118:17)

    console.log
      Faucet is ready. Endpoint: http://127.0.0.1:8081/

      at Socket.log (src/cli/localNode.ts:118:17)

    console.log
      Indexer API is ready. Endpoint: http://127.0.0.1:8090/

      at Socket.log (src/cli/localNode.ts:118:17)

    console.error
      [localnet stderr]: 
      Applying post startup steps...

      122 |     this.process.stderr?.on("data", (data: any) => {
      123 |       const str = data.toString();
    > 124 |       console.error(`[localnet stderr]: ${str}`);
          |               ^
      125 |     });
      126 |
      127 |     this.process.on("error", (err: Error) => {

      at Socket.error (src/cli/localNode.ts:124:15)

    console.error
      [localnet stderr]: 
      Setup is complete, you can now use the localnet!

      122 |     this.process.stderr?.on("data", (data: any) => {
      123 |       const str = data.toString();
    > 124 |       console.error(`[localnet stderr]: ${str}`);
          |               ^
      125 |     });
      126 |
      127 |     this.process.on("error", (err: Error) => {

      at Socket.error (src/cli/localNode.ts:124:15)

    console.log
      Stopping localnet...

      at Object.<anonymous> (tests/setupPerFile.cjs:41:13)

PASS tests/unit/keyless.test.ts (20.758 s)
  ● Console

    console.log
      Starting localnet for test file...

      at Object.<anonymous> (tests/setupPerFile.cjs:15:11)

    console.log
      Starting localnet with command: movement node run-localnet --force-restart --assume-yes --with-indexer-api --do-not-delegate

      at LocalNode.log [as start] (src/cli/localNode.ts:110:13)

    console.log
      Loading verification key from JSON:
      {
        "type": "0x1::keyless_account::Groth16VerificationKey",
        "data": {
          "alpha_g1": "0xe2f26dbea299f5223b646cb1fb33eadb059d9407559d7441dfd902e3a79a4d2d",
          "beta_g2": "0xabb73dc17fbc13021e2471e0c08bd67d8401f52b73d6d07483794cad4778180e0c06f33bbc4c79a9cadef253a68084d382f17788f885c9afd176f7cb2f036789",
          "delta_g2": "0x6176de7d77e614e09ef5e8e19cbf785ffed405d6531cee13cd71a46e2b4ef30deb18f6976c172bdcd7ea8ab2b509991bb5ce34f9fbb42486b78aac62a894a480",
          "gamma_abc_g1": [
            "0x7e92d0c6818f2e51248cd1e8e82eb14521d990b0bb155ab0e3cf99b888bc5387",
            "0xbe1ad9f5fec081770956f846e1d0ea97219a3f6499acc33e1a67aef6d6e16898"
          ],
          "gamma_g2": "0xedf692d95cbdde46ddda5ef7d422436779445c5e66006a42761e1f12efde0018c212f3aeb785e49712e7a9353349aaf1255dfb31b7bf60723a480d9293938e19"
        }
      }

      at Socket.log (src/cli/localNode.ts:118:17)

    console.error
      [localnet stderr]:

      122 |     this.process.stderr?.on("data", (data: any) => {
      123 |       const str = data.toString();
    > 124 |       console.error(`[localnet stderr]: ${str}`);
          |               ^
      125 |     });
      126 |
      127 |     this.process.on("error", (err: Error) => {

      at Socket.error (src/cli/localNode.ts:124:15)

    console.log
      
      Readiness endpoint: http://127.0.0.1:8070/

      at Socket.log (src/cli/localNode.ts:118:17)

    console.log
      Node API is starting, please wait...
      Indexer API is starting, please wait...
      Transaction stream is starting, please wait...

      at Socket.log (src/cli/localNode.ts:118:17)

    console.log
      Faucet is starting, please wait...
      Completed generating configuration:
      	Log file: "/Users/andygmove/.movement/testnet/validator.log"
      	Test dir: "/Users/andygmove/.movement/testnet"
      	Aptos root key path: "/Users/andygmove/.movement/testnet/mint.key"
      	Waypoint: 0:63906e12dc0be901d8cdd8b83e0034a2e51924a717f01b58c5fafda337587328
      	ChainId: 4
      	REST API endpoint: http://127.0.0.1:8080
      	Metrics endpoint: http://127.0.0.1:9101/metrics
      	Aptosnet fullnode network endpoint: /ip4/0.0.0.0/tcp/6181
      	Indexer gRPC node stream endpoint: 127.0.0.1:50051
      
      Aptos is running, press ctrl-c to exit

      at Socket.log (src/cli/localNode.ts:118:17)

    console.log
      Postgres is starting, please wait...

      at Socket.log (src/cli/localNode.ts:118:17)

    console.error
      [localnet stderr]:

      122 |     this.process.stderr?.on("data", (data: any) => {
      123 |       const str = data.toString();
    > 124 |       console.error(`[localnet stderr]: ${str}`);
          |               ^
      125 |     });
      126 |
      127 |     this.process.on("error", (err: Error) => {

      at Socket.error (src/cli/localNode.ts:124:15)

    console.log
      Node API is ready. Endpoint: http://127.0.0.1:8080/

      at Socket.log (src/cli/localNode.ts:118:17)

    console.log
      Postgres is ready. Endpoint: postgres://postgres@127.0.0.1:5433/local_testnet

      at Socket.log (src/cli/localNode.ts:118:17)

    console.log
      Transaction stream is ready. Endpoint: http://127.0.0.1:50051/

      at Socket.log (src/cli/localNode.ts:118:17)

    console.log
      Faucet is ready. Endpoint: http://127.0.0.1:8081/

      at Socket.log (src/cli/localNode.ts:118:17)

    console.log
      Indexer API is ready. Endpoint: http://127.0.0.1:8090/

      at Socket.log (src/cli/localNode.ts:118:17)

    console.error
      [localnet stderr]: 
      Applying post startup steps...

      122 |     this.process.stderr?.on("data", (data: any) => {
      123 |       const str = data.toString();
    > 124 |       console.error(`[localnet stderr]: ${str}`);
          |               ^
      125 |     });
      126 |
      127 |     this.process.on("error", (err: Error) => {

      at Socket.error (src/cli/localNode.ts:124:15)

    console.error
      [localnet stderr]: 
      Setup is complete, you can now use the localnet!

      122 |     this.process.stderr?.on("data", (data: any) => {
      123 |       const str = data.toString();
    > 124 |       console.error(`[localnet stderr]: ${str}`);
          |               ^
      125 |     });
      126 |
      127 |     this.process.on("error", (err: Error) => {

      at Socket.error (src/cli/localNode.ts:124:15)

    console.log
      Stopping localnet...

      at Object.<anonymous> (tests/setupPerFile.cjs:41:13)

PASS tests/unit/serializer.test.ts (19.416 s)
  ● Console

    console.log
      Starting localnet for test file...

      at Object.<anonymous> (tests/setupPerFile.cjs:15:11)

    console.log
      Starting localnet with command: movement node run-localnet --force-restart --assume-yes --with-indexer-api --do-not-delegate

      at LocalNode.log [as start] (src/cli/localNode.ts:110:13)

    console.log
      Loading verification key from JSON:
      {
        "type": "0x1::keyless_account::Groth16VerificationKey",
        "data": {
          "alpha_g1": "0xe2f26dbea299f5223b646cb1fb33eadb059d9407559d7441dfd902e3a79a4d2d",
          "beta_g2": "0xabb73dc17fbc13021e2471e0c08bd67d8401f52b73d6d07483794cad4778180e0c06f33bbc4c79a9cadef253a68084d382f17788f885c9afd176f7cb2f036789",
          "delta_g2": "0x6176de7d77e614e09ef5e8e19cbf785ffed405d6531cee13cd71a46e2b4ef30deb18f6976c172bdcd7ea8ab2b509991bb5ce34f9fbb42486b78aac62a894a480",
          "gamma_abc_g1": [
            "0x7e92d0c6818f2e51248cd1e8e82eb14521d990b0bb155ab0e3cf99b888bc5387",
            "0xbe1ad9f5fec081770956f846e1d0ea97219a3f6499acc33e1a67aef6d6e16898"
          ],
          "gamma_g2": "0xedf692d95cbdde46ddda5ef7d422436779445c5e66006a42761e1f12efde0018c212f3aeb785e49712e7a9353349aaf1255dfb31b7bf60723a480d9293938e19"
        }
      }

      at Socket.log (src/cli/localNode.ts:118:17)

    console.error
      [localnet stderr]:

      122 |     this.process.stderr?.on("data", (data: any) => {
      123 |       const str = data.toString();
    > 124 |       console.error(`[localnet stderr]: ${str}`);
          |               ^
      125 |     });
      126 |
      127 |     this.process.on("error", (err: Error) => {

      at Socket.error (src/cli/localNode.ts:124:15)

    console.log
      
      Readiness endpoint: http://127.0.0.1:8070/

      at Socket.log (src/cli/localNode.ts:118:17)

    console.log
      Faucet is starting, please wait...
      Node API is starting, please wait...
      Postgres is starting, please wait...
      Transaction stream is starting, please wait...
      Indexer API is starting, please wait...

      at Socket.log (src/cli/localNode.ts:118:17)

    console.error
      [localnet stderr]:

      122 |     this.process.stderr?.on("data", (data: any) => {
      123 |       const str = data.toString();
    > 124 |       console.error(`[localnet stderr]: ${str}`);
          |               ^
      125 |     });
      126 |
      127 |     this.process.on("error", (err: Error) => {

      at Socket.error (src/cli/localNode.ts:124:15)

    console.log
      Completed generating configuration:
      	Log file: "/Users/andygmove/.movement/testnet/validator.log"
      	Test dir: "/Users/andygmove/.movement/testnet"
      	Aptos root key path: "/Users/andygmove/.movement/testnet/mint.key"
      	Waypoint: 0:11d91f13de8f497ffda4e241028d83ff3e13999bc3e1add3f5eb2d9d5414668f
      	ChainId: 4
      	REST API endpoint: http://127.0.0.1:8080
      	Metrics endpoint: http://127.0.0.1:9101/metrics
      	Aptosnet fullnode network endpoint: /ip4/0.0.0.0/tcp/6181
      	Indexer gRPC node stream endpoint: 127.0.0.1:50051
      
      Aptos is running, press ctrl-c to exit

      at Socket.log (src/cli/localNode.ts:118:17)

    console.log
      Node API is ready. Endpoint: http://127.0.0.1:8080/

      at Socket.log (src/cli/localNode.ts:118:17)

    console.log
      Postgres is ready. Endpoint: postgres://postgres@127.0.0.1:5433/local_testnet

      at Socket.log (src/cli/localNode.ts:118:17)

    console.log
      Transaction stream is ready. Endpoint: http://127.0.0.1:50051/

      at Socket.log (src/cli/localNode.ts:118:17)

    console.log
      Faucet is ready. Endpoint: http://127.0.0.1:8081/

      at Socket.log (src/cli/localNode.ts:118:17)

    console.log
      Indexer API is ready. Endpoint: http://127.0.0.1:8090/

      at Socket.log (src/cli/localNode.ts:118:17)

    console.error
      [localnet stderr]: 
      Applying post startup steps...

      122 |     this.process.stderr?.on("data", (data: any) => {
      123 |       const str = data.toString();
    > 124 |       console.error(`[localnet stderr]: ${str}`);
          |               ^
      125 |     });
      126 |
      127 |     this.process.on("error", (err: Error) => {

      at Socket.error (src/cli/localNode.ts:124:15)

    console.error
      [localnet stderr]: 
      Setup is complete, you can now use the localnet!

      122 |     this.process.stderr?.on("data", (data: any) => {
      123 |       const str = data.toString();
    > 124 |       console.error(`[localnet stderr]: ${str}`);
          |               ^
      125 |     });
      126 |
      127 |     this.process.on("error", (err: Error) => {

      at Socket.error (src/cli/localNode.ts:124:15)

    console.log
      Stopping localnet...

      at Object.<anonymous> (tests/setupPerFile.cjs:41:13)

PASS tests/unit/hdKey.test.ts (17.482 s)
  ● Console

    console.log
      Starting localnet for test file...

      at Object.<anonymous> (tests/setupPerFile.cjs:15:11)

    console.log
      Starting localnet with command: movement node run-localnet --force-restart --assume-yes --with-indexer-api --do-not-delegate

      at LocalNode.log [as start] (src/cli/localNode.ts:110:13)

    console.log
      Loading verification key from JSON:
      {
        "type": "0x1::keyless_account::Groth16VerificationKey",
        "data": {
          "alpha_g1": "0xe2f26dbea299f5223b646cb1fb33eadb059d9407559d7441dfd902e3a79a4d2d",
          "beta_g2": "0xabb73dc17fbc13021e2471e0c08bd67d8401f52b73d6d07483794cad4778180e0c06f33bbc4c79a9cadef253a68084d382f17788f885c9afd176f7cb2f036789",
          "delta_g2": "0x6176de7d77e614e09ef5e8e19cbf785ffed405d6531cee13cd71a46e2b4ef30deb18f6976c172bdcd7ea8ab2b509991bb5ce34f9fbb42486b78aac62a894a480",
          "gamma_abc_g1": [
            "0x7e92d0c6818f2e51248cd1e8e82eb14521d990b0bb155ab0e3cf99b888bc5387",
            "0xbe1ad9f5fec081770956f846e1d0ea97219a3f6499acc33e1a67aef6d6e16898"
          ],
          "gamma_g2": "0xedf692d95cbdde46ddda5ef7d422436779445c5e66006a42761e1f12efde0018c212f3aeb785e49712e7a9353349aaf1255dfb31b7bf60723a480d9293938e19"
        }
      }

      at Socket.log (src/cli/localNode.ts:118:17)

    console.error
      [localnet stderr]:

      122 |     this.process.stderr?.on("data", (data: any) => {
      123 |       const str = data.toString();
    > 124 |       console.error(`[localnet stderr]: ${str}`);
          |               ^
      125 |     });
      126 |
      127 |     this.process.on("error", (err: Error) => {

      at Socket.error (src/cli/localNode.ts:124:15)

    console.log
      
      Readiness endpoint: http://127.0.0.1:8070/

      at Socket.log (src/cli/localNode.ts:118:17)

    console.log
      Faucet is starting, please wait...
      Node API is starting, please wait...

      at Socket.log (src/cli/localNode.ts:118:17)

    console.log
      Postgres is starting, please wait...
      Indexer API is starting, please wait...

      at Socket.log (src/cli/localNode.ts:118:17)

    console.log
      Transaction stream is starting, please wait...

      at Socket.log (src/cli/localNode.ts:118:17)

    console.error
      [localnet stderr]:

      122 |     this.process.stderr?.on("data", (data: any) => {
      123 |       const str = data.toString();
    > 124 |       console.error(`[localnet stderr]: ${str}`);
          |               ^
      125 |     });
      126 |
      127 |     this.process.on("error", (err: Error) => {

      at Socket.error (src/cli/localNode.ts:124:15)

    console.log
      Completed generating configuration:
      	Log file: "/Users/andygmove/.movement/testnet/validator.log"
      	Test dir: "/Users/andygmove/.movement/testnet"
      	Aptos root key path: "/Users/andygmove/.movement/testnet/mint.key"
      	Waypoint: 0:040c2881d525863752d14fd9e3d293b01078fa2ebc786f6aafe2c22bbb07dd80
      	ChainId: 4
      	REST API endpoint: http://127.0.0.1:8080
      	Metrics endpoint: http://127.0.0.1:9101/metrics
      	Aptosnet fullnode network endpoint: /ip4/0.0.0.0/tcp/6181
      	Indexer gRPC node stream endpoint: 127.0.0.1:50051
      
      Aptos is running, press ctrl-c to exit

      at Socket.log (src/cli/localNode.ts:118:17)

    console.log
      Node API is ready. Endpoint: http://127.0.0.1:8080/

      at Socket.log (src/cli/localNode.ts:118:17)

    console.log
      Postgres is ready. Endpoint: postgres://postgres@127.0.0.1:5433/local_testnet

      at Socket.log (src/cli/localNode.ts:118:17)

    console.log
      Transaction stream is ready. Endpoint: http://127.0.0.1:50051/

      at Socket.log (src/cli/localNode.ts:118:17)

    console.log
      Faucet is ready. Endpoint: http://127.0.0.1:8081/

      at Socket.log (src/cli/localNode.ts:118:17)

    console.log
      Indexer API is ready. Endpoint: http://127.0.0.1:8090/

      at Socket.log (src/cli/localNode.ts:118:17)

    console.error
      [localnet stderr]: 
      Applying post startup steps...

      122 |     this.process.stderr?.on("data", (data: any) => {
      123 |       const str = data.toString();
    > 124 |       console.error(`[localnet stderr]: ${str}`);
          |               ^
      125 |     });
      126 |
      127 |     this.process.on("error", (err: Error) => {

      at Socket.error (src/cli/localNode.ts:124:15)

    console.error
      [localnet stderr]: 
      Setup is complete, you can now use the localnet!

      122 |     this.process.stderr?.on("data", (data: any) => {
      123 |       const str = data.toString();
    > 124 |       console.error(`[localnet stderr]: ${str}`);
          |               ^
      125 |     });
      126 |
      127 |     this.process.on("error", (err: Error) => {

      at Socket.error (src/cli/localNode.ts:124:15)

    console.log
      Stopping localnet...

      at Object.<anonymous> (tests/setupPerFile.cjs:41:13)

PASS tests/unit/hex.test.ts (18.253 s)
  ● Console

    console.log
      Starting localnet for test file...

      at Object.<anonymous> (tests/setupPerFile.cjs:15:11)

    console.log
      Starting localnet with command: movement node run-localnet --force-restart --assume-yes --with-indexer-api --do-not-delegate

      at LocalNode.log [as start] (src/cli/localNode.ts:110:13)

    console.log
      Loading verification key from JSON:
      {
        "type": "0x1::keyless_account::Groth16VerificationKey",
        "data": {
          "alpha_g1": "0xe2f26dbea299f5223b646cb1fb33eadb059d9407559d7441dfd902e3a79a4d2d",
          "beta_g2": "0xabb73dc17fbc13021e2471e0c08bd67d8401f52b73d6d07483794cad4778180e0c06f33bbc4c79a9cadef253a68084d382f17788f885c9afd176f7cb2f036789",
          "delta_g2": "0x6176de7d77e614e09ef5e8e19cbf785ffed405d6531cee13cd71a46e2b4ef30deb18f6976c172bdcd7ea8ab2b509991bb5ce34f9fbb42486b78aac62a894a480",
          "gamma_abc_g1": [
            "0x7e92d0c6818f2e51248cd1e8e82eb14521d990b0bb155ab0e3cf99b888bc5387",
            "0xbe1ad9f5fec081770956f846e1d0ea97219a3f6499acc33e1a67aef6d6e16898"
          ],
          "gamma_g2": "0xedf692d95cbdde46ddda5ef7d422436779445c5e66006a42761e1f12efde0018c212f3aeb785e49712e7a9353349aaf1255dfb31b7bf60723a480d9293938e19"
        }
      }

      at Socket.log (src/cli/localNode.ts:118:17)

    console.error
      [localnet stderr]:

      122 |     this.process.stderr?.on("data", (data: any) => {
      123 |       const str = data.toString();
    > 124 |       console.error(`[localnet stderr]: ${str}`);
          |               ^
      125 |     });
      126 |
      127 |     this.process.on("error", (err: Error) => {

      at Socket.error (src/cli/localNode.ts:124:15)

    console.log
      
      Readiness endpoint: http://127.0.0.1:8070/

      at Socket.log (src/cli/localNode.ts:118:17)

    console.log
      Faucet is starting, please wait...
      Transaction stream is starting, please wait...

      at Socket.log (src/cli/localNode.ts:118:17)

    console.log
      Postgres is starting, please wait...

      at Socket.log (src/cli/localNode.ts:118:17)

    console.log
      Node API is starting, please wait...
      Indexer API is starting, please wait...

      at Socket.log (src/cli/localNode.ts:118:17)

    console.error
      [localnet stderr]:

      122 |     this.process.stderr?.on("data", (data: any) => {
      123 |       const str = data.toString();
    > 124 |       console.error(`[localnet stderr]: ${str}`);
          |               ^
      125 |     });
      126 |
      127 |     this.process.on("error", (err: Error) => {

      at Socket.error (src/cli/localNode.ts:124:15)

    console.log
      Completed generating configuration:
      	Log file: "/Users/andygmove/.movement/testnet/validator.log"
      	Test dir: "/Users/andygmove/.movement/testnet"
      	Aptos root key path: "/Users/andygmove/.movement/testnet/mint.key"
      	Waypoint: 0:f0ad417ff774d7dc07c7b498c9de1920a5f0db5a46a59e94be65d70210f4ab4b
      	ChainId: 4
      	REST API endpoint: http://127.0.0.1:8080
      	Metrics endpoint: http://127.0.0.1:9101/metrics
      	Aptosnet fullnode network endpoint: /ip4/0.0.0.0/tcp/6181
      	Indexer gRPC node stream endpoint: 127.0.0.1:50051
      
      Aptos is running, press ctrl-c to exit

      at Socket.log (src/cli/localNode.ts:118:17)

    console.log
      Node API is ready. Endpoint: http://127.0.0.1:8080/

      at Socket.log (src/cli/localNode.ts:118:17)

    console.log
      Postgres is ready. Endpoint: postgres://postgres@127.0.0.1:5433/local_testnet

      at Socket.log (src/cli/localNode.ts:118:17)

    console.log
      Transaction stream is ready. Endpoint: http://127.0.0.1:50051/

      at Socket.log (src/cli/localNode.ts:118:17)

    console.log
      Faucet is ready. Endpoint: http://127.0.0.1:8081/

      at Socket.log (src/cli/localNode.ts:118:17)

    console.log
      Indexer API is ready. Endpoint: http://127.0.0.1:8090/

      at Socket.log (src/cli/localNode.ts:118:17)

    console.error
      [localnet stderr]: 
      Applying post startup steps...

      122 |     this.process.stderr?.on("data", (data: any) => {
      123 |       const str = data.toString();
    > 124 |       console.error(`[localnet stderr]: ${str}`);
          |               ^
      125 |     });
      126 |
      127 |     this.process.on("error", (err: Error) => {

      at Socket.error (src/cli/localNode.ts:124:15)

    console.error
      [localnet stderr]: 
      Setup is complete, you can now use the localnet!

      122 |     this.process.stderr?.on("data", (data: any) => {
      123 |       const str = data.toString();
    > 124 |       console.error(`[localnet stderr]: ${str}`);
          |               ^
      125 |     });
      126 |
      127 |     this.process.on("error", (err: Error) => {

      at Socket.error (src/cli/localNode.ts:124:15)

    console.log
      Stopping localnet...

      at Object.<anonymous> (tests/setupPerFile.cjs:41:13)

PASS tests/unit/secp256k1.test.ts (18.745 s)
  ● Console

    console.log
      Starting localnet for test file...

      at Object.<anonymous> (tests/setupPerFile.cjs:15:11)

    console.log
      Starting localnet with command: movement node run-localnet --force-restart --assume-yes --with-indexer-api --do-not-delegate

      at LocalNode.log [as start] (src/cli/localNode.ts:110:13)

    console.log
      Loading verification key from JSON:
      {
        "type": "0x1::keyless_account::Groth16VerificationKey",
        "data": {
          "alpha_g1": "0xe2f26dbea299f5223b646cb1fb33eadb059d9407559d7441dfd902e3a79a4d2d",
          "beta_g2": "0xabb73dc17fbc13021e2471e0c08bd67d8401f52b73d6d07483794cad4778180e0c06f33bbc4c79a9cadef253a68084d382f17788f885c9afd176f7cb2f036789",
          "delta_g2": "0x6176de7d77e614e09ef5e8e19cbf785ffed405d6531cee13cd71a46e2b4ef30deb18f6976c172bdcd7ea8ab2b509991bb5ce34f9fbb42486b78aac62a894a480",
          "gamma_abc_g1": [
            "0x7e92d0c6818f2e51248cd1e8e82eb14521d990b0bb155ab0e3cf99b888bc5387",
            "0xbe1ad9f5fec081770956f846e1d0ea97219a3f6499acc33e1a67aef6d6e16898"
          ],
          "gamma_g2": "0xedf692d95cbdde46ddda5ef7d422436779445c5e66006a42761e1f12efde0018c212f3aeb785e49712e7a9353349aaf1255dfb31b7bf60723a480d9293938e19"
        }
      }

      at Socket.log (src/cli/localNode.ts:118:17)

    console.error
      [localnet stderr]:

      122 |     this.process.stderr?.on("data", (data: any) => {
      123 |       const str = data.toString();
    > 124 |       console.error(`[localnet stderr]: ${str}`);
          |               ^
      125 |     });
      126 |
      127 |     this.process.on("error", (err: Error) => {

      at Socket.error (src/cli/localNode.ts:124:15)

    console.log
      
      Readiness endpoint: http://127.0.0.1:8070/

      at Socket.log (src/cli/localNode.ts:118:17)

    console.log
      Indexer API is starting, please wait...
      Transaction stream is starting, please wait...

      at Socket.log (src/cli/localNode.ts:118:17)

    console.log
      Node API is starting, please wait...
      Postgres is starting, please wait...
      Faucet is starting, please wait...
      Completed generating configuration:
      	Log file: "/Users/andygmove/.movement/testnet/validator.log"
      	Test dir: "/Users/andygmove/.movement/testnet"
      	Aptos root key path: "/Users/andygmove/.movement/testnet/mint.key"
      	Waypoint: 0:603ec1fc4339ca3bd39269901353bf1f7f6e807067a9d10c15098c3ce063718a
      	ChainId: 4
      	REST API endpoint: http://127.0.0.1:8080
      	Metrics endpoint: http://127.0.0.1:9101/metrics
      	Aptosnet fullnode network endpoint: /ip4/0.0.0.0/tcp/6181
      	Indexer gRPC node stream endpoint: 127.0.0.1:50051
      
      Aptos is running, press ctrl-c to exit

      at Socket.log (src/cli/localNode.ts:118:17)

    console.error
      [localnet stderr]:

      122 |     this.process.stderr?.on("data", (data: any) => {
      123 |       const str = data.toString();
    > 124 |       console.error(`[localnet stderr]: ${str}`);
          |               ^
      125 |     });
      126 |
      127 |     this.process.on("error", (err: Error) => {

      at Socket.error (src/cli/localNode.ts:124:15)

    console.log
      Node API is ready. Endpoint: http://127.0.0.1:8080/

      at Socket.log (src/cli/localNode.ts:118:17)

    console.log
      Postgres is ready. Endpoint: postgres://postgres@127.0.0.1:5433/local_testnet

      at Socket.log (src/cli/localNode.ts:118:17)

    console.log
      Transaction stream is ready. Endpoint: http://127.0.0.1:50051/

      at Socket.log (src/cli/localNode.ts:118:17)

    console.log
      Faucet is ready. Endpoint: http://127.0.0.1:8081/

      at Socket.log (src/cli/localNode.ts:118:17)

    console.log
      Indexer API is ready. Endpoint: http://127.0.0.1:8090/

      at Socket.log (src/cli/localNode.ts:118:17)

    console.error
      [localnet stderr]: 
      Applying post startup steps...

      122 |     this.process.stderr?.on("data", (data: any) => {
      123 |       const str = data.toString();
    > 124 |       console.error(`[localnet stderr]: ${str}`);
          |               ^
      125 |     });
      126 |
      127 |     this.process.on("error", (err: Error) => {

      at Socket.error (src/cli/localNode.ts:124:15)

    console.error
      [localnet stderr]: 
      Setup is complete, you can now use the localnet!

      122 |     this.process.stderr?.on("data", (data: any) => {
      123 |       const str = data.toString();
    > 124 |       console.error(`[localnet stderr]: ${str}`);
          |               ^
      125 |     });
      126 |
      127 |     this.process.on("error", (err: Error) => {

      at Socket.error (src/cli/localNode.ts:124:15)

    console.log
      Stopping localnet...

      at Object.<anonymous> (tests/setupPerFile.cjs:41:13)

PASS tests/e2e/transactionManagement/asyncQueue.test.ts (17.009 s)
  ● Console

    console.log
      Starting localnet for test file...

      at Object.<anonymous> (tests/setupPerFile.cjs:15:11)

    console.log
      Starting localnet with command: movement node run-localnet --force-restart --assume-yes --with-indexer-api --do-not-delegate

      at LocalNode.log [as start] (src/cli/localNode.ts:110:13)

    console.log
      Loading verification key from JSON:
      {
        "type": "0x1::keyless_account::Groth16VerificationKey",
        "data": {
          "alpha_g1": "0xe2f26dbea299f5223b646cb1fb33eadb059d9407559d7441dfd902e3a79a4d2d",
          "beta_g2": "0xabb73dc17fbc13021e2471e0c08bd67d8401f52b73d6d07483794cad4778180e0c06f33bbc4c79a9cadef253a68084d382f17788f885c9afd176f7cb2f036789",
          "delta_g2": "0x6176de7d77e614e09ef5e8e19cbf785ffed405d6531cee13cd71a46e2b4ef30deb18f6976c172bdcd7ea8ab2b509991bb5ce34f9fbb42486b78aac62a894a480",
          "gamma_abc_g1": [
            "0x7e92d0c6818f2e51248cd1e8e82eb14521d990b0bb155ab0e3cf99b888bc5387",
            "0xbe1ad9f5fec081770956f846e1d0ea97219a3f6499acc33e1a67aef6d6e16898"
          ],
          "gamma_g2": "0xedf692d95cbdde46ddda5ef7d422436779445c5e66006a42761e1f12efde0018c212f3aeb785e49712e7a9353349aaf1255dfb31b7bf60723a480d9293938e19"
        }
      }

      at Socket.log (src/cli/localNode.ts:118:17)

    console.error
      [localnet stderr]:

      122 |     this.process.stderr?.on("data", (data: any) => {
      123 |       const str = data.toString();
    > 124 |       console.error(`[localnet stderr]: ${str}`);
          |               ^
      125 |     });
      126 |
      127 |     this.process.on("error", (err: Error) => {

      at Socket.error (src/cli/localNode.ts:124:15)

    console.log
      
      Readiness endpoint: http://127.0.0.1:8070/

      at Socket.log (src/cli/localNode.ts:118:17)

    console.log
      Transaction stream is starting, please wait...
      Faucet is starting, please wait...
      Completed generating configuration:
      	Log file: "/Users/andygmove/.movement/testnet/validator.log"
      	Test dir: "/Users/andygmove/.movement/testnet"
      	Aptos root key path: "/Users/andygmove/.movement/testnet/mint.key"
      	Waypoint: 0:6e022389c3197c5be49cd638619b0ff43a04cac2c7ab3aaba2540d0dd31a0810
      	ChainId: 4
      	REST API endpoint: http://127.0.0.1:8080
      	Metrics endpoint: http://127.0.0.1:9101/metrics
      	Aptosnet fullnode network endpoint: /ip4/0.0.0.0/tcp/6181
      	Indexer gRPC node stream endpoint: 127.0.0.1:50051

      at Socket.log (src/cli/localNode.ts:118:17)

    console.log
      
      Aptos is running, press ctrl-c to exit
      
      Node API is starting, please wait...
      Indexer API is starting, please wait...
      Postgres is starting, please wait...

      at Socket.log (src/cli/localNode.ts:118:17)

    console.error
      [localnet stderr]:

      122 |     this.process.stderr?.on("data", (data: any) => {
      123 |       const str = data.toString();
    > 124 |       console.error(`[localnet stderr]: ${str}`);
          |               ^
      125 |     });
      126 |
      127 |     this.process.on("error", (err: Error) => {

      at Socket.error (src/cli/localNode.ts:124:15)

    console.log
      Node API is ready. Endpoint: http://127.0.0.1:8080/

      at Socket.log (src/cli/localNode.ts:118:17)

    console.log
      Postgres is ready. Endpoint: postgres://postgres@127.0.0.1:5433/local_testnet

      at Socket.log (src/cli/localNode.ts:118:17)

    console.log
      Transaction stream is ready. Endpoint: http://127.0.0.1:50051/

      at Socket.log (src/cli/localNode.ts:118:17)

    console.log
      Faucet is ready. Endpoint: http://127.0.0.1:8081/

      at Socket.log (src/cli/localNode.ts:118:17)

    console.log
      Indexer API is ready. Endpoint: http://127.0.0.1:8090/

      at Socket.log (src/cli/localNode.ts:118:17)

    console.error
      [localnet stderr]: 
      Applying post startup steps...

      122 |     this.process.stderr?.on("data", (data: any) => {
      123 |       const str = data.toString();
    > 124 |       console.error(`[localnet stderr]: ${str}`);
          |               ^
      125 |     });
      126 |
      127 |     this.process.on("error", (err: Error) => {

      at Socket.error (src/cli/localNode.ts:124:15)

    console.error
      [localnet stderr]: 
      Setup is complete, you can now use the localnet!

      122 |     this.process.stderr?.on("data", (data: any) => {
      123 |       const str = data.toString();
    > 124 |       console.error(`[localnet stderr]: ${str}`);
          |               ^
      125 |     });
      126 |
      127 |     this.process.on("error", (err: Error) => {

      at Socket.error (src/cli/localNode.ts:124:15)

    console.log
      Stopping localnet...

      at Object.<anonymous> (tests/setupPerFile.cjs:41:13)

PASS tests/e2e/api/verifySignatureAsync.test.ts (19.556 s)
  ● Console

    console.log
      Starting localnet for test file...

      at Object.<anonymous> (tests/setupPerFile.cjs:15:11)

    console.log
      Starting localnet with command: movement node run-localnet --force-restart --assume-yes --with-indexer-api --do-not-delegate

      at LocalNode.log [as start] (src/cli/localNode.ts:110:13)

    console.log
      Loading verification key from JSON:
      {
        "type": "0x1::keyless_account::Groth16VerificationKey",
        "data": {
          "alpha_g1": "0xe2f26dbea299f5223b646cb1fb33eadb059d9407559d7441dfd902e3a79a4d2d",
          "beta_g2": "0xabb73dc17fbc13021e2471e0c08bd67d8401f52b73d6d07483794cad4778180e0c06f33bbc4c79a9cadef253a68084d382f17788f885c9afd176f7cb2f036789",
          "delta_g2": "0x6176de7d77e614e09ef5e8e19cbf785ffed405d6531cee13cd71a46e2b4ef30deb18f6976c172bdcd7ea8ab2b509991bb5ce34f9fbb42486b78aac62a894a480",
          "gamma_abc_g1": [
            "0x7e92d0c6818f2e51248cd1e8e82eb14521d990b0bb155ab0e3cf99b888bc5387",
            "0xbe1ad9f5fec081770956f846e1d0ea97219a3f6499acc33e1a67aef6d6e16898"
          ],
          "gamma_g2": "0xedf692d95cbdde46ddda5ef7d422436779445c5e66006a42761e1f12efde0018c212f3aeb785e49712e7a9353349aaf1255dfb31b7bf60723a480d9293938e19"
        }
      }

      at Socket.log (src/cli/localNode.ts:118:17)

    console.error
      [localnet stderr]:

      122 |     this.process.stderr?.on("data", (data: any) => {
      123 |       const str = data.toString();
    > 124 |       console.error(`[localnet stderr]: ${str}`);
          |               ^
      125 |     });
      126 |
      127 |     this.process.on("error", (err: Error) => {

      at Socket.error (src/cli/localNode.ts:124:15)

    console.log
      
      Readiness endpoint: http://127.0.0.1:8070/

      at Socket.log (src/cli/localNode.ts:118:17)

    console.log
      Faucet is starting, please wait...
      Transaction stream is starting, please wait...

      at Socket.log (src/cli/localNode.ts:118:17)

    console.log
      Indexer API is starting, please wait...
      Node API is starting, please wait...
      Postgres is starting, please wait...

      at Socket.log (src/cli/localNode.ts:118:17)

    console.error
      [localnet stderr]:

      122 |     this.process.stderr?.on("data", (data: any) => {
      123 |       const str = data.toString();
    > 124 |       console.error(`[localnet stderr]: ${str}`);
          |               ^
      125 |     });
      126 |
      127 |     this.process.on("error", (err: Error) => {

      at Socket.error (src/cli/localNode.ts:124:15)

    console.log
      Completed generating configuration:
      	Log file: "/Users/andygmove/.movement/testnet/validator.log"
      	Test dir: "/Users/andygmove/.movement/testnet"
      	Aptos root key path: "/Users/andygmove/.movement/testnet/mint.key"
      	Waypoint: 0:a133e4d7198c6b4da6c943d693cb2507bd1bb29a8a5e758558854632c058f76a
      	ChainId: 4
      	REST API endpoint: http://127.0.0.1:8080
      	Metrics endpoint: http://127.0.0.1:9101/metrics
      	Aptosnet fullnode network endpoint: /ip4/0.0.0.0/tcp/6181
      	Indexer gRPC node stream endpoint: 127.0.0.1:50051
      
      Aptos is running, press ctrl-c to exit

      at Socket.log (src/cli/localNode.ts:118:17)

    console.log
      Node API is ready. Endpoint: http://127.0.0.1:8080/

      at Socket.log (src/cli/localNode.ts:118:17)

    console.log
      Postgres is ready. Endpoint: postgres://postgres@127.0.0.1:5433/local_testnet

      at Socket.log (src/cli/localNode.ts:118:17)

    console.log
      Transaction stream is ready. Endpoint: http://127.0.0.1:50051/

      at Socket.log (src/cli/localNode.ts:118:17)

    console.log
      Faucet is ready. Endpoint: http://127.0.0.1:8081/

      at Socket.log (src/cli/localNode.ts:118:17)

    console.log
      Indexer API is ready. Endpoint: http://127.0.0.1:8090/

      at Socket.log (src/cli/localNode.ts:118:17)

    console.error
      [localnet stderr]: 
      Applying post startup steps...

      122 |     this.process.stderr?.on("data", (data: any) => {
      123 |       const str = data.toString();
    > 124 |       console.error(`[localnet stderr]: ${str}`);
          |               ^
      125 |     });
      126 |
      127 |     this.process.on("error", (err: Error) => {

      at Socket.error (src/cli/localNode.ts:124:15)

    console.error
      [localnet stderr]: 
      Setup is complete, you can now use the localnet!

      122 |     this.process.stderr?.on("data", (data: any) => {
      123 |       const str = data.toString();
    > 124 |       console.error(`[localnet stderr]: ${str}`);
          |               ^
      125 |     });
      126 |
      127 |     this.process.on("error", (err: Error) => {

      at Socket.error (src/cli/localNode.ts:124:15)

    console.log
      Stopping localnet...

      at Object.<anonymous> (tests/setupPerFile.cjs:41:13)

PASS tests/e2e/api/transactionResponse.test.ts (17.004 s)
  ● Console

    console.log
      Starting localnet for test file...

      at Object.<anonymous> (tests/setupPerFile.cjs:15:11)

    console.log
      Starting localnet with command: movement node run-localnet --force-restart --assume-yes --with-indexer-api --do-not-delegate

      at LocalNode.log [as start] (src/cli/localNode.ts:110:13)

    console.log
      Loading verification key from JSON:
      {
        "type": "0x1::keyless_account::Groth16VerificationKey",
        "data": {
          "alpha_g1": "0xe2f26dbea299f5223b646cb1fb33eadb059d9407559d7441dfd902e3a79a4d2d",
          "beta_g2": "0xabb73dc17fbc13021e2471e0c08bd67d8401f52b73d6d07483794cad4778180e0c06f33bbc4c79a9cadef253a68084d382f17788f885c9afd176f7cb2f036789",
          "delta_g2": "0x6176de7d77e614e09ef5e8e19cbf785ffed405d6531cee13cd71a46e2b4ef30deb18f6976c172bdcd7ea8ab2b509991bb5ce34f9fbb42486b78aac62a894a480",
          "gamma_abc_g1": [
            "0x7e92d0c6818f2e51248cd1e8e82eb14521d990b0bb155ab0e3cf99b888bc5387",
            "0xbe1ad9f5fec081770956f846e1d0ea97219a3f6499acc33e1a67aef6d6e16898"
          ],
          "gamma_g2": "0xedf692d95cbdde46ddda5ef7d422436779445c5e66006a42761e1f12efde0018c212f3aeb785e49712e7a9353349aaf1255dfb31b7bf60723a480d9293938e19"
        }
      }

      at Socket.log (src/cli/localNode.ts:118:17)

    console.error
      [localnet stderr]:

      122 |     this.process.stderr?.on("data", (data: any) => {
      123 |       const str = data.toString();
    > 124 |       console.error(`[localnet stderr]: ${str}`);
          |               ^
      125 |     });
      126 |
      127 |     this.process.on("error", (err: Error) => {

      at Socket.error (src/cli/localNode.ts:124:15)

    console.log
      
      Readiness endpoint: http://127.0.0.1:8070/

      at Socket.log (src/cli/localNode.ts:118:17)

    console.log
      Node API is starting, please wait...
      Postgres is starting, please wait...
      Transaction stream is starting, please wait...

      at Socket.log (src/cli/localNode.ts:118:17)

    console.log
      Indexer API is starting, please wait...
      Faucet is starting, please wait...

      at Socket.log (src/cli/localNode.ts:118:17)

    console.error
      [localnet stderr]:

      122 |     this.process.stderr?.on("data", (data: any) => {
      123 |       const str = data.toString();
    > 124 |       console.error(`[localnet stderr]: ${str}`);
          |               ^
      125 |     });
      126 |
      127 |     this.process.on("error", (err: Error) => {

      at Socket.error (src/cli/localNode.ts:124:15)

    console.log
      Completed generating configuration:
      	Log file: "/Users/andygmove/.movement/testnet/validator.log"
      	Test dir: "/Users/andygmove/.movement/testnet"
      	Aptos root key path: "/Users/andygmove/.movement/testnet/mint.key"
      	Waypoint: 0:6d83edab706802610db97483a51484e289cb0596aaa90a98ffc05c9904882ffc
      	ChainId: 4
      	REST API endpoint: http://127.0.0.1:8080
      	Metrics endpoint: http://127.0.0.1:9101/metrics
      	Aptosnet fullnode network endpoint: /ip4/0.0.0.0/tcp/6181

      at Socket.log (src/cli/localNode.ts:118:17)

    console.log
      	Indexer gRPC node stream endpoint: 127.0.0.1:50051
      
      Aptos is running, press ctrl-c to exit

      at Socket.log (src/cli/localNode.ts:118:17)

    console.log
      Node API is ready. Endpoint: http://127.0.0.1:8080/

      at Socket.log (src/cli/localNode.ts:118:17)

    console.log
      Postgres is ready. Endpoint: postgres://postgres@127.0.0.1:5433/local_testnet

      at Socket.log (src/cli/localNode.ts:118:17)

    console.log
      Transaction stream is ready. Endpoint: http://127.0.0.1:50051/

      at Socket.log (src/cli/localNode.ts:118:17)

    console.log
      Faucet is ready. Endpoint: http://127.0.0.1:8081/

      at Socket.log (src/cli/localNode.ts:118:17)

    console.log
      Indexer API is ready. Endpoint: http://127.0.0.1:8090/

      at Socket.log (src/cli/localNode.ts:118:17)

    console.error
      [localnet stderr]: 
      Applying post startup steps...

      122 |     this.process.stderr?.on("data", (data: any) => {
      123 |       const str = data.toString();
    > 124 |       console.error(`[localnet stderr]: ${str}`);
          |               ^
      125 |     });
      126 |
      127 |     this.process.on("error", (err: Error) => {

      at Socket.error (src/cli/localNode.ts:124:15)

    console.error
      [localnet stderr]: 
      Setup is complete, you can now use the localnet!

      122 |     this.process.stderr?.on("data", (data: any) => {
      123 |       const str = data.toString();
    > 124 |       console.error(`[localnet stderr]: ${str}`);
          |               ^
      125 |     });
      126 |
      127 |     this.process.on("error", (err: Error) => {

      at Socket.error (src/cli/localNode.ts:124:15)

    console.log
      Stopping localnet...

      at Object.<anonymous> (tests/setupPerFile.cjs:41:13)

PASS tests/unit/publicKey.test.ts (16.889 s)
  ● Console

    console.log
      Starting localnet for test file...

      at Object.<anonymous> (tests/setupPerFile.cjs:15:11)

    console.log
      Starting localnet with command: movement node run-localnet --force-restart --assume-yes --with-indexer-api --do-not-delegate

      at LocalNode.log [as start] (src/cli/localNode.ts:110:13)

    console.log
      Loading verification key from JSON:
      {
        "type": "0x1::keyless_account::Groth16VerificationKey",
        "data": {
          "alpha_g1": "0xe2f26dbea299f5223b646cb1fb33eadb059d9407559d7441dfd902e3a79a4d2d",
          "beta_g2": "0xabb73dc17fbc13021e2471e0c08bd67d8401f52b73d6d07483794cad4778180e0c06f33bbc4c79a9cadef253a68084d382f17788f885c9afd176f7cb2f036789",
          "delta_g2": "0x6176de7d77e614e09ef5e8e19cbf785ffed405d6531cee13cd71a46e2b4ef30deb18f6976c172bdcd7ea8ab2b509991bb5ce34f9fbb42486b78aac62a894a480",
          "gamma_abc_g1": [
            "0x7e92d0c6818f2e51248cd1e8e82eb14521d990b0bb155ab0e3cf99b888bc5387",
            "0xbe1ad9f5fec081770956f846e1d0ea97219a3f6499acc33e1a67aef6d6e16898"
          ],
          "gamma_g2": "0xedf692d95cbdde46ddda5ef7d422436779445c5e66006a42761e1f12efde0018c212f3aeb785e49712e7a9353349aaf1255dfb31b7bf60723a480d9293938e19"
        }
      }

      at Socket.log (src/cli/localNode.ts:118:17)

    console.error
      [localnet stderr]:

      122 |     this.process.stderr?.on("data", (data: any) => {
      123 |       const str = data.toString();
    > 124 |       console.error(`[localnet stderr]: ${str}`);
          |               ^
      125 |     });
      126 |
      127 |     this.process.on("error", (err: Error) => {

      at Socket.error (src/cli/localNode.ts:124:15)

    console.log
      
      Readiness endpoint: http://127.0.0.1:8070/

      at Socket.log (src/cli/localNode.ts:118:17)

    console.log
      Transaction stream is starting, please wait...
      Node API is starting, please wait...
      Postgres is starting, please wait...
      Indexer API is starting, please wait...

      at Socket.log (src/cli/localNode.ts:118:17)

    console.log
      Faucet is starting, please wait...

      at Socket.log (src/cli/localNode.ts:118:17)

    console.error
      [localnet stderr]:

      122 |     this.process.stderr?.on("data", (data: any) => {
      123 |       const str = data.toString();
    > 124 |       console.error(`[localnet stderr]: ${str}`);
          |               ^
      125 |     });
      126 |
      127 |     this.process.on("error", (err: Error) => {

      at Socket.error (src/cli/localNode.ts:124:15)

    console.log
      Completed generating configuration:
      	Log file: "/Users/andygmove/.movement/testnet/validator.log"
      	Test dir: "/Users/andygmove/.movement/testnet"
      	Aptos root key path: "/Users/andygmove/.movement/testnet/mint.key"
      	Waypoint: 0:02248b1e6661c8c6dab6298e7b83540bdb6318fe4b906658ea2ec1f13dea6dbe
      	ChainId: 4
      	REST API endpoint: http://127.0.0.1:8080
      	Metrics endpoint: http://127.0.0.1:9101/metrics
      	Aptosnet fullnode network endpoint: /ip4/0.0.0.0/tcp/6181
      	Indexer gRPC node stream endpoint: 127.0.0.1:50051
      
      Aptos is running, press ctrl-c to exit

      at Socket.log (src/cli/localNode.ts:118:17)

    console.log
      Node API is ready. Endpoint: http://127.0.0.1:8080/

      at Socket.log (src/cli/localNode.ts:118:17)

    console.log
      Postgres is ready. Endpoint: postgres://postgres@127.0.0.1:5433/local_testnet

      at Socket.log (src/cli/localNode.ts:118:17)

    console.log
      Transaction stream is ready. Endpoint: http://127.0.0.1:50051/

      at Socket.log (src/cli/localNode.ts:118:17)

    console.log
      Faucet is ready. Endpoint: http://127.0.0.1:8081/

      at Socket.log (src/cli/localNode.ts:118:17)

    console.log
      Indexer API is ready. Endpoint: http://127.0.0.1:8090/

      at Socket.log (src/cli/localNode.ts:118:17)

    console.error
      [localnet stderr]: 
      Applying post startup steps...

      122 |     this.process.stderr?.on("data", (data: any) => {
      123 |       const str = data.toString();
    > 124 |       console.error(`[localnet stderr]: ${str}`);
          |               ^
      125 |     });
      126 |
      127 |     this.process.on("error", (err: Error) => {

      at Socket.error (src/cli/localNode.ts:124:15)

    console.error
      [localnet stderr]: 
      Setup is complete, you can now use the localnet!

      122 |     this.process.stderr?.on("data", (data: any) => {
      123 |       const str = data.toString();
    > 124 |       console.error(`[localnet stderr]: ${str}`);
          |               ^
      125 |     });
      126 |
      127 |     this.process.on("error", (err: Error) => {

      at Socket.error (src/cli/localNode.ts:124:15)

    console.log
      Stopping localnet...

      at Object.<anonymous> (tests/setupPerFile.cjs:41:13)

PASS tests/unit/client.test.ts (17.494 s)
  ● Console

    console.log
      Starting localnet for test file...

      at Object.<anonymous> (tests/setupPerFile.cjs:15:11)

    console.log
      Starting localnet with command: movement node run-localnet --force-restart --assume-yes --with-indexer-api --do-not-delegate

      at LocalNode.log [as start] (src/cli/localNode.ts:110:13)

    console.log
      Loading verification key from JSON:
      {
        "type": "0x1::keyless_account::Groth16VerificationKey",
        "data": {
          "alpha_g1": "0xe2f26dbea299f5223b646cb1fb33eadb059d9407559d7441dfd902e3a79a4d2d",
          "beta_g2": "0xabb73dc17fbc13021e2471e0c08bd67d8401f52b73d6d07483794cad4778180e0c06f33bbc4c79a9cadef253a68084d382f17788f885c9afd176f7cb2f036789",
          "delta_g2": "0x6176de7d77e614e09ef5e8e19cbf785ffed405d6531cee13cd71a46e2b4ef30deb18f6976c172bdcd7ea8ab2b509991bb5ce34f9fbb42486b78aac62a894a480",
          "gamma_abc_g1": [
            "0x7e92d0c6818f2e51248cd1e8e82eb14521d990b0bb155ab0e3cf99b888bc5387",
            "0xbe1ad9f5fec081770956f846e1d0ea97219a3f6499acc33e1a67aef6d6e16898"
          ],
          "gamma_g2": "0xedf692d95cbdde46ddda5ef7d422436779445c5e66006a42761e1f12efde0018c212f3aeb785e49712e7a9353349aaf1255dfb31b7bf60723a480d9293938e19"
        }
      }

      at Socket.log (src/cli/localNode.ts:118:17)

    console.error
      [localnet stderr]:

      122 |     this.process.stderr?.on("data", (data: any) => {
      123 |       const str = data.toString();
    > 124 |       console.error(`[localnet stderr]: ${str}`);
          |               ^
      125 |     });
      126 |
      127 |     this.process.on("error", (err: Error) => {

      at Socket.error (src/cli/localNode.ts:124:15)

    console.log
      
      Readiness endpoint: http://127.0.0.1:8070/

      at Socket.log (src/cli/localNode.ts:118:17)

    console.log
      Transaction stream is starting, please wait...

      at Socket.log (src/cli/localNode.ts:118:17)

    console.log
      Faucet is starting, please wait...
      Indexer API is starting, please wait...

      at Socket.log (src/cli/localNode.ts:118:17)

    console.log
      Postgres is starting, please wait...
      Node API is starting, please wait...

      at Socket.log (src/cli/localNode.ts:118:17)

    console.log
      Completed generating configuration:
      	Log file: "/Users/andygmove/.movement/testnet/validator.log"
      	Test dir: "/Users/andygmove/.movement/testnet"
      	Aptos root key path: "/Users/andygmove/.movement/testnet/mint.key"
      	Waypoint: 0:6463f06dfbadf7a410c7e6b51e5169fbf00ba011543015a295d3c9d8011c7c8b
      	ChainId: 4
      	REST API endpoint: http://127.0.0.1:8080
      	Metrics endpoint: http://127.0.0.1:9101/metrics
      	Aptosnet fullnode network endpoint: /ip4/0.0.0.0/tcp/6181
      	Indexer gRPC node stream endpoint: 127.0.0.1:50051
      
      Aptos is running, press ctrl-c to exit

      at Socket.log (src/cli/localNode.ts:118:17)

    console.error
      [localnet stderr]:

      122 |     this.process.stderr?.on("data", (data: any) => {
      123 |       const str = data.toString();
    > 124 |       console.error(`[localnet stderr]: ${str}`);
          |               ^
      125 |     });
      126 |
      127 |     this.process.on("error", (err: Error) => {

      at Socket.error (src/cli/localNode.ts:124:15)

    console.log
      Node API is ready. Endpoint: http://127.0.0.1:8080/

      at Socket.log (src/cli/localNode.ts:118:17)

    console.log
      Postgres is ready. Endpoint: postgres://postgres@127.0.0.1:5433/local_testnet

      at Socket.log (src/cli/localNode.ts:118:17)

    console.log
      Transaction stream is ready. Endpoint: http://127.0.0.1:50051/

      at Socket.log (src/cli/localNode.ts:118:17)

    console.log
      Faucet is ready. Endpoint: http://127.0.0.1:8081/

      at Socket.log (src/cli/localNode.ts:118:17)

    console.log
      Indexer API is ready. Endpoint: http://127.0.0.1:8090/

      at Socket.log (src/cli/localNode.ts:118:17)

    console.error
      [localnet stderr]: 
      Applying post startup steps...

      122 |     this.process.stderr?.on("data", (data: any) => {
      123 |       const str = data.toString();
    > 124 |       console.error(`[localnet stderr]: ${str}`);
          |               ^
      125 |     });
      126 |
      127 |     this.process.on("error", (err: Error) => {

      at Socket.error (src/cli/localNode.ts:124:15)

    console.error
      [localnet stderr]: 
      Setup is complete, you can now use the localnet!

      122 |     this.process.stderr?.on("data", (data: any) => {
      123 |       const str = data.toString();
    > 124 |       console.error(`[localnet stderr]: ${str}`);
          |               ^
      125 |     });
      126 |
      127 |     this.process.on("error", (err: Error) => {

      at Socket.error (src/cli/localNode.ts:124:15)

    console.log
      Stopping localnet...

      at Object.<anonymous> (tests/setupPerFile.cjs:41:13)

PASS tests/e2e/client/post.test.ts (17.83 s)
  ● Console

    console.log
      Starting localnet for test file...

      at Object.<anonymous> (tests/setupPerFile.cjs:15:11)

    console.log
      Starting localnet with command: movement node run-localnet --force-restart --assume-yes --with-indexer-api --do-not-delegate

      at LocalNode.log [as start] (src/cli/localNode.ts:110:13)

    console.log
      Loading verification key from JSON:
      {
        "type": "0x1::keyless_account::Groth16VerificationKey",
        "data": {
          "alpha_g1": "0xe2f26dbea299f5223b646cb1fb33eadb059d9407559d7441dfd902e3a79a4d2d",
          "beta_g2": "0xabb73dc17fbc13021e2471e0c08bd67d8401f52b73d6d07483794cad4778180e0c06f33bbc4c79a9cadef253a68084d382f17788f885c9afd176f7cb2f036789",
          "delta_g2": "0x6176de7d77e614e09ef5e8e19cbf785ffed405d6531cee13cd71a46e2b4ef30deb18f6976c172bdcd7ea8ab2b509991bb5ce34f9fbb42486b78aac62a894a480",
          "gamma_abc_g1": [
            "0x7e92d0c6818f2e51248cd1e8e82eb14521d990b0bb155ab0e3cf99b888bc5387",
            "0xbe1ad9f5fec081770956f846e1d0ea97219a3f6499acc33e1a67aef6d6e16898"
          ],
          "gamma_g2": "0xedf692d95cbdde46ddda5ef7d422436779445c5e66006a42761e1f12efde0018c212f3aeb785e49712e7a9353349aaf1255dfb31b7bf60723a480d9293938e19"
        }
      }

      at Socket.log (src/cli/localNode.ts:118:17)

    console.error
      [localnet stderr]:

      122 |     this.process.stderr?.on("data", (data: any) => {
      123 |       const str = data.toString();
    > 124 |       console.error(`[localnet stderr]: ${str}`);
          |               ^
      125 |     });
      126 |
      127 |     this.process.on("error", (err: Error) => {

      at Socket.error (src/cli/localNode.ts:124:15)

    console.log
      
      Readiness endpoint: http://127.0.0.1:8070/

      at Socket.log (src/cli/localNode.ts:118:17)

    console.log
      Faucet is starting, please wait...
      Postgres is starting, please wait...
      Node API is starting, please wait...

      at Socket.log (src/cli/localNode.ts:118:17)

    console.log
      Transaction stream is starting, please wait...
      Completed generating configuration:
      	Log file: "/Users/andygmove/.movement/testnet/validator.log"
      	Test dir: "/Users/andygmove/.movement/testnet"
      	Aptos root key path: "/Users/andygmove/.movement/testnet/mint.key"
      	Waypoint: 0:f0f18122c6fda2a57c66c7e9f0c7be0fa516b8b2a3567cef8b962ae0ce0554a2
      	ChainId: 4
      	REST API endpoint: http://127.0.0.1:8080
      	Metrics endpoint: http://127.0.0.1:9101/metrics
      	Aptosnet fullnode network endpoint: /ip4/0.0.0.0/tcp/6181
      	Indexer gRPC node stream endpoint: 127.0.0.1:50051
      
      Aptos is running, press ctrl-c to exit

      at Socket.log (src/cli/localNode.ts:118:17)

    console.log
      Indexer API is starting, please wait...

      at Socket.log (src/cli/localNode.ts:118:17)

    console.error
      [localnet stderr]:

      122 |     this.process.stderr?.on("data", (data: any) => {
      123 |       const str = data.toString();
    > 124 |       console.error(`[localnet stderr]: ${str}`);
          |               ^
      125 |     });
      126 |
      127 |     this.process.on("error", (err: Error) => {

      at Socket.error (src/cli/localNode.ts:124:15)

    console.log
      Node API is ready. Endpoint: http://127.0.0.1:8080/

      at Socket.log (src/cli/localNode.ts:118:17)

    console.log
      Postgres is ready. Endpoint: postgres://postgres@127.0.0.1:5433/local_testnet

      at Socket.log (src/cli/localNode.ts:118:17)

    console.log
      Faucet is ready. Endpoint: http://127.0.0.1:8081/

      at Socket.log (src/cli/localNode.ts:118:17)

    console.log
      Transaction stream is ready. Endpoint: http://127.0.0.1:50051/

      at Socket.log (src/cli/localNode.ts:118:17)

    console.log
      Indexer API is ready. Endpoint: http://127.0.0.1:8090/

      at Socket.log (src/cli/localNode.ts:118:17)

    console.error
      [localnet stderr]: 
      Applying post startup steps...

      122 |     this.process.stderr?.on("data", (data: any) => {
      123 |       const str = data.toString();
    > 124 |       console.error(`[localnet stderr]: ${str}`);
          |               ^
      125 |     });
      126 |
      127 |     this.process.on("error", (err: Error) => {

      at Socket.error (src/cli/localNode.ts:124:15)

    console.error
      [localnet stderr]: 
      Setup is complete, you can now use the localnet!

      122 |     this.process.stderr?.on("data", (data: any) => {
      123 |       const str = data.toString();
    > 124 |       console.error(`[localnet stderr]: ${str}`);
          |               ^
      125 |     });
      126 |
      127 |     this.process.on("error", (err: Error) => {

      at Socket.error (src/cli/localNode.ts:124:15)

    console.log
      Stopping localnet...

      at Object.<anonymous> (tests/setupPerFile.cjs:41:13)

PASS tests/unit/accountSerialization.test.ts (17.477 s)
  ● Console

    console.log
      Starting localnet for test file...

      at Object.<anonymous> (tests/setupPerFile.cjs:15:11)

    console.log
      Starting localnet with command: movement node run-localnet --force-restart --assume-yes --with-indexer-api --do-not-delegate

      at LocalNode.log [as start] (src/cli/localNode.ts:110:13)

    console.log
      Loading verification key from JSON:
      {
        "type": "0x1::keyless_account::Groth16VerificationKey",
        "data": {
          "alpha_g1": "0xe2f26dbea299f5223b646cb1fb33eadb059d9407559d7441dfd902e3a79a4d2d",
          "beta_g2": "0xabb73dc17fbc13021e2471e0c08bd67d8401f52b73d6d07483794cad4778180e0c06f33bbc4c79a9cadef253a68084d382f17788f885c9afd176f7cb2f036789",
          "delta_g2": "0x6176de7d77e614e09ef5e8e19cbf785ffed405d6531cee13cd71a46e2b4ef30deb18f6976c172bdcd7ea8ab2b509991bb5ce34f9fbb42486b78aac62a894a480",
          "gamma_abc_g1": [
            "0x7e92d0c6818f2e51248cd1e8e82eb14521d990b0bb155ab0e3cf99b888bc5387",
            "0xbe1ad9f5fec081770956f846e1d0ea97219a3f6499acc33e1a67aef6d6e16898"
          ],
          "gamma_g2": "0xedf692d95cbdde46ddda5ef7d422436779445c5e66006a42761e1f12efde0018c212f3aeb785e49712e7a9353349aaf1255dfb31b7bf60723a480d9293938e19"
        }
      }

      at Socket.log (src/cli/localNode.ts:118:17)

    console.error
      [localnet stderr]:

      122 |     this.process.stderr?.on("data", (data: any) => {
      123 |       const str = data.toString();
    > 124 |       console.error(`[localnet stderr]: ${str}`);
          |               ^
      125 |     });
      126 |
      127 |     this.process.on("error", (err: Error) => {

      at Socket.error (src/cli/localNode.ts:124:15)

    console.log
      
      Readiness endpoint: http://127.0.0.1:8070/

      at Socket.log (src/cli/localNode.ts:118:17)

    console.log
      Faucet is starting, please wait...
      Indexer API is starting, please wait...
      Postgres is starting, please wait...
      Node API is starting, please wait...

      at Socket.log (src/cli/localNode.ts:118:17)

    console.log
      Transaction stream is starting, please wait...

      at Socket.log (src/cli/localNode.ts:118:17)

    console.error
      [localnet stderr]:

      122 |     this.process.stderr?.on("data", (data: any) => {
      123 |       const str = data.toString();
    > 124 |       console.error(`[localnet stderr]: ${str}`);
          |               ^
      125 |     });
      126 |
      127 |     this.process.on("error", (err: Error) => {

      at Socket.error (src/cli/localNode.ts:124:15)

    console.log
      Completed generating configuration:
      	Log file: "/Users/andygmove/.movement/testnet/validator.log"
      	Test dir: "/Users/andygmove/.movement/testnet"
      	Aptos root key path: "/Users/andygmove/.movement/testnet/mint.key"
      	Waypoint: 0:102c7be854d35214b9aad62d66c59f447c9359778a4c5a2721e44a6343fbeee3
      	ChainId: 4
      	REST API endpoint: http://127.0.0.1:8080
      	Metrics endpoint: http://127.0.0.1:9101/metrics
      	Aptosnet fullnode network endpoint: /ip4/0.0.0.0/tcp/6181
      	Indexer gRPC node stream endpoint: 127.0.0.1:50051
      
      Aptos is running, press ctrl-c to exit

      at Socket.log (src/cli/localNode.ts:118:17)

    console.log
      Node API is ready. Endpoint: http://127.0.0.1:8080/

      at Socket.log (src/cli/localNode.ts:118:17)

    console.log
      Postgres is ready. Endpoint: postgres://postgres@127.0.0.1:5433/local_testnet

      at Socket.log (src/cli/localNode.ts:118:17)

    console.log
      Transaction stream is ready. Endpoint: http://127.0.0.1:50051/

      at Socket.log (src/cli/localNode.ts:118:17)

    console.log
      Faucet is ready. Endpoint: http://127.0.0.1:8081/

      at Socket.log (src/cli/localNode.ts:118:17)

    console.log
      Indexer API is ready. Endpoint: http://127.0.0.1:8090/

      at Socket.log (src/cli/localNode.ts:118:17)

    console.error
      [localnet stderr]: 
      Applying post startup steps...

      122 |     this.process.stderr?.on("data", (data: any) => {
      123 |       const str = data.toString();
    > 124 |       console.error(`[localnet stderr]: ${str}`);
          |               ^
      125 |     });
      126 |
      127 |     this.process.on("error", (err: Error) => {

      at Socket.error (src/cli/localNode.ts:124:15)

    console.error
      [localnet stderr]: 
      Setup is complete, you can now use the localnet!

      122 |     this.process.stderr?.on("data", (data: any) => {
      123 |       const str = data.toString();
    > 124 |       console.error(`[localnet stderr]: ${str}`);
          |               ^
      125 |     });
      126 |
      127 |     this.process.on("error", (err: Error) => {

      at Socket.error (src/cli/localNode.ts:124:15)

    console.log
      Stopping localnet...

      at Object.<anonymous> (tests/setupPerFile.cjs:41:13)

PASS tests/unit/scriptTransactionArguments.test.ts (18.214 s)
  ● Console

    console.log
      Starting localnet for test file...

      at Object.<anonymous> (tests/setupPerFile.cjs:15:11)

    console.log
      Starting localnet with command: movement node run-localnet --force-restart --assume-yes --with-indexer-api --do-not-delegate

      at LocalNode.log [as start] (src/cli/localNode.ts:110:13)

    console.log
      Loading verification key from JSON:
      {
        "type": "0x1::keyless_account::Groth16VerificationKey",
        "data": {
          "alpha_g1": "0xe2f26dbea299f5223b646cb1fb33eadb059d9407559d7441dfd902e3a79a4d2d",
          "beta_g2": "0xabb73dc17fbc13021e2471e0c08bd67d8401f52b73d6d07483794cad4778180e0c06f33bbc4c79a9cadef253a68084d382f17788f885c9afd176f7cb2f036789",
          "delta_g2": "0x6176de7d77e614e09ef5e8e19cbf785ffed405d6531cee13cd71a46e2b4ef30deb18f6976c172bdcd7ea8ab2b509991bb5ce34f9fbb42486b78aac62a894a480",
          "gamma_abc_g1": [
            "0x7e92d0c6818f2e51248cd1e8e82eb14521d990b0bb155ab0e3cf99b888bc5387",
            "0xbe1ad9f5fec081770956f846e1d0ea97219a3f6499acc33e1a67aef6d6e16898"
          ],
          "gamma_g2": "0xedf692d95cbdde46ddda5ef7d422436779445c5e66006a42761e1f12efde0018c212f3aeb785e49712e7a9353349aaf1255dfb31b7bf60723a480d9293938e19"
        }
      }

      at Socket.log (src/cli/localNode.ts:118:17)

    console.error
      [localnet stderr]:

      122 |     this.process.stderr?.on("data", (data: any) => {
      123 |       const str = data.toString();
    > 124 |       console.error(`[localnet stderr]: ${str}`);
          |               ^
      125 |     });
      126 |
      127 |     this.process.on("error", (err: Error) => {

      at Socket.error (src/cli/localNode.ts:124:15)

    console.log
      
      Readiness endpoint: http://127.0.0.1:8070/

      at Socket.log (src/cli/localNode.ts:118:17)

    console.log
      Transaction stream is starting, please wait...
      Postgres is starting, please wait...
      Faucet is starting, please wait...

      at Socket.log (src/cli/localNode.ts:118:17)

    console.log
      Indexer API is starting, please wait...
      Node API is starting, please wait...

      at Socket.log (src/cli/localNode.ts:118:17)

    console.error
      [localnet stderr]:

      122 |     this.process.stderr?.on("data", (data: any) => {
      123 |       const str = data.toString();
    > 124 |       console.error(`[localnet stderr]: ${str}`);
          |               ^
      125 |     });
      126 |
      127 |     this.process.on("error", (err: Error) => {

      at Socket.error (src/cli/localNode.ts:124:15)

    console.log
      Completed generating configuration:
      	Log file: "/Users/andygmove/.movement/testnet/validator.log"
      	Test dir: "/Users/andygmove/.movement/testnet"
      	Aptos root key path: "/Users/andygmove/.movement/testnet/mint.key"
      	Waypoint: 0:a4ecf0f18a8b7a8a878962db9c28ed83034916e64a4bd47ce8b279d5ab0f13ce
      	ChainId: 4
      	REST API endpoint: http://127.0.0.1:8080
      	Metrics endpoint: http://127.0.0.1:9101/metrics
      	Aptosnet fullnode network endpoint: /ip4/0.0.0.0/tcp/6181
      	Indexer gRPC node stream endpoint: 127.0.0.1:50051
      
      Aptos is running, press ctrl-c to exit

      at Socket.log (src/cli/localNode.ts:118:17)

    console.log
      Node API is ready. Endpoint: http://127.0.0.1:8080/

      at Socket.log (src/cli/localNode.ts:118:17)

    console.log
      Postgres is ready. Endpoint: postgres://postgres@127.0.0.1:5433/local_testnet

      at Socket.log (src/cli/localNode.ts:118:17)

    console.log
      Transaction stream is ready. Endpoint: http://127.0.0.1:50051/

      at Socket.log (src/cli/localNode.ts:118:17)

    console.log
      Faucet is ready. Endpoint: http://127.0.0.1:8081/

      at Socket.log (src/cli/localNode.ts:118:17)

    console.log
      Indexer API is ready. Endpoint: http://127.0.0.1:8090/

      at Socket.log (src/cli/localNode.ts:118:17)

    console.error
      [localnet stderr]: 
      Applying post startup steps...

      122 |     this.process.stderr?.on("data", (data: any) => {
      123 |       const str = data.toString();
    > 124 |       console.error(`[localnet stderr]: ${str}`);
          |               ^
      125 |     });
      126 |
      127 |     this.process.on("error", (err: Error) => {

      at Socket.error (src/cli/localNode.ts:124:15)

    console.error
      [localnet stderr]: 
      Setup is complete, you can now use the localnet!

      122 |     this.process.stderr?.on("data", (data: any) => {
      123 |       const str = data.toString();
    > 124 |       console.error(`[localnet stderr]: ${str}`);
          |               ^
      125 |     });
      126 |
      127 |     this.process.on("error", (err: Error) => {

      at Socket.error (src/cli/localNode.ts:124:15)

    console.log
      Stopping localnet...

      at Object.<anonymous> (tests/setupPerFile.cjs:41:13)

PASS tests/unit/helpers.test.ts (17.793 s)
  ● Console

    console.log
      Starting localnet for test file...

      at Object.<anonymous> (tests/setupPerFile.cjs:15:11)

    console.log
      Starting localnet with command: movement node run-localnet --force-restart --assume-yes --with-indexer-api --do-not-delegate

      at LocalNode.log [as start] (src/cli/localNode.ts:110:13)

    console.log
      Loading verification key from JSON:
      {
        "type": "0x1::keyless_account::Groth16VerificationKey",
        "data": {
          "alpha_g1": "0xe2f26dbea299f5223b646cb1fb33eadb059d9407559d7441dfd902e3a79a4d2d",
          "beta_g2": "0xabb73dc17fbc13021e2471e0c08bd67d8401f52b73d6d07483794cad4778180e0c06f33bbc4c79a9cadef253a68084d382f17788f885c9afd176f7cb2f036789",
          "delta_g2": "0x6176de7d77e614e09ef5e8e19cbf785ffed405d6531cee13cd71a46e2b4ef30deb18f6976c172bdcd7ea8ab2b509991bb5ce34f9fbb42486b78aac62a894a480",
          "gamma_abc_g1": [
            "0x7e92d0c6818f2e51248cd1e8e82eb14521d990b0bb155ab0e3cf99b888bc5387",
            "0xbe1ad9f5fec081770956f846e1d0ea97219a3f6499acc33e1a67aef6d6e16898"
          ],
          "gamma_g2": "0xedf692d95cbdde46ddda5ef7d422436779445c5e66006a42761e1f12efde0018c212f3aeb785e49712e7a9353349aaf1255dfb31b7bf60723a480d9293938e19"
        }
      }

      at Socket.log (src/cli/localNode.ts:118:17)

    console.error
      [localnet stderr]:

      122 |     this.process.stderr?.on("data", (data: any) => {
      123 |       const str = data.toString();
    > 124 |       console.error(`[localnet stderr]: ${str}`);
          |               ^
      125 |     });
      126 |
      127 |     this.process.on("error", (err: Error) => {

      at Socket.error (src/cli/localNode.ts:124:15)

    console.log
      
      Readiness endpoint: http://127.0.0.1:8070/

      at Socket.log (src/cli/localNode.ts:118:17)

    console.log
      Postgres is starting, please wait...
      Node API is starting, please wait...
      Faucet is starting, please wait...
      Transaction stream is starting, please wait...

      at Socket.log (src/cli/localNode.ts:118:17)

    console.log
      Indexer API is starting, please wait...

      at Socket.log (src/cli/localNode.ts:118:17)

    console.error
      [localnet stderr]:

      122 |     this.process.stderr?.on("data", (data: any) => {
      123 |       const str = data.toString();
    > 124 |       console.error(`[localnet stderr]: ${str}`);
          |               ^
      125 |     });
      126 |
      127 |     this.process.on("error", (err: Error) => {

      at Socket.error (src/cli/localNode.ts:124:15)

    console.log
      Completed generating configuration:
      	Log file: "/Users/andygmove/.movement/testnet/validator.log"
      	Test dir: "/Users/andygmove/.movement/testnet"
      	Aptos root key path: "/Users/andygmove/.movement/testnet/mint.key"
      	Waypoint: 0:b56b924492e1d6383cfe2c655665727f71757161387e50881c42b2a9fced1150
      	ChainId: 4
      	REST API endpoint: http://127.0.0.1:8080
      	Metrics endpoint: http://127.0.0.1:9101/metrics
      	Aptosnet fullnode network endpoint: /ip4/0.0.0.0/tcp/6181
      	Indexer gRPC node stream endpoint: 127.0.0.1:50051
      
      Aptos is running, press ctrl-c to exit

      at Socket.log (src/cli/localNode.ts:118:17)

    console.log
      Node API is ready. Endpoint: http://127.0.0.1:8080/

      at Socket.log (src/cli/localNode.ts:118:17)

    console.log
      Postgres is ready. Endpoint: postgres://postgres@127.0.0.1:5433/local_testnet

      at Socket.log (src/cli/localNode.ts:118:17)

    console.log
      Transaction stream is ready. Endpoint: http://127.0.0.1:50051/

      at Socket.log (src/cli/localNode.ts:118:17)

    console.log
      Faucet is ready. Endpoint: http://127.0.0.1:8081/

      at Socket.log (src/cli/localNode.ts:118:17)

    console.log
      Indexer API is ready. Endpoint: http://127.0.0.1:8090/

      at Socket.log (src/cli/localNode.ts:118:17)

    console.error
      [localnet stderr]: 
      Applying post startup steps...

      122 |     this.process.stderr?.on("data", (data: any) => {
      123 |       const str = data.toString();
    > 124 |       console.error(`[localnet stderr]: ${str}`);
          |               ^
      125 |     });
      126 |
      127 |     this.process.on("error", (err: Error) => {

      at Socket.error (src/cli/localNode.ts:124:15)

    console.error
      [localnet stderr]: 
      Setup is complete, you can now use the localnet!

      122 |     this.process.stderr?.on("data", (data: any) => {
      123 |       const str = data.toString();
    > 124 |       console.error(`[localnet stderr]: ${str}`);
          |               ^
      125 |     });
      126 |
      127 |     this.process.on("error", (err: Error) => {

      at Socket.error (src/cli/localNode.ts:124:15)

    console.log
      Stopping localnet...

      at Object.<anonymous> (tests/setupPerFile.cjs:41:13)

PASS tests/unit/signingMessage.test.ts (17.848 s)
  ● Console

    console.log
      Starting localnet for test file...

      at Object.<anonymous> (tests/setupPerFile.cjs:15:11)

    console.log
      Starting localnet with command: movement node run-localnet --force-restart --assume-yes --with-indexer-api --do-not-delegate

      at LocalNode.log [as start] (src/cli/localNode.ts:110:13)

    console.log
      Loading verification key from JSON:
      {
        "type": "0x1::keyless_account::Groth16VerificationKey",
        "data": {
          "alpha_g1": "0xe2f26dbea299f5223b646cb1fb33eadb059d9407559d7441dfd902e3a79a4d2d",
          "beta_g2": "0xabb73dc17fbc13021e2471e0c08bd67d8401f52b73d6d07483794cad4778180e0c06f33bbc4c79a9cadef253a68084d382f17788f885c9afd176f7cb2f036789",
          "delta_g2": "0x6176de7d77e614e09ef5e8e19cbf785ffed405d6531cee13cd71a46e2b4ef30deb18f6976c172bdcd7ea8ab2b509991bb5ce34f9fbb42486b78aac62a894a480",
          "gamma_abc_g1": [
            "0x7e92d0c6818f2e51248cd1e8e82eb14521d990b0bb155ab0e3cf99b888bc5387",
            "0xbe1ad9f5fec081770956f846e1d0ea97219a3f6499acc33e1a67aef6d6e16898"
          ],
          "gamma_g2": "0xedf692d95cbdde46ddda5ef7d422436779445c5e66006a42761e1f12efde0018c212f3aeb785e49712e7a9353349aaf1255dfb31b7bf60723a480d9293938e19"
        }
      }

      at Socket.log (src/cli/localNode.ts:118:17)

    console.error
      [localnet stderr]:

      122 |     this.process.stderr?.on("data", (data: any) => {
      123 |       const str = data.toString();
    > 124 |       console.error(`[localnet stderr]: ${str}`);
          |               ^
      125 |     });
      126 |
      127 |     this.process.on("error", (err: Error) => {

      at Socket.error (src/cli/localNode.ts:124:15)

    console.log
      
      Readiness endpoint: http://127.0.0.1:8070/

      at Socket.log (src/cli/localNode.ts:118:17)

    console.log
      Faucet is starting, please wait...
      Indexer API is starting, please wait...
      Node API is starting, please wait...
      Transaction stream is starting, please wait...
      Postgres is starting, please wait...
      Completed generating configuration:
      	Log file: "/Users/andygmove/.movement/testnet/validator.log"
      	Test dir: "/Users/andygmove/.movement/testnet"
      	Aptos root key path: "/Users/andygmove/.movement/testnet/mint.key"
      	Waypoint: 0:a43715519dade108f5dd4581fb7dd62d05ad87bd69f7b889ce12a5d0d8edb642
      	ChainId: 4
      	REST API endpoint: http://127.0.0.1:8080
      	Metrics endpoint: http://127.0.0.1:9101/metrics
      	Aptosnet fullnode network endpoint: /ip4/0.0.0.0/tcp/6181
      	Indexer gRPC node stream endpoint: 127.0.0.1:50051
      
      Aptos is running, press ctrl-c to exit

      at Socket.log (src/cli/localNode.ts:118:17)

    console.error
      [localnet stderr]:

      122 |     this.process.stderr?.on("data", (data: any) => {
      123 |       const str = data.toString();
    > 124 |       console.error(`[localnet stderr]: ${str}`);
          |               ^
      125 |     });
      126 |
      127 |     this.process.on("error", (err: Error) => {

      at Socket.error (src/cli/localNode.ts:124:15)

    console.log
      Node API is ready. Endpoint: http://127.0.0.1:8080/

      at Socket.log (src/cli/localNode.ts:118:17)

    console.log
      Postgres is ready. Endpoint: postgres://postgres@127.0.0.1:5433/local_testnet

      at Socket.log (src/cli/localNode.ts:118:17)

    console.log
      Transaction stream is ready. Endpoint: http://127.0.0.1:50051/

      at Socket.log (src/cli/localNode.ts:118:17)

    console.log
      Faucet is ready. Endpoint: http://127.0.0.1:8081/

      at Socket.log (src/cli/localNode.ts:118:17)

    console.log
      Indexer API is ready. Endpoint: http://127.0.0.1:8090/

      at Socket.log (src/cli/localNode.ts:118:17)

    console.error
      [localnet stderr]: 
      Applying post startup steps...

      122 |     this.process.stderr?.on("data", (data: any) => {
      123 |       const str = data.toString();
    > 124 |       console.error(`[localnet stderr]: ${str}`);
          |               ^
      125 |     });
      126 |
      127 |     this.process.on("error", (err: Error) => {

      at Socket.error (src/cli/localNode.ts:124:15)

    console.error
      [localnet stderr]: 
      Setup is complete, you can now use the localnet!

      122 |     this.process.stderr?.on("data", (data: any) => {
      123 |       const str = data.toString();
    > 124 |       console.error(`[localnet stderr]: ${str}`);
          |               ^
      125 |     });
      126 |
      127 |     this.process.on("error", (err: Error) => {

      at Socket.error (src/cli/localNode.ts:124:15)

    console.log
      Stopping localnet...

      at Object.<anonymous> (tests/setupPerFile.cjs:41:13)

PASS tests/unit/ed25519.test.ts (18.659 s)
  ● Console

    console.log
      Starting localnet for test file...

      at Object.<anonymous> (tests/setupPerFile.cjs:15:11)

    console.log
      Starting localnet with command: movement node run-localnet --force-restart --assume-yes --with-indexer-api --do-not-delegate

      at LocalNode.log [as start] (src/cli/localNode.ts:110:13)

    console.log
      Loading verification key from JSON:
      {
        "type": "0x1::keyless_account::Groth16VerificationKey",
        "data": {
          "alpha_g1": "0xe2f26dbea299f5223b646cb1fb33eadb059d9407559d7441dfd902e3a79a4d2d",
          "beta_g2": "0xabb73dc17fbc13021e2471e0c08bd67d8401f52b73d6d07483794cad4778180e0c06f33bbc4c79a9cadef253a68084d382f17788f885c9afd176f7cb2f036789",
          "delta_g2": "0x6176de7d77e614e09ef5e8e19cbf785ffed405d6531cee13cd71a46e2b4ef30deb18f6976c172bdcd7ea8ab2b509991bb5ce34f9fbb42486b78aac62a894a480",
          "gamma_abc_g1": [
            "0x7e92d0c6818f2e51248cd1e8e82eb14521d990b0bb155ab0e3cf99b888bc5387",
            "0xbe1ad9f5fec081770956f846e1d0ea97219a3f6499acc33e1a67aef6d6e16898"
          ],
          "gamma_g2": "0xedf692d95cbdde46ddda5ef7d422436779445c5e66006a42761e1f12efde0018c212f3aeb785e49712e7a9353349aaf1255dfb31b7bf60723a480d9293938e19"
        }
      }

      at Socket.log (src/cli/localNode.ts:118:17)

    console.error
      [localnet stderr]:

      122 |     this.process.stderr?.on("data", (data: any) => {
      123 |       const str = data.toString();
    > 124 |       console.error(`[localnet stderr]: ${str}`);
          |               ^
      125 |     });
      126 |
      127 |     this.process.on("error", (err: Error) => {

      at Socket.error (src/cli/localNode.ts:124:15)

    console.log
      
      Readiness endpoint: http://127.0.0.1:8070/

      at Socket.log (src/cli/localNode.ts:118:17)

    console.log
      Node API is starting, please wait...
      Faucet is starting, please wait...
      Indexer API is starting, please wait...
      Transaction stream is starting, please wait...
      Completed generating configuration:
      	Log file: "/Users/andygmove/.movement/testnet/validator.log"
      	Test dir: "/Users/andygmove/.movement/testnet"
      	Aptos root key path: "/Users/andygmove/.movement/testnet/mint.key"
      	Waypoint: 0:3c237ae6d8d91868734388dc57c72c09ded4a518e354970f081b3b68a4e53748
      	ChainId: 4
      	REST API endpoint: http://127.0.0.1:8080
      	Metrics endpoint: http://127.0.0.1:9101/metrics
      	Aptosnet fullnode network endpoint: /ip4/0.0.0.0/tcp/6181
      	Indexer gRPC node stream endpoint: 127.0.0.1:50051
      
      Aptos is running, press ctrl-c to exit

      at Socket.log (src/cli/localNode.ts:118:17)

    console.log
      Postgres is starting, please wait...

      at Socket.log (src/cli/localNode.ts:118:17)

    console.error
      [localnet stderr]:

      122 |     this.process.stderr?.on("data", (data: any) => {
      123 |       const str = data.toString();
    > 124 |       console.error(`[localnet stderr]: ${str}`);
          |               ^
      125 |     });
      126 |
      127 |     this.process.on("error", (err: Error) => {

      at Socket.error (src/cli/localNode.ts:124:15)

    console.log
      Node API is ready. Endpoint: http://127.0.0.1:8080/

      at Socket.log (src/cli/localNode.ts:118:17)

    console.log
      Postgres is ready. Endpoint: postgres://postgres@127.0.0.1:5433/local_testnet

      at Socket.log (src/cli/localNode.ts:118:17)

    console.log
      Transaction stream is ready. Endpoint: http://127.0.0.1:50051/

      at Socket.log (src/cli/localNode.ts:118:17)

    console.log
      Faucet is ready. Endpoint: http://127.0.0.1:8081/

      at Socket.log (src/cli/localNode.ts:118:17)

    console.log
      Indexer API is ready. Endpoint: http://127.0.0.1:8090/

      at Socket.log (src/cli/localNode.ts:118:17)

    console.error
      [localnet stderr]: 
      Applying post startup steps...

      122 |     this.process.stderr?.on("data", (data: any) => {
      123 |       const str = data.toString();
    > 124 |       console.error(`[localnet stderr]: ${str}`);
          |               ^
      125 |     });
      126 |
      127 |     this.process.on("error", (err: Error) => {

      at Socket.error (src/cli/localNode.ts:124:15)

    console.error
      [localnet stderr]: 
      Setup is complete, you can now use the localnet!

      122 |     this.process.stderr?.on("data", (data: any) => {
      123 |       const str = data.toString();
    > 124 |       console.error(`[localnet stderr]: ${str}`);
          |               ^
      125 |     });
      126 |
      127 |     this.process.on("error", (err: Error) => {

      at Socket.error (src/cli/localNode.ts:124:15)

    console.log
      Stopping localnet...

      at Object.<anonymous> (tests/setupPerFile.cjs:41:13)

PASS tests/e2e/api/table.test.ts (18.835 s)
  ● Console

    console.log
      Starting localnet for test file...

      at Object.<anonymous> (tests/setupPerFile.cjs:15:11)

    console.log
      Starting localnet with command: movement node run-localnet --force-restart --assume-yes --with-indexer-api --do-not-delegate

      at LocalNode.log [as start] (src/cli/localNode.ts:110:13)

    console.log
      Loading verification key from JSON:
      {
        "type": "0x1::keyless_account::Groth16VerificationKey",
        "data": {
          "alpha_g1": "0xe2f26dbea299f5223b646cb1fb33eadb059d9407559d7441dfd902e3a79a4d2d",
          "beta_g2": "0xabb73dc17fbc13021e2471e0c08bd67d8401f52b73d6d07483794cad4778180e0c06f33bbc4c79a9cadef253a68084d382f17788f885c9afd176f7cb2f036789",
          "delta_g2": "0x6176de7d77e614e09ef5e8e19cbf785ffed405d6531cee13cd71a46e2b4ef30deb18f6976c172bdcd7ea8ab2b509991bb5ce34f9fbb42486b78aac62a894a480",
          "gamma_abc_g1": [
            "0x7e92d0c6818f2e51248cd1e8e82eb14521d990b0bb155ab0e3cf99b888bc5387",
            "0xbe1ad9f5fec081770956f846e1d0ea97219a3f6499acc33e1a67aef6d6e16898"
          ],
          "gamma_g2": "0xedf692d95cbdde46ddda5ef7d422436779445c5e66006a42761e1f12efde0018c212f3aeb785e49712e7a9353349aaf1255dfb31b7bf60723a480d9293938e19"
        }
      }

      at Socket.log (src/cli/localNode.ts:118:17)

    console.error
      [localnet stderr]:

      122 |     this.process.stderr?.on("data", (data: any) => {
      123 |       const str = data.toString();
    > 124 |       console.error(`[localnet stderr]: ${str}`);
          |               ^
      125 |     });
      126 |
      127 |     this.process.on("error", (err: Error) => {

      at Socket.error (src/cli/localNode.ts:124:15)

    console.log
      
      Readiness endpoint: http://127.0.0.1:8070/

      at Socket.log (src/cli/localNode.ts:118:17)

    console.log
      Faucet is starting, please wait...
      Indexer API is starting, please wait...
      Node API is starting, please wait...
      Transaction stream is starting, please wait...
      Postgres is starting, please wait...

      at Socket.log (src/cli/localNode.ts:118:17)

    console.log
      Completed generating configuration:
      	Log file: "/Users/andygmove/.movement/testnet/validator.log"
      	Test dir: "/Users/andygmove/.movement/testnet"
      	Aptos root key path: "/Users/andygmove/.movement/testnet/mint.key"
      	Waypoint: 0:4e52ed4fa8d1b842b39720b9c31cb36b3a0cc9e722432ed69551c8cbea0f1015
      	ChainId: 4
      	REST API endpoint: http://127.0.0.1:8080
      	Metrics endpoint: http://127.0.0.1:9101/metrics
      	Aptosnet fullnode network endpoint: /ip4/0.0.0.0/tcp/6181
      	Indexer gRPC node stream endpoint: 127.0.0.1:50051
      
      Aptos is running, press ctrl-c to exit

      at Socket.log (src/cli/localNode.ts:118:17)

    console.error
      [localnet stderr]:

      122 |     this.process.stderr?.on("data", (data: any) => {
      123 |       const str = data.toString();
    > 124 |       console.error(`[localnet stderr]: ${str}`);
          |               ^
      125 |     });
      126 |
      127 |     this.process.on("error", (err: Error) => {

      at Socket.error (src/cli/localNode.ts:124:15)

    console.log
      Node API is ready. Endpoint: http://127.0.0.1:8080/

      at Socket.log (src/cli/localNode.ts:118:17)

    console.log
      Postgres is ready. Endpoint: postgres://postgres@127.0.0.1:5433/local_testnet

      at Socket.log (src/cli/localNode.ts:118:17)

    console.log
      Transaction stream is ready. Endpoint: http://127.0.0.1:50051/

      at Socket.log (src/cli/localNode.ts:118:17)

    console.log
      Faucet is ready. Endpoint: http://127.0.0.1:8081/

      at Socket.log (src/cli/localNode.ts:118:17)

    console.log
      Indexer API is ready. Endpoint: http://127.0.0.1:8090/

      at Socket.log (src/cli/localNode.ts:118:17)

    console.error
      [localnet stderr]: 
      Applying post startup steps...

      122 |     this.process.stderr?.on("data", (data: any) => {
      123 |       const str = data.toString();
    > 124 |       console.error(`[localnet stderr]: ${str}`);
          |               ^
      125 |     });
      126 |
      127 |     this.process.on("error", (err: Error) => {

      at Socket.error (src/cli/localNode.ts:124:15)

    console.error
      [localnet stderr]: 
      Setup is complete, you can now use the localnet!

      122 |     this.process.stderr?.on("data", (data: any) => {
      123 |       const str = data.toString();
    > 124 |       console.error(`[localnet stderr]: ${str}`);
          |               ^
      125 |     });
      126 |
      127 |     this.process.on("error", (err: Error) => {

      at Socket.error (src/cli/localNode.ts:124:15)

    console.log
      Stopping localnet...

      at Object.<anonymous> (tests/setupPerFile.cjs:41:13)

PASS tests/unit/memoize.test.ts (18.684 s)
  ● Console

    console.log
      Starting localnet for test file...

      at Object.<anonymous> (tests/setupPerFile.cjs:15:11)

    console.log
      Starting localnet with command: movement node run-localnet --force-restart --assume-yes --with-indexer-api --do-not-delegate

      at LocalNode.log [as start] (src/cli/localNode.ts:110:13)

    console.log
      Loading verification key from JSON:
      {
        "type": "0x1::keyless_account::Groth16VerificationKey",
        "data": {
          "alpha_g1": "0xe2f26dbea299f5223b646cb1fb33eadb059d9407559d7441dfd902e3a79a4d2d",
          "beta_g2": "0xabb73dc17fbc13021e2471e0c08bd67d8401f52b73d6d07483794cad4778180e0c06f33bbc4c79a9cadef253a68084d382f17788f885c9afd176f7cb2f036789",
          "delta_g2": "0x6176de7d77e614e09ef5e8e19cbf785ffed405d6531cee13cd71a46e2b4ef30deb18f6976c172bdcd7ea8ab2b509991bb5ce34f9fbb42486b78aac62a894a480",
          "gamma_abc_g1": [
            "0x7e92d0c6818f2e51248cd1e8e82eb14521d990b0bb155ab0e3cf99b888bc5387",
            "0xbe1ad9f5fec081770956f846e1d0ea97219a3f6499acc33e1a67aef6d6e16898"
          ],
          "gamma_g2": "0xedf692d95cbdde46ddda5ef7d422436779445c5e66006a42761e1f12efde0018c212f3aeb785e49712e7a9353349aaf1255dfb31b7bf60723a480d9293938e19"
        }
      }

      at Socket.log (src/cli/localNode.ts:118:17)

    console.error
      [localnet stderr]:

      122 |     this.process.stderr?.on("data", (data: any) => {
      123 |       const str = data.toString();
    > 124 |       console.error(`[localnet stderr]: ${str}`);
          |               ^
      125 |     });
      126 |
      127 |     this.process.on("error", (err: Error) => {

      at Socket.error (src/cli/localNode.ts:124:15)

    console.log
      
      Readiness endpoint: http://127.0.0.1:8070/

      at Socket.log (src/cli/localNode.ts:118:17)

    console.log
      Faucet is starting, please wait...
      Node API is starting, please wait...
      Indexer API is starting, please wait...
      Postgres is starting, please wait...
      Transaction stream is starting, please wait...
      Completed generating configuration:
      	Log file: "/Users/andygmove/.movement/testnet/validator.log"
      	Test dir: "/Users/andygmove/.movement/testnet"
      	Aptos root key path: "/Users/andygmove/.movement/testnet/mint.key"
      	Waypoint: 0:98ddb55a9961aa66a497b1ec4034567f4c20d3f42516c02eb50cc954be2812ef
      	ChainId: 4
      	REST API endpoint: http://127.0.0.1:8080
      	Metrics endpoint: http://127.0.0.1:9101/metrics
      	Aptosnet fullnode network endpoint: /ip4/0.0.0.0/tcp/6181
      	Indexer gRPC node stream endpoint: 127.0.0.1:50051
      
      Aptos is running, press ctrl-c to exit

      at Socket.log (src/cli/localNode.ts:118:17)

    console.error
      [localnet stderr]:

      122 |     this.process.stderr?.on("data", (data: any) => {
      123 |       const str = data.toString();
    > 124 |       console.error(`[localnet stderr]: ${str}`);
          |               ^
      125 |     });
      126 |
      127 |     this.process.on("error", (err: Error) => {

      at Socket.error (src/cli/localNode.ts:124:15)

    console.log
      Node API is ready. Endpoint: http://127.0.0.1:8080/

      at Socket.log (src/cli/localNode.ts:118:17)

    console.log
      Postgres is ready. Endpoint: postgres://postgres@127.0.0.1:5433/local_testnet

      at Socket.log (src/cli/localNode.ts:118:17)

    console.log
      Transaction stream is ready. Endpoint: http://127.0.0.1:50051/

      at Socket.log (src/cli/localNode.ts:118:17)

    console.log
      Faucet is ready. Endpoint: http://127.0.0.1:8081/

      at Socket.log (src/cli/localNode.ts:118:17)

    console.log
      Indexer API is ready. Endpoint: http://127.0.0.1:8090/

      at Socket.log (src/cli/localNode.ts:118:17)

    console.error
      [localnet stderr]: 
      Applying post startup steps...

      122 |     this.process.stderr?.on("data", (data: any) => {
      123 |       const str = data.toString();
    > 124 |       console.error(`[localnet stderr]: ${str}`);
          |               ^
      125 |     });
      126 |
      127 |     this.process.on("error", (err: Error) => {

      at Socket.error (src/cli/localNode.ts:124:15)

    console.error
      [localnet stderr]: 
      Setup is complete, you can now use the localnet!

      122 |     this.process.stderr?.on("data", (data: any) => {
      123 |       const str = data.toString();
    > 124 |       console.error(`[localnet stderr]: ${str}`);
          |               ^
      125 |     });
      126 |
      127 |     this.process.on("error", (err: Error) => {

      at Socket.error (src/cli/localNode.ts:124:15)

    console.log
      Stopping localnet...

      at Object.<anonymous> (tests/setupPerFile.cjs:41:13)

PASS tests/unit/typeTag.test.ts (17.17 s)
  ● Console

    console.log
      Starting localnet for test file...

      at Object.<anonymous> (tests/setupPerFile.cjs:15:11)

    console.log
      Starting localnet with command: movement node run-localnet --force-restart --assume-yes --with-indexer-api --do-not-delegate

      at LocalNode.log [as start] (src/cli/localNode.ts:110:13)

    console.log
      Loading verification key from JSON:
      {
        "type": "0x1::keyless_account::Groth16VerificationKey",
        "data": {
          "alpha_g1": "0xe2f26dbea299f5223b646cb1fb33eadb059d9407559d7441dfd902e3a79a4d2d",
          "beta_g2": "0xabb73dc17fbc13021e2471e0c08bd67d8401f52b73d6d07483794cad4778180e0c06f33bbc4c79a9cadef253a68084d382f17788f885c9afd176f7cb2f036789",
          "delta_g2": "0x6176de7d77e614e09ef5e8e19cbf785ffed405d6531cee13cd71a46e2b4ef30deb18f6976c172bdcd7ea8ab2b509991bb5ce34f9fbb42486b78aac62a894a480",
          "gamma_abc_g1": [
            "0x7e92d0c6818f2e51248cd1e8e82eb14521d990b0bb155ab0e3cf99b888bc5387",
            "0xbe1ad9f5fec081770956f846e1d0ea97219a3f6499acc33e1a67aef6d6e16898"
          ],
          "gamma_g2": "0xedf692d95cbdde46ddda5ef7d422436779445c5e66006a42761e1f12efde0018c212f3aeb785e49712e7a9353349aaf1255dfb31b7bf60723a480d9293938e19"
        }
      }

      at Socket.log (src/cli/localNode.ts:118:17)

    console.error
      [localnet stderr]:

      122 |     this.process.stderr?.on("data", (data: any) => {
      123 |       const str = data.toString();
    > 124 |       console.error(`[localnet stderr]: ${str}`);
          |               ^
      125 |     });
      126 |
      127 |     this.process.on("error", (err: Error) => {

      at Socket.error (src/cli/localNode.ts:124:15)

    console.log
      
      Readiness endpoint: http://127.0.0.1:8070/

      at Socket.log (src/cli/localNode.ts:118:17)

    console.log
      Indexer API is starting, please wait...
      Node API is starting, please wait...
      Faucet is starting, please wait...
      Postgres is starting, please wait...

      at Socket.log (src/cli/localNode.ts:118:17)

    console.log
      Transaction stream is starting, please wait...
      Completed generating configuration:
      	Log file: "/Users/andygmove/.movement/testnet/validator.log"
      	Test dir: "/Users/andygmove/.movement/testnet"
      	Aptos root key path: "/Users/andygmove/.movement/testnet/mint.key"
      	Waypoint: 0:658c8d2cc4ef01eaecc7cb350452e6a87c5cf762cdddd0b6b3f291c18ad312aa
      	ChainId: 4
      	REST API endpoint: http://127.0.0.1:8080
      	Metrics endpoint: http://127.0.0.1:9101/metrics
      	Aptosnet fullnode network endpoint: /ip4/0.0.0.0/tcp/6181
      	Indexer gRPC node stream endpoint: 127.0.0.1:50051
      
      Aptos is running, press ctrl-c to exit

      at Socket.log (src/cli/localNode.ts:118:17)

    console.error
      [localnet stderr]:

      122 |     this.process.stderr?.on("data", (data: any) => {
      123 |       const str = data.toString();
    > 124 |       console.error(`[localnet stderr]: ${str}`);
          |               ^
      125 |     });
      126 |
      127 |     this.process.on("error", (err: Error) => {

      at Socket.error (src/cli/localNode.ts:124:15)

    console.log
      Node API is ready. Endpoint: http://127.0.0.1:8080/

      at Socket.log (src/cli/localNode.ts:118:17)

    console.log
      Postgres is ready. Endpoint: postgres://postgres@127.0.0.1:5433/local_testnet

      at Socket.log (src/cli/localNode.ts:118:17)

    console.log
      Faucet is ready. Endpoint: http://127.0.0.1:8081/

      at Socket.log (src/cli/localNode.ts:118:17)

    console.log
      Transaction stream is ready. Endpoint: http://127.0.0.1:50051/

      at Socket.log (src/cli/localNode.ts:118:17)

    console.log
      Indexer API is ready. Endpoint: http://127.0.0.1:8090/

      at Socket.log (src/cli/localNode.ts:118:17)

    console.error
      [localnet stderr]: 
      Applying post startup steps...

      122 |     this.process.stderr?.on("data", (data: any) => {
      123 |       const str = data.toString();
    > 124 |       console.error(`[localnet stderr]: ${str}`);
          |               ^
      125 |     });
      126 |
      127 |     this.process.on("error", (err: Error) => {

      at Socket.error (src/cli/localNode.ts:124:15)

    console.error
      [localnet stderr]: 
      Setup is complete, you can now use the localnet!

      122 |     this.process.stderr?.on("data", (data: any) => {
      123 |       const str = data.toString();
    > 124 |       console.error(`[localnet stderr]: ${str}`);
          |               ^
      125 |     });
      126 |
      127 |     this.process.on("error", (err: Error) => {

      at Socket.error (src/cli/localNode.ts:124:15)

    console.log
      Stopping localnet...

      at Object.<anonymous> (tests/setupPerFile.cjs:41:13)

PASS tests/unit/poseidon.test.ts (17.391 s)
  ● Console

    console.log
      Starting localnet for test file...

      at Object.<anonymous> (tests/setupPerFile.cjs:15:11)

    console.log
      Starting localnet with command: movement node run-localnet --force-restart --assume-yes --with-indexer-api --do-not-delegate

      at LocalNode.log [as start] (src/cli/localNode.ts:110:13)

    console.log
      Loading verification key from JSON:
      {
        "type": "0x1::keyless_account::Groth16VerificationKey",
        "data": {
          "alpha_g1": "0xe2f26dbea299f5223b646cb1fb33eadb059d9407559d7441dfd902e3a79a4d2d",
          "beta_g2": "0xabb73dc17fbc13021e2471e0c08bd67d8401f52b73d6d07483794cad4778180e0c06f33bbc4c79a9cadef253a68084d382f17788f885c9afd176f7cb2f036789",
          "delta_g2": "0x6176de7d77e614e09ef5e8e19cbf785ffed405d6531cee13cd71a46e2b4ef30deb18f6976c172bdcd7ea8ab2b509991bb5ce34f9fbb42486b78aac62a894a480",
          "gamma_abc_g1": [
            "0x7e92d0c6818f2e51248cd1e8e82eb14521d990b0bb155ab0e3cf99b888bc5387",
            "0xbe1ad9f5fec081770956f846e1d0ea97219a3f6499acc33e1a67aef6d6e16898"
          ],
          "gamma_g2": "0xedf692d95cbdde46ddda5ef7d422436779445c5e66006a42761e1f12efde0018c212f3aeb785e49712e7a9353349aaf1255dfb31b7bf60723a480d9293938e19"
        }
      }

      at Socket.log (src/cli/localNode.ts:118:17)

    console.error
      [localnet stderr]:

      122 |     this.process.stderr?.on("data", (data: any) => {
      123 |       const str = data.toString();
    > 124 |       console.error(`[localnet stderr]: ${str}`);
          |               ^
      125 |     });
      126 |
      127 |     this.process.on("error", (err: Error) => {

      at Socket.error (src/cli/localNode.ts:124:15)

    console.log
      
      Readiness endpoint: http://127.0.0.1:8070/

      at Socket.log (src/cli/localNode.ts:118:17)

    console.log
      Transaction stream is starting, please wait...
      Postgres is starting, please wait...
      Node API is starting, please wait...
      Faucet is starting, please wait...

      at Socket.log (src/cli/localNode.ts:118:17)

    console.log
      Indexer API is starting, please wait...
      Completed generating configuration:
      	Log file: "/Users/andygmove/.movement/testnet/validator.log"
      	Test dir: "/Users/andygmove/.movement/testnet"
      	Aptos root key path: "/Users/andygmove/.movement/testnet/mint.key"
      	Waypoint: 0:7b3d00cfa956bb48ed622e2e43cdfa33669b496af7e1f77de394b93c0fa67497
      	ChainId: 4
      	REST API endpoint: http://127.0.0.1:8080
      	Metrics endpoint: http://127.0.0.1:9101/metrics
      	Aptosnet fullnode network endpoint: /ip4/0.0.0.0/tcp/6181
      	Indexer gRPC node stream endpoint: 127.0.0.1:50051
      
      Aptos is running, press ctrl-c to exit

      at Socket.log (src/cli/localNode.ts:118:17)

    console.error
      [localnet stderr]:

      122 |     this.process.stderr?.on("data", (data: any) => {
      123 |       const str = data.toString();
    > 124 |       console.error(`[localnet stderr]: ${str}`);
          |               ^
      125 |     });
      126 |
      127 |     this.process.on("error", (err: Error) => {

      at Socket.error (src/cli/localNode.ts:124:15)

    console.log
      Node API is ready. Endpoint: http://127.0.0.1:8080/

      at Socket.log (src/cli/localNode.ts:118:17)

    console.log
      Postgres is ready. Endpoint: postgres://postgres@127.0.0.1:5433/local_testnet

      at Socket.log (src/cli/localNode.ts:118:17)

    console.log
      Transaction stream is ready. Endpoint: http://127.0.0.1:50051/

      at Socket.log (src/cli/localNode.ts:118:17)

    console.log
      Faucet is ready. Endpoint: http://127.0.0.1:8081/

      at Socket.log (src/cli/localNode.ts:118:17)

    console.log
      Indexer API is ready. Endpoint: http://127.0.0.1:8090/

      at Socket.log (src/cli/localNode.ts:118:17)

    console.error
      [localnet stderr]: 
      Applying post startup steps...

      122 |     this.process.stderr?.on("data", (data: any) => {
      123 |       const str = data.toString();
    > 124 |       console.error(`[localnet stderr]: ${str}`);
          |               ^
      125 |     });
      126 |
      127 |     this.process.on("error", (err: Error) => {

      at Socket.error (src/cli/localNode.ts:124:15)

    console.error
      [localnet stderr]: 
      Setup is complete, you can now use the localnet!

      122 |     this.process.stderr?.on("data", (data: any) => {
      123 |       const str = data.toString();
    > 124 |       console.error(`[localnet stderr]: ${str}`);
          |               ^
      125 |     });
      126 |
      127 |     this.process.on("error", (err: Error) => {

      at Socket.error (src/cli/localNode.ts:124:15)

    console.log
      Stopping localnet...

      at Object.<anonymous> (tests/setupPerFile.cjs:41:13)

PASS tests/unit/bcsHelper.test.ts (18.598 s)
  ● Console

    console.log
      Starting localnet for test file...

      at Object.<anonymous> (tests/setupPerFile.cjs:15:11)

    console.log
      Starting localnet with command: movement node run-localnet --force-restart --assume-yes --with-indexer-api --do-not-delegate

      at LocalNode.log [as start] (src/cli/localNode.ts:110:13)

    console.log
      Loading verification key from JSON:
      {
        "type": "0x1::keyless_account::Groth16VerificationKey",
        "data": {
          "alpha_g1": "0xe2f26dbea299f5223b646cb1fb33eadb059d9407559d7441dfd902e3a79a4d2d",
          "beta_g2": "0xabb73dc17fbc13021e2471e0c08bd67d8401f52b73d6d07483794cad4778180e0c06f33bbc4c79a9cadef253a68084d382f17788f885c9afd176f7cb2f036789",
          "delta_g2": "0x6176de7d77e614e09ef5e8e19cbf785ffed405d6531cee13cd71a46e2b4ef30deb18f6976c172bdcd7ea8ab2b509991bb5ce34f9fbb42486b78aac62a894a480",
          "gamma_abc_g1": [
            "0x7e92d0c6818f2e51248cd1e8e82eb14521d990b0bb155ab0e3cf99b888bc5387",
            "0xbe1ad9f5fec081770956f846e1d0ea97219a3f6499acc33e1a67aef6d6e16898"
          ],
          "gamma_g2": "0xedf692d95cbdde46ddda5ef7d422436779445c5e66006a42761e1f12efde0018c212f3aeb785e49712e7a9353349aaf1255dfb31b7bf60723a480d9293938e19"
        }
      }

      at Socket.log (src/cli/localNode.ts:118:17)

    console.error
      [localnet stderr]:

      122 |     this.process.stderr?.on("data", (data: any) => {
      123 |       const str = data.toString();
    > 124 |       console.error(`[localnet stderr]: ${str}`);
          |               ^
      125 |     });
      126 |
      127 |     this.process.on("error", (err: Error) => {

      at Socket.error (src/cli/localNode.ts:124:15)

    console.log
      
      Readiness endpoint: http://127.0.0.1:8070/

      at Socket.log (src/cli/localNode.ts:118:17)

    console.log
      Faucet is starting, please wait...
      Postgres is starting, please wait...
      Indexer API is starting, please wait...
      Node API is starting, please wait...
      Transaction stream is starting, please wait...

      at Socket.log (src/cli/localNode.ts:118:17)

    console.error
      [localnet stderr]:

      122 |     this.process.stderr?.on("data", (data: any) => {
      123 |       const str = data.toString();
    > 124 |       console.error(`[localnet stderr]: ${str}`);
          |               ^
      125 |     });
      126 |
      127 |     this.process.on("error", (err: Error) => {

      at Socket.error (src/cli/localNode.ts:124:15)

    console.log
      Completed generating configuration:
      	Log file: "/Users/andygmove/.movement/testnet/validator.log"
      	Test dir: "/Users/andygmove/.movement/testnet"
      	Aptos root key path: "/Users/andygmove/.movement/testnet/mint.key"
      	Waypoint: 0:150ac4d581c932863f6f9428150bac80453717bb6d7737bf4f8806493c3a71fb
      	ChainId: 4
      	REST API endpoint: http://127.0.0.1:8080
      	Metrics endpoint: http://127.0.0.1:9101/metrics
      	Aptosnet fullnode network endpoint: /ip4/0.0.0.0/tcp/6181
      	Indexer gRPC node stream endpoint: 127.0.0.1:50051
      
      Aptos is running, press ctrl-c to exit

      at Socket.log (src/cli/localNode.ts:118:17)

    console.log
      Node API is ready. Endpoint: http://127.0.0.1:8080/

      at Socket.log (src/cli/localNode.ts:118:17)

    console.log
      Postgres is ready. Endpoint: postgres://postgres@127.0.0.1:5433/local_testnet

      at Socket.log (src/cli/localNode.ts:118:17)

    console.log
      Transaction stream is ready. Endpoint: http://127.0.0.1:50051/

      at Socket.log (src/cli/localNode.ts:118:17)

    console.log
      Faucet is ready. Endpoint: http://127.0.0.1:8081/

      at Socket.log (src/cli/localNode.ts:118:17)

    console.log
      Indexer API is ready. Endpoint: http://127.0.0.1:8090/

      at Socket.log (src/cli/localNode.ts:118:17)

    console.error
      [localnet stderr]: 
      Applying post startup steps...

      122 |     this.process.stderr?.on("data", (data: any) => {
      123 |       const str = data.toString();
    > 124 |       console.error(`[localnet stderr]: ${str}`);
          |               ^
      125 |     });
      126 |
      127 |     this.process.on("error", (err: Error) => {

      at Socket.error (src/cli/localNode.ts:124:15)

    console.error
      [localnet stderr]: 
      Setup is complete, you can now use the localnet!

      122 |     this.process.stderr?.on("data", (data: any) => {
      123 |       const str = data.toString();
    > 124 |       console.error(`[localnet stderr]: ${str}`);
          |               ^
      125 |     });
      126 |
      127 |     this.process.on("error", (err: Error) => {

      at Socket.error (src/cli/localNode.ts:124:15)

    console.log
      Stopping localnet...

      at Object.<anonymous> (tests/setupPerFile.cjs:41:13)

PASS tests/unit/secp256r1.test.ts (17.738 s)
  ● Console

    console.log
      Starting localnet for test file...

      at Object.<anonymous> (tests/setupPerFile.cjs:15:11)

    console.log
      Starting localnet with command: movement node run-localnet --force-restart --assume-yes --with-indexer-api --do-not-delegate

      at LocalNode.log [as start] (src/cli/localNode.ts:110:13)

    console.log
      Loading verification key from JSON:
      {
        "type": "0x1::keyless_account::Groth16VerificationKey",
        "data": {
          "alpha_g1": "0xe2f26dbea299f5223b646cb1fb33eadb059d9407559d7441dfd902e3a79a4d2d",
          "beta_g2": "0xabb73dc17fbc13021e2471e0c08bd67d8401f52b73d6d07483794cad4778180e0c06f33bbc4c79a9cadef253a68084d382f17788f885c9afd176f7cb2f036789",
          "delta_g2": "0x6176de7d77e614e09ef5e8e19cbf785ffed405d6531cee13cd71a46e2b4ef30deb18f6976c172bdcd7ea8ab2b509991bb5ce34f9fbb42486b78aac62a894a480",
          "gamma_abc_g1": [
            "0x7e92d0c6818f2e51248cd1e8e82eb14521d990b0bb155ab0e3cf99b888bc5387",
            "0xbe1ad9f5fec081770956f846e1d0ea97219a3f6499acc33e1a67aef6d6e16898"
          ],
          "gamma_g2": "0xedf692d95cbdde46ddda5ef7d422436779445c5e66006a42761e1f12efde0018c212f3aeb785e49712e7a9353349aaf1255dfb31b7bf60723a480d9293938e19"
        }
      }

      at Socket.log (src/cli/localNode.ts:118:17)

    console.error
      [localnet stderr]:

      122 |     this.process.stderr?.on("data", (data: any) => {
      123 |       const str = data.toString();
    > 124 |       console.error(`[localnet stderr]: ${str}`);
          |               ^
      125 |     });
      126 |
      127 |     this.process.on("error", (err: Error) => {

      at Socket.error (src/cli/localNode.ts:124:15)

    console.log
      
      Readiness endpoint: http://127.0.0.1:8070/

      at Socket.log (src/cli/localNode.ts:118:17)

    console.log
      Faucet is starting, please wait...
      Node API is starting, please wait...
      Transaction stream is starting, please wait...

      at Socket.log (src/cli/localNode.ts:118:17)

    console.log
      Postgres is starting, please wait...
      Indexer API is starting, please wait...

      at Socket.log (src/cli/localNode.ts:118:17)

    console.error
      [localnet stderr]:

      122 |     this.process.stderr?.on("data", (data: any) => {
      123 |       const str = data.toString();
    > 124 |       console.error(`[localnet stderr]: ${str}`);
          |               ^
      125 |     });
      126 |
      127 |     this.process.on("error", (err: Error) => {

      at Socket.error (src/cli/localNode.ts:124:15)

    console.log
      Completed generating configuration:
      	Log file: "/Users/andygmove/.movement/testnet/validator.log"
      	Test dir: "/Users/andygmove/.movement/testnet"
      	Aptos root key path: "/Users/andygmove/.movement/testnet/mint.key"
      	Waypoint: 0:038cd09ee50baa5499cb0790a8ee18f61c7e1e8e53d6b6ff869bbdf76b186bd1
      	ChainId: 4
      	REST API endpoint: http://127.0.0.1:8080
      	Metrics endpoint: http://127.0.0.1:9101/metrics
      	Aptosnet fullnode network endpoint: /ip4/0.0.0.0/tcp/6181
      	Indexer gRPC node stream endpoint: 127.0.0.1:50051
      
      Aptos is running, press ctrl-c to exit

      at Socket.log (src/cli/localNode.ts:118:17)

    console.log
      Node API is ready. Endpoint: http://127.0.0.1:8080/

      at Socket.log (src/cli/localNode.ts:118:17)

    console.log
      Postgres is ready. Endpoint: postgres://postgres@127.0.0.1:5433/local_testnet

      at Socket.log (src/cli/localNode.ts:118:17)

    console.log
      Transaction stream is ready. Endpoint: http://127.0.0.1:50051/

      at Socket.log (src/cli/localNode.ts:118:17)

    console.log
      Faucet is ready. Endpoint: http://127.0.0.1:8081/

      at Socket.log (src/cli/localNode.ts:118:17)

    console.log
      Indexer API is ready. Endpoint: http://127.0.0.1:8090/

      at Socket.log (src/cli/localNode.ts:118:17)

    console.error
      [localnet stderr]: 
      Applying post startup steps...

      122 |     this.process.stderr?.on("data", (data: any) => {
      123 |       const str = data.toString();
    > 124 |       console.error(`[localnet stderr]: ${str}`);
          |               ^
      125 |     });
      126 |
      127 |     this.process.on("error", (err: Error) => {

      at Socket.error (src/cli/localNode.ts:124:15)

    console.error
      [localnet stderr]: 
      Setup is complete, you can now use the localnet!

      122 |     this.process.stderr?.on("data", (data: any) => {
      123 |       const str = data.toString();
    > 124 |       console.error(`[localnet stderr]: ${str}`);
          |               ^
      125 |     });
      126 |
      127 |     this.process.on("error", (err: Error) => {

      at Socket.error (src/cli/localNode.ts:124:15)

    console.log
      Stopping localnet...

      at Object.<anonymous> (tests/setupPerFile.cjs:41:13)

PASS tests/unit/transactionPayload.test.ts (17.192 s)
  ● Console

    console.log
      Starting localnet for test file...

      at Object.<anonymous> (tests/setupPerFile.cjs:15:11)

    console.log
      Starting localnet with command: movement node run-localnet --force-restart --assume-yes --with-indexer-api --do-not-delegate

      at LocalNode.log [as start] (src/cli/localNode.ts:110:13)

    console.log
      Loading verification key from JSON:
      {
        "type": "0x1::keyless_account::Groth16VerificationKey",
        "data": {
          "alpha_g1": "0xe2f26dbea299f5223b646cb1fb33eadb059d9407559d7441dfd902e3a79a4d2d",
          "beta_g2": "0xabb73dc17fbc13021e2471e0c08bd67d8401f52b73d6d07483794cad4778180e0c06f33bbc4c79a9cadef253a68084d382f17788f885c9afd176f7cb2f036789",
          "delta_g2": "0x6176de7d77e614e09ef5e8e19cbf785ffed405d6531cee13cd71a46e2b4ef30deb18f6976c172bdcd7ea8ab2b509991bb5ce34f9fbb42486b78aac62a894a480",
          "gamma_abc_g1": [
            "0x7e92d0c6818f2e51248cd1e8e82eb14521d990b0bb155ab0e3cf99b888bc5387",
            "0xbe1ad9f5fec081770956f846e1d0ea97219a3f6499acc33e1a67aef6d6e16898"
          ],
          "gamma_g2": "0xedf692d95cbdde46ddda5ef7d422436779445c5e66006a42761e1f12efde0018c212f3aeb785e49712e7a9353349aaf1255dfb31b7bf60723a480d9293938e19"
        }
      }

      at Socket.log (src/cli/localNode.ts:118:17)

    console.error
      [localnet stderr]:

      122 |     this.process.stderr?.on("data", (data: any) => {
      123 |       const str = data.toString();
    > 124 |       console.error(`[localnet stderr]: ${str}`);
          |               ^
      125 |     });
      126 |
      127 |     this.process.on("error", (err: Error) => {

      at Socket.error (src/cli/localNode.ts:124:15)

    console.log
      
      Readiness endpoint: http://127.0.0.1:8070/

      at Socket.log (src/cli/localNode.ts:118:17)

    console.log
      Node API is starting, please wait...
      Postgres is starting, please wait...
      Indexer API is starting, please wait...
      Transaction stream is starting, please wait...
      Faucet is starting, please wait...

      at Socket.log (src/cli/localNode.ts:118:17)

    console.error
      [localnet stderr]:

      122 |     this.process.stderr?.on("data", (data: any) => {
      123 |       const str = data.toString();
    > 124 |       console.error(`[localnet stderr]: ${str}`);
          |               ^
      125 |     });
      126 |
      127 |     this.process.on("error", (err: Error) => {

      at Socket.error (src/cli/localNode.ts:124:15)

    console.log
      Completed generating configuration:
      	Log file: "/Users/andygmove/.movement/testnet/validator.log"
      	Test dir: "/Users/andygmove/.movement/testnet"
      	Aptos root key path: "/Users/andygmove/.movement/testnet/mint.key"
      	Waypoint: 0:c749316ed71edd643154fa364a36c43cd004b01f995bf76403330908af93d653
      	ChainId: 4
      	REST API endpoint: http://127.0.0.1:8080
      	Metrics endpoint: http://127.0.0.1:9101/metrics
      	Aptosnet fullnode network endpoint: /ip4/0.0.0.0/tcp/6181
      	Indexer gRPC node stream endpoint: 127.0.0.1:50051
      
      Aptos is running, press ctrl-c to exit

      at Socket.log (src/cli/localNode.ts:118:17)

    console.log
      Node API is ready. Endpoint: http://127.0.0.1:8080/

      at Socket.log (src/cli/localNode.ts:118:17)

    console.log
      Postgres is ready. Endpoint: postgres://postgres@127.0.0.1:5433/local_testnet

      at Socket.log (src/cli/localNode.ts:118:17)

    console.log
      Transaction stream is ready. Endpoint: http://127.0.0.1:50051/

      at Socket.log (src/cli/localNode.ts:118:17)

    console.log
      Faucet is ready. Endpoint: http://127.0.0.1:8081/

      at Socket.log (src/cli/localNode.ts:118:17)

    console.log
      Indexer API is ready. Endpoint: http://127.0.0.1:8090/

      at Socket.log (src/cli/localNode.ts:118:17)

    console.error
      [localnet stderr]: 
      Applying post startup steps...

      122 |     this.process.stderr?.on("data", (data: any) => {
      123 |       const str = data.toString();
    > 124 |       console.error(`[localnet stderr]: ${str}`);
          |               ^
      125 |     });
      126 |
      127 |     this.process.on("error", (err: Error) => {

      at Socket.error (src/cli/localNode.ts:124:15)

    console.error
      [localnet stderr]: 
      Setup is complete, you can now use the localnet!

      122 |     this.process.stderr?.on("data", (data: any) => {
      123 |       const str = data.toString();
    > 124 |       console.error(`[localnet stderr]: ${str}`);
          |               ^
      125 |     });
      126 |
      127 |     this.process.on("error", (err: Error) => {

      at Socket.error (src/cli/localNode.ts:124:15)

    console.log
      Stopping localnet...

      at Object.<anonymous> (tests/setupPerFile.cjs:41:13)

PASS tests/e2e/api/object.test.ts (17.168 s)
  ● Console

    console.log
      Starting localnet for test file...

      at Object.<anonymous> (tests/setupPerFile.cjs:15:11)

    console.log
      Starting localnet with command: movement node run-localnet --force-restart --assume-yes --with-indexer-api --do-not-delegate

      at LocalNode.log [as start] (src/cli/localNode.ts:110:13)

    console.log
      Loading verification key from JSON:
      {
        "type": "0x1::keyless_account::Groth16VerificationKey",
        "data": {
          "alpha_g1": "0xe2f26dbea299f5223b646cb1fb33eadb059d9407559d7441dfd902e3a79a4d2d",
          "beta_g2": "0xabb73dc17fbc13021e2471e0c08bd67d8401f52b73d6d07483794cad4778180e0c06f33bbc4c79a9cadef253a68084d382f17788f885c9afd176f7cb2f036789",
          "delta_g2": "0x6176de7d77e614e09ef5e8e19cbf785ffed405d6531cee13cd71a46e2b4ef30deb18f6976c172bdcd7ea8ab2b509991bb5ce34f9fbb42486b78aac62a894a480",
          "gamma_abc_g1": [
            "0x7e92d0c6818f2e51248cd1e8e82eb14521d990b0bb155ab0e3cf99b888bc5387",
            "0xbe1ad9f5fec081770956f846e1d0ea97219a3f6499acc33e1a67aef6d6e16898"
          ],
          "gamma_g2": "0xedf692d95cbdde46ddda5ef7d422436779445c5e66006a42761e1f12efde0018c212f3aeb785e49712e7a9353349aaf1255dfb31b7bf60723a480d9293938e19"
        }
      }

      at Socket.log (src/cli/localNode.ts:118:17)

    console.error
      [localnet stderr]:

      122 |     this.process.stderr?.on("data", (data: any) => {
      123 |       const str = data.toString();
    > 124 |       console.error(`[localnet stderr]: ${str}`);
          |               ^
      125 |     });
      126 |
      127 |     this.process.on("error", (err: Error) => {

      at Socket.error (src/cli/localNode.ts:124:15)

    console.log
      
      Readiness endpoint: http://127.0.0.1:8070/

      at Socket.log (src/cli/localNode.ts:118:17)

    console.log
      Indexer API is starting, please wait...
      Transaction stream is starting, please wait...
      Postgres is starting, please wait...
      Node API is starting, please wait...
      Faucet is starting, please wait...

      at Socket.log (src/cli/localNode.ts:118:17)

    console.error
      [localnet stderr]:

      122 |     this.process.stderr?.on("data", (data: any) => {
      123 |       const str = data.toString();
    > 124 |       console.error(`[localnet stderr]: ${str}`);
          |               ^
      125 |     });
      126 |
      127 |     this.process.on("error", (err: Error) => {

      at Socket.error (src/cli/localNode.ts:124:15)

    console.log
      Completed generating configuration:
      	Log file: "/Users/andygmove/.movement/testnet/validator.log"
      	Test dir: "/Users/andygmove/.movement/testnet"
      	Aptos root key path: "/Users/andygmove/.movement/testnet/mint.key"
      	Waypoint: 0:254183245b3990108aba892fb2801e71fbfb9080e9f1b6e2265c1122a86cd809
      	ChainId: 4
      	REST API endpoint: http://127.0.0.1:8080
      	Metrics endpoint: http://127.0.0.1:9101/metrics
      	Aptosnet fullnode network endpoint: /ip4/0.0.0.0/tcp/6181
      	Indexer gRPC node stream endpoint: 127.0.0.1:50051
      
      Aptos is running, press ctrl-c to exit

      at Socket.log (src/cli/localNode.ts:118:17)

    console.log
      Node API is ready. Endpoint: http://127.0.0.1:8080/

      at Socket.log (src/cli/localNode.ts:118:17)

    console.log
      Postgres is ready. Endpoint: postgres://postgres@127.0.0.1:5433/local_testnet

      at Socket.log (src/cli/localNode.ts:118:17)

    console.log
      Transaction stream is ready. Endpoint: http://127.0.0.1:50051/

      at Socket.log (src/cli/localNode.ts:118:17)

    console.log
      Faucet is ready. Endpoint: http://127.0.0.1:8081/

      at Socket.log (src/cli/localNode.ts:118:17)

    console.log
      Indexer API is ready. Endpoint: http://127.0.0.1:8090/

      at Socket.log (src/cli/localNode.ts:118:17)

    console.error
      [localnet stderr]: 
      Applying post startup steps...

      122 |     this.process.stderr?.on("data", (data: any) => {
      123 |       const str = data.toString();
    > 124 |       console.error(`[localnet stderr]: ${str}`);
          |               ^
      125 |     });
      126 |
      127 |     this.process.on("error", (err: Error) => {

      at Socket.error (src/cli/localNode.ts:124:15)

    console.error
      [localnet stderr]: 
      Setup is complete, you can now use the localnet!

      122 |     this.process.stderr?.on("data", (data: any) => {
      123 |       const str = data.toString();
    > 124 |       console.error(`[localnet stderr]: ${str}`);
          |               ^
      125 |     });
      126 |
      127 |     this.process.on("error", (err: Error) => {

      at Socket.error (src/cli/localNode.ts:124:15)

    console.log
      Stopping localnet...

      at Object.<anonymous> (tests/setupPerFile.cjs:41:13)

PASS tests/unit/conversion.test.ts (17.174 s)
  ● Console

    console.log
      Starting localnet for test file...

      at Object.<anonymous> (tests/setupPerFile.cjs:15:11)

    console.log
      Starting localnet with command: movement node run-localnet --force-restart --assume-yes --with-indexer-api --do-not-delegate

      at LocalNode.log [as start] (src/cli/localNode.ts:110:13)

    console.log
      Loading verification key from JSON:
      {
        "type": "0x1::keyless_account::Groth16VerificationKey",
        "data": {
          "alpha_g1": "0xe2f26dbea299f5223b646cb1fb33eadb059d9407559d7441dfd902e3a79a4d2d",
          "beta_g2": "0xabb73dc17fbc13021e2471e0c08bd67d8401f52b73d6d07483794cad4778180e0c06f33bbc4c79a9cadef253a68084d382f17788f885c9afd176f7cb2f036789",
          "delta_g2": "0x6176de7d77e614e09ef5e8e19cbf785ffed405d6531cee13cd71a46e2b4ef30deb18f6976c172bdcd7ea8ab2b509991bb5ce34f9fbb42486b78aac62a894a480",
          "gamma_abc_g1": [
            "0x7e92d0c6818f2e51248cd1e8e82eb14521d990b0bb155ab0e3cf99b888bc5387",
            "0xbe1ad9f5fec081770956f846e1d0ea97219a3f6499acc33e1a67aef6d6e16898"
          ],
          "gamma_g2": "0xedf692d95cbdde46ddda5ef7d422436779445c5e66006a42761e1f12efde0018c212f3aeb785e49712e7a9353349aaf1255dfb31b7bf60723a480d9293938e19"
        }
      }

      at Socket.log (src/cli/localNode.ts:118:17)

    console.error
      [localnet stderr]:

      122 |     this.process.stderr?.on("data", (data: any) => {
      123 |       const str = data.toString();
    > 124 |       console.error(`[localnet stderr]: ${str}`);
          |               ^
      125 |     });
      126 |
      127 |     this.process.on("error", (err: Error) => {

      at Socket.error (src/cli/localNode.ts:124:15)

    console.log
      
      Readiness endpoint: http://127.0.0.1:8070/

      at Socket.log (src/cli/localNode.ts:118:17)

    console.log
      Transaction stream is starting, please wait...
      Indexer API is starting, please wait...

      at Socket.log (src/cli/localNode.ts:118:17)

    console.log
      Node API is starting, please wait...
      Postgres is starting, please wait...
      Faucet is starting, please wait...

      at Socket.log (src/cli/localNode.ts:118:17)

    console.log
      Completed generating configuration:
      	Log file: "/Users/andygmove/.movement/testnet/validator.log"
      	Test dir: "/Users/andygmove/.movement/testnet"
      	Aptos root key path: "/Users/andygmove/.movement/testnet/mint.key"
      	Waypoint: 0:9d4127ee82083f4245adcc9e1fe90177ddf2718dec8321ba9675bb441ac36c89
      	ChainId: 4
      	REST API endpoint: http://127.0.0.1:8080
      	Metrics endpoint: http://127.0.0.1:9101/metrics
      	Aptosnet fullnode network endpoint: /ip4/0.0.0.0/tcp/6181
      	Indexer gRPC node stream endpoint: 127.0.0.1:50051
      
      Aptos is running, press ctrl-c to exit

      at Socket.log (src/cli/localNode.ts:118:17)

    console.error
      [localnet stderr]:

      122 |     this.process.stderr?.on("data", (data: any) => {
      123 |       const str = data.toString();
    > 124 |       console.error(`[localnet stderr]: ${str}`);
          |               ^
      125 |     });
      126 |
      127 |     this.process.on("error", (err: Error) => {

      at Socket.error (src/cli/localNode.ts:124:15)

    console.log
      Node API is ready. Endpoint: http://127.0.0.1:8080/

      at Socket.log (src/cli/localNode.ts:118:17)

    console.log
      Postgres is ready. Endpoint: postgres://postgres@127.0.0.1:5433/local_testnet

      at Socket.log (src/cli/localNode.ts:118:17)

    console.log
      Transaction stream is ready. Endpoint: http://127.0.0.1:50051/

      at Socket.log (src/cli/localNode.ts:118:17)

    console.log
      Faucet is ready. Endpoint: http://127.0.0.1:8081/

      at Socket.log (src/cli/localNode.ts:118:17)

    console.log
      Indexer API is ready. Endpoint: http://127.0.0.1:8090/

      at Socket.log (src/cli/localNode.ts:118:17)

    console.error
      [localnet stderr]: 
      Applying post startup steps...

      122 |     this.process.stderr?.on("data", (data: any) => {
      123 |       const str = data.toString();
    > 124 |       console.error(`[localnet stderr]: ${str}`);
          |               ^
      125 |     });
      126 |
      127 |     this.process.on("error", (err: Error) => {

      at Socket.error (src/cli/localNode.ts:124:15)

    console.error
      [localnet stderr]: 
      Setup is complete, you can now use the localnet!

      122 |     this.process.stderr?.on("data", (data: any) => {
      123 |       const str = data.toString();
    > 124 |       console.error(`[localnet stderr]: ${str}`);
          |               ^
      125 |     });
      126 |
      127 |     this.process.on("error", (err: Error) => {

      at Socket.error (src/cli/localNode.ts:124:15)

    console.log
      Stopping localnet...

      at Object.<anonymous> (tests/setupPerFile.cjs:41:13)

PASS tests/unit/accountAddress.test.ts (17.426 s)
  ● Console

    console.log
      Starting localnet for test file...

      at Object.<anonymous> (tests/setupPerFile.cjs:15:11)

    console.log
      Starting localnet with command: movement node run-localnet --force-restart --assume-yes --with-indexer-api --do-not-delegate

      at LocalNode.log [as start] (src/cli/localNode.ts:110:13)

    console.log
      Loading verification key from JSON:
      {
        "type": "0x1::keyless_account::Groth16VerificationKey",
        "data": {
          "alpha_g1": "0xe2f26dbea299f5223b646cb1fb33eadb059d9407559d7441dfd902e3a79a4d2d",
          "beta_g2": "0xabb73dc17fbc13021e2471e0c08bd67d8401f52b73d6d07483794cad4778180e0c06f33bbc4c79a9cadef253a68084d382f17788f885c9afd176f7cb2f036789",
          "delta_g2": "0x6176de7d77e614e09ef5e8e19cbf785ffed405d6531cee13cd71a46e2b4ef30deb18f6976c172bdcd7ea8ab2b509991bb5ce34f9fbb42486b78aac62a894a480",
          "gamma_abc_g1": [
            "0x7e92d0c6818f2e51248cd1e8e82eb14521d990b0bb155ab0e3cf99b888bc5387",
            "0xbe1ad9f5fec081770956f846e1d0ea97219a3f6499acc33e1a67aef6d6e16898"
          ],
          "gamma_g2": "0xedf692d95cbdde46ddda5ef7d422436779445c5e66006a42761e1f12efde0018c212f3aeb785e49712e7a9353349aaf1255dfb31b7bf60723a480d9293938e19"
        }
      }

      at Socket.log (src/cli/localNode.ts:118:17)

    console.error
      [localnet stderr]:

      122 |     this.process.stderr?.on("data", (data: any) => {
      123 |       const str = data.toString();
    > 124 |       console.error(`[localnet stderr]: ${str}`);
          |               ^
      125 |     });
      126 |
      127 |     this.process.on("error", (err: Error) => {

      at Socket.error (src/cli/localNode.ts:124:15)

    console.log
      
      Readiness endpoint: http://127.0.0.1:8070/

      at Socket.log (src/cli/localNode.ts:118:17)

    console.log
      Indexer API is starting, please wait...
      Postgres is starting, please wait...
      Node API is starting, please wait...
      Faucet is starting, please wait...
      Transaction stream is starting, please wait...

      at Socket.log (src/cli/localNode.ts:118:17)

    console.error
      [localnet stderr]:

      122 |     this.process.stderr?.on("data", (data: any) => {
      123 |       const str = data.toString();
    > 124 |       console.error(`[localnet stderr]: ${str}`);
          |               ^
      125 |     });
      126 |
      127 |     this.process.on("error", (err: Error) => {

      at Socket.error (src/cli/localNode.ts:124:15)

    console.log
      Completed generating configuration:
      	Log file: "/Users/andygmove/.movement/testnet/validator.log"
      	Test dir: "/Users/andygmove/.movement/testnet"
      	Aptos root key path: "/Users/andygmove/.movement/testnet/mint.key"
      	Waypoint: 0:3a2836f470342209a5dc15762b24d4f0c94c8d2a2c36be2774f2197e05b5ff24
      	ChainId: 4
      	REST API endpoint: http://127.0.0.1:8080
      	Metrics endpoint: http://127.0.0.1:9101/metrics

      at Socket.log (src/cli/localNode.ts:118:17)

    console.log
      	Aptosnet fullnode network endpoint: /ip4/0.0.0.0/tcp/6181
      	Indexer gRPC node stream endpoint: 127.0.0.1:50051
      
      Aptos is running, press ctrl-c to exit

      at Socket.log (src/cli/localNode.ts:118:17)

    console.log
      Node API is ready. Endpoint: http://127.0.0.1:8080/

      at Socket.log (src/cli/localNode.ts:118:17)

    console.log
      Postgres is ready. Endpoint: postgres://postgres@127.0.0.1:5433/local_testnet

      at Socket.log (src/cli/localNode.ts:118:17)

    console.log
      Transaction stream is ready. Endpoint: http://127.0.0.1:50051/

      at Socket.log (src/cli/localNode.ts:118:17)

    console.log
      Faucet is ready. Endpoint: http://127.0.0.1:8081/

      at Socket.log (src/cli/localNode.ts:118:17)

    console.log
      Indexer API is ready. Endpoint: http://127.0.0.1:8090/

      at Socket.log (src/cli/localNode.ts:118:17)

    console.error
      [localnet stderr]: 
      Applying post startup steps...

      122 |     this.process.stderr?.on("data", (data: any) => {
      123 |       const str = data.toString();
    > 124 |       console.error(`[localnet stderr]: ${str}`);
          |               ^
      125 |     });
      126 |
      127 |     this.process.on("error", (err: Error) => {

      at Socket.error (src/cli/localNode.ts:124:15)

    console.error
      [localnet stderr]: 
      Setup is complete, you can now use the localnet!

      122 |     this.process.stderr?.on("data", (data: any) => {
      123 |       const str = data.toString();
    > 124 |       console.error(`[localnet stderr]: ${str}`);
          |               ^
      125 |     });
      126 |
      127 |     this.process.on("error", (err: Error) => {

      at Socket.error (src/cli/localNode.ts:124:15)

    console.log
      Stopping localnet...

      at Object.<anonymous> (tests/setupPerFile.cjs:41:13)

-------------------------------------|---------|----------|---------|---------|---------------------------------------------------------------------------------------------------------------------------------------------------------------------------------------------------------------------------------------------------------
File                                 | % Stmts | % Branch | % Funcs | % Lines | Uncovered Line #s                                                                                                                                                                                                                                       
-------------------------------------|---------|----------|---------|---------|---------------------------------------------------------------------------------------------------------------------------------------------------------------------------------------------------------------------------------------------------------
All files                            |    55.4 |     44.7 |   52.81 |   36.71 |                                                                                                                                                                                                                                                         
 dist/common                         |   79.99 |    69.25 |   78.52 |     100 |                                                                                                                                                                                                                                                         
  chunk-56DGDNEY.js                  |   89.42 |    78.06 |   83.91 |     100 | 1-3                                                                                                                                                                                                                                                     
  index.js                           |   79.13 |    68.24 |   78.06 |     100 | 1,3,6-481                                                                                                                                                                                                                                               
 src                                 |     100 |      100 |     100 |     100 |                                                                                                                                                                                                                                                         
  index.ts                           |     100 |      100 |     100 |     100 |                                                                                                                                                                                                                                                         
  version.ts                         |     100 |      100 |     100 |     100 |                                                                                                                                                                                                                                                         
 src/account                         |      28 |    10.68 |    12.5 |   27.93 |                                                                                                                                                                                                                                                         
  AbstractKeylessAccount.ts          |   14.04 |       12 |    4.76 |   14.04 | 125-488,518-545                                                                                                                                                                                                                                         
  AbstractedAccount.ts               |   31.25 |        0 |       0 |   33.33 | 47-122                                                                                                                                                                                                                                                  
  Account.ts                         |   36.36 |       40 |   14.28 |   36.36 | 193-352                                                                                                                                                                                                                                                 
  AccountUtils.ts                    |   18.18 |     6.66 |    6.66 |   18.33 | 23-48,56-103,108,112,116-165,170-174,178-182,186-190,194-198,202-206,210,214                                                                                                                                                                            
  DerivableAbstractedAccount.ts      |   30.76 |        0 |       0 |   30.76 | 50-96                                                                                                                                                                                                                                                   
  Ed25519Account.ts                  |   72.72 |       50 |   55.55 |   72.72 | 114-169                                                                                                                                                                                                                                                 
  EphemeralKeyPair.ts                |   20.93 |        0 |       0 |   20.93 | 86-221                                                                                                                                                                                                                                                  
  FederatedKeylessAccount.ts         |   27.27 |        0 |       0 |   27.27 | 65-163                                                                                                                                                                                                                                                  
  KeylessAccount.ts                  |   27.77 |        0 |       0 |   27.77 | 67-165                                                                                                                                                                                                                                                  
  MultiEd25519Account.ts             |   85.71 |       40 |   72.72 |   83.87 | 62,67,111-146                                                                                                                                                                                                                                           
  MultiKeyAccount.ts                 |   14.28 |        0 |       0 |      16 | 58-294                                                                                                                                                                                                                                                  
  SingleKeyAccount.ts                |   18.91 |        0 |       0 |   18.91 | 28,106-275                                                                                                                                                                                                                                              
  index.ts                           |     100 |      100 |     100 |     100 |                                                                                                                                                                                                                                                         
  utils.ts                           |    37.5 |        0 |       0 |    37.5 | 9-15                                                                                                                                                                                                                                                    
 src/api                             |    24.8 |        0 |    1.37 |   25.54 |                                                                                                                                                                                                                                                         
  account.ts                         |   12.32 |        0 |       0 |   12.32 | 91-1123                                                                                                                                                                                                                                                 
  coin.ts                            |      50 |      100 |       0 |      50 | 37-81                                                                                                                                                                                                                                                   
  digitalAsset.ts                    |   11.36 |        0 |       0 |   11.36 | 81-1201                                                                                                                                                                                                                                                 
  faucet.ts                          |   44.44 |        0 |       0 |   44.44 | 41-92                                                                                                                                                                                                                                                   
  fungibleAsset.ts                   |      25 |      100 |       0 |      25 | 60-369                                                                                                                                                                                                                                                  
  general.ts                         |      25 |      100 |       0 |      25 | 63-349                                                                                                                                                                                                                                                  
  index.ts                           |     100 |      100 |     100 |     100 |                                                                                                                                                                                                                                                         
  keyless.ts                         |   28.57 |      100 |       0 |   28.57 | 48-225                                                                                                                                                                                                                                                  
  mns.ts                             |    6.89 |      100 |       0 |    6.89 | 77-934                                                                                                                                                                                                                                                  
  movement.ts                        |      66 |        0 |      40 |   67.34 | 93-110,150                                                                                                                                                                                                                                              
  movementConfig.ts                  |    6.45 |        0 |       0 |    7.69 | 160-332                                                                                                                                                                                                                                                 
  object.ts                          |   57.14 |      100 |       0 |   57.14 | 45-85                                                                                                                                                                                                                                                   
  staking.ts                         |   36.36 |      100 |       0 |   36.36 | 45-159                                                                                                                                                                                                                                                  
  table.ts                           |      40 |      100 |       0 |      40 | 46-191                                                                                                                                                                                                                                                  
  transaction.ts                     |    25.8 |      100 |       0 |    25.8 | 167-779                                                                                                                                                                                                                                                 
  utils.ts                           |      50 |        0 |       0 |      50 | 41-42                                                                                                                                                                                                                                                   
 src/api/account                     |      20 |        0 |       0 |   21.42 |                                                                                                                                                                                                                                                         
  abstraction.ts                     |      20 |        0 |       0 |   21.42 | 14-237                                                                                                                                                                                                                                                  
 src/api/transactionSubmission       |    30.5 |        0 |    4.54 |    30.5 |                                                                                                                                                                                                                                                         
  build.ts                           |      40 |      100 |       0 |      40 | 48-148                                                                                                                                                                                                                                                  
  helpers.ts                         |      50 |        0 |   33.33 |      50 | 61-66,108                                                                                                                                                                                                                                               
  management.ts                      |   10.71 |      100 |       0 |   10.71 | 44-208                                                                                                                                                                                                                                                  
  simulate.ts                        |    62.5 |      100 |       0 |    62.5 | 44,111,190                                                                                                                                                                                                                                              
  submit.ts                          |    37.5 |      100 |       0 |    37.5 | 48-154                                                                                                                                                                                                                                                  
 src/bcs                             |   46.69 |    10.52 |    36.5 |   46.86 |                                                                                                                                                                                                                                                         
  consts.ts                          |     100 |      100 |     100 |     100 |                                                                                                                                                                                                                                                         
  deserializer.ts                    |   23.65 |     6.66 |   19.23 |   24.17 | 67-68,81,99-215,241-260,289-463,487,491,515-548                                                                                                                                                                                                         
  index.ts                           |     100 |      100 |     100 |     100 |                                                                                                                                                                                                                                                         
  serializer.ts                      |    53.6 |    13.04 |   48.64 |   53.22 | 59-76,103,231-233,273,327-332,345-350,363,376,388,401-409,421-429,441-449,497,524-583,593-594,602,617                                                                                                                                                   
 src/bcs/serializable                |   14.85 |        0 |    2.47 |   15.41 |                                                                                                                                                                                                                                                         
  entryFunctionBytes.ts              |      30 |      100 |       0 |      30 | 33-90                                                                                                                                                                                                                                                   
  fixedBytes.ts                      |      30 |      100 |       0 |      30 | 54-105                                                                                                                                                                                                                                                  
  movePrimitives.ts                  |   16.41 |      100 |    4.54 |   16.41 | 50-116,132-152,169-189,205-225,259-264,281-301,318-338,354-376,393-413,429-449,468-488,505-525,542-562                                                                                                                                                  
  moveStructs.ts                     |    9.47 |        0 |       0 |   10.46 | 65-317,334-367,385-408,421-619                                                                                                                                                                                                                          
 src/cli                             |   34.54 |       25 |   36.66 |   34.75 |                                                                                                                                                                                                                                                         
  index.ts                           |     100 |      100 |     100 |     100 |                                                                                                                                                                                                                                                         
  localNode.ts                       |   89.65 |       65 |   91.66 |   91.22 | 56,75,128,133,162                                                                                                                                                                                                                                       
  move.ts                            |    2.85 |        0 |       0 |    2.85 | 35-472                                                                                                                                                                                                                                                  
 src/client                          |      49 |    35.71 |   42.85 |      49 |                                                                                                                                                                                                                                                         
  core.ts                            |   66.66 |    52.63 |     100 |   66.66 | 48,51,99,105-114,116-117,127                                                                                                                                                                                                                            
  get.ts                             |   28.26 |        0 |   33.33 |   28.26 | 154,165-192,199-227,234-261                                                                                                                                                                                                                             
  index.ts                           |     100 |      100 |     100 |     100 |                                                                                                                                                                                                                                                         
  post.ts                            |    61.9 |      100 |   33.33 |    61.9 | 163-165,193-203,229,244                                                                                                                                                                                                                                 
 src/core                            |   56.21 |     43.9 |   46.66 |   57.76 |                                                                                                                                                                                                                                                         
  accountAddress.ts                  |   60.86 |    46.87 |   63.63 |   62.22 | 99,220,262-349,391,399,407,422,430,458,471-522                                                                                                                                                                                                          
  authenticationKey.ts               |   67.85 |        0 |    37.5 |   67.85 | 56,69-94,129-144                                                                                                                                                                                                                                        
  common.ts                          |   33.33 |      100 |       0 |   33.33 | 28-29                                                                                                                                                                                                                                                   
  hex.ts                             |    32.5 |     37.5 |   28.57 |   32.35 | 82-132,150-237                                                                                                                                                                                                                                          
  index.ts                           |     100 |      100 |     100 |     100 |                                                                                                                                                                                                                                                         
 src/core/account                    |     100 |      100 |     100 |     100 |                                                                                                                                                                                                                                                         
  index.ts                           |     100 |      100 |     100 |     100 |                                                                                                                                                                                                                                                         
 src/core/account/utils              |     100 |       75 |     100 |     100 |                                                                                                                                                                                                                                                         
  address.ts                         |     100 |       75 |     100 |     100 | 38                                                                                                                                                                                                                                                      
  index.ts                           |     100 |      100 |     100 |     100 |                                                                                                                                                                                                                                                         
 src/core/crypto                     |   21.43 |      1.9 |    6.71 |   21.43 |                                                                                                                                                                                                                                                         
  abstraction.ts                     |    37.5 |      100 |       0 |    37.5 | 13-22,30-50                                                                                                                                                                                                                                             
  deserializationUtils.ts            |   15.15 |        0 |       0 |   15.15 | 32-63,75-105                                                                                                                                                                                                                                            
  ed25519.ts                         |   54.02 |        0 |   41.37 |   55.95 | 39-49,93,110-138,208-222,272,304-332,375-435,466,476                                                                                                                                                                                                    
  ephemeral.ts                       |   18.18 |        0 |       0 |   18.18 | 41-121,141-182                                                                                                                                                                                                                                          
  federatedKeyless.ts                |      25 |        0 |       0 |      25 | 45-162                                                                                                                                                                                                                                                  
  hdKey.ts                           |   55.88 |      100 |   11.11 |   53.57 | 59,81,89-90,105-110,130-135                                                                                                                                                                                                                             
  index.ts                           |     100 |      100 |     100 |     100 |                                                                                                                                                                                                                                                         
  keyless.ts                         |   11.65 |        0 |       0 |   11.76 | 134-330,356-376,398-506,522-571,622-683,706-733,752-803,826-874,912-933,971-995,1017-1033,1089-1124,1204-1224,1292-1413,1434-1451,1471-1556,1568-1603,1618-1679,1691-1698                                                                               
  multiEd25519.ts                    |   22.72 |     9.52 |   22.22 |   24.03 | 73-260,322,329,331,364-432                                                                                                                                                                                                                              
  multiKey.ts                        |    8.27 |        0 |       0 |    8.66 | 20-23,32-97,145-324,382-494                                                                                                                                                                                                                             
  poseidon.ts                        |   17.85 |        0 |       0 |    19.6 | 55-93,109-144,157-161,176-211,225-230                                                                                                                                                                                                                   
  privateKey.ts                      |   36.36 |     7.69 |      50 |   36.36 | 60-69,86-106                                                                                                                                                                                                                                            
  proof.ts                           |     100 |      100 |     100 |     100 |                                                                                                                                                                                                                                                         
  publicKey.ts                       |      50 |      100 |       0 |      50 | 65-86                                                                                                                                                                                                                                                   
  secp256k1.ts                       |   22.22 |        0 |       0 |   22.22 | 36-177,221-383,419-447                                                                                                                                                                                                                                  
  secp256r1.ts                       |   16.83 |        0 |       0 |   16.83 | 38-209,249-353,365-404,438-493                                                                                                                                                                                                                          
  signature.ts                       |      50 |      100 |       0 |      50 | 20-31                                                                                                                                                                                                                                                   
  singleKey.ts                       |   13.25 |        0 |       0 |   13.25 | 57-254,280-344                                                                                                                                                                                                                                          
  utils.ts                           |   45.71 |        0 |   33.33 |   40.62 | 24-30,37-48,52-62                                                                                                                                                                                                                                       
 src/errors                          |      77 |    60.86 |   66.66 |      77 |                                                                                                                                                                                                                                                         
  index.ts                           |      77 |    60.86 |   66.66 |      77 | 293-334,426,450                                                                                                                                                                                                                                         
 src/internal                        |   28.18 |     8.31 |   11.24 |   28.19 |                                                                                                                                                                                                                                                         
  abstraction.ts                     |   42.85 |      100 |       0 |   42.85 | 20-22,44-46,67-68                                                                                                                                                                                                                                       
  account.ts                         |   14.51 |        0 |    4.76 |    14.7 | 132-133,161-173,215-216,240-241,269-281,300-307,326-363,380-402,426-455,475-510,531-563,579-596,617-660,681-705,721-739,760-772,793-814,845-856,874-946,988-1045,1087-1089,1115-1194,1202-1486                                                          
  coin.ts                            |    62.5 |        0 |       0 |    62.5 | 36-38                                                                                                                                                                                                                                                   
  digitalAsset.ts                    |   33.79 |        0 |       0 |   34.26 | 111-130,146-166,188-211,233-255,347-348,394-416,437-448,468-478,499-510,532-543,601-603,658-659,730-738,783-784,821-822,858-859,897-898,937-938,976-977,1034-1035,1079-1080,1137-1138,1208-1209,1264-1290                                               
  faucet.ts                          |   42.85 |        0 |       0 |   42.85 | 40-70                                                                                                                                                                                                                                                   
  fungibleAsset.ts                   |   38.46 |      100 |       0 |   38.46 | 65-82,102-119,138-155,184-185,221-222                                                                                                                                                                                                                   
  general.ts                         |   27.58 |        0 |       0 |   27.58 | 27-33,49-61,79-87,101-113,125-126,143-162                                                                                                                                                                                                               
  keyless.ts                         |   24.61 |        0 |       0 |   24.61 | 56-73,104-145,200-235,249-292                                                                                                                                                                                                                           
  mns.ts                             |    22.6 |    21.29 |   11.42 |   21.63 | 67,140-142,146-150,166-180,231-283,303-319,337-353,374-403,421-434,458-472,488-514,556-578,612-635,668-691,726-776,798-835,865-899,917-951,983-1007,1019-1042,1060-1079,1098-1119,1141-1153,1171-1183,1199-1217,1238-1252,1277-1314,1338-1373,1392-1411 
  object.ts                          |   38.46 |      100 |       0 |   38.46 | 26-43,61-67                                                                                                                                                                                                                                             
  staking.ts                         |   31.57 |        0 |       0 |   31.57 | 32-42,59-68,86-95                                                                                                                                                                                                                                       
  table.ts                           |   35.29 |      100 |       0 |   35.29 | 33-41,60-78,98-116                                                                                                                                                                                                                                      
  transaction.ts                     |   37.77 |    17.24 |   33.33 |   38.05 | 45-46,92-98,138-146,212-219,228,238,245-263,268-271,279,285,288,311-340,364-365,381-382,402-410,429-502                                                                                                                                                 
  transactionSubmission.ts           |   59.75 |    18.51 |   57.14 |   60.49 | 122,124-132,165,169-170,226-227,246-257,281-303,327,340-353,373,376,399-407,440-444                                                                                                                                                                     
  view.ts                            |    37.5 |        0 |       0 |    37.5 | 20-39,47-60                                                                                                                                                                                                                                             
 src/internal/utils                  |   93.75 |        0 |     100 |   93.75 |                                                                                                                                                                                                                                                         
  index.ts                           |     100 |      100 |     100 |     100 |                                                                                                                                                                                                                                                         
  utils.ts                           |   93.33 |        0 |     100 |   93.33 | 50                                                                                                                                                                                                                                                      
 src/transactions                    |     100 |      100 |     100 |     100 |                                                                                                                                                                                                                                                         
  index.ts                           |     100 |      100 |     100 |     100 |                                                                                                                                                                                                                                                         
 src/transactions/authenticator      |   27.86 |     4.54 |   19.56 |   27.86 |                                                                                                                                                                                                                                                         
  account.ts                         |      30 |     6.25 |      28 |      30 | 42-97,184-186,205-219,237-251,268,300-361,379-403                                                                                                                                                                                                       
  index.ts                           |     100 |      100 |     100 |     100 |                                                                                                                                                                                                                                                         
  transaction.ts                     |   22.78 |        0 |    9.52 |   22.78 | 33-67,123-125,144-158,185-202,236-259,275-286                                                                                                                                                                                                           
 src/transactions/instances          |   36.22 |        0 |   24.32 |   36.44 |                                                                                                                                                                                                                                                         
  chainId.ts                         |   71.42 |      100 |   66.66 |   71.42 | 50-51                                                                                                                                                                                                                                                   
  identifier.ts                      |   71.42 |      100 |   66.66 |   71.42 | 51-52                                                                                                                                                                                                                                                   
  index.ts                           |     100 |      100 |     100 |     100 |                                                                                                                                                                                                                                                         
  moduleId.ts                        |      75 |        0 |      75 |      75 | 46,73-75                                                                                                                                                                                                                                                
  multiAgentTransaction.ts           |      20 |        0 |       0 |      20 | 43-90                                                                                                                                                                                                                                                   
  rawTransaction.ts                  |   41.37 |        0 |      20 |   41.37 | 99-106,140-147,175-200,236-254                                                                                                                                                                                                                          
  rotationProofChallenge.ts          |   21.05 |      100 |       0 |   21.05 | 17-84                                                                                                                                                                                                                                                   
  signedTransaction.ts               |      75 |      100 |   66.66 |      75 | 69-71                                                                                                                                                                                                                                                   
  simpleTransaction.ts               |   41.17 |        0 |   33.33 |   41.17 | 55-81                                                                                                                                                                                                                                                   
  transactionPayload.ts              |    24.4 |        0 |   13.95 |   24.69 | 38-61,98-109,135-161,186-187,200-211,332-345,399-425,453-476,501-521,535-540,550-567,576-585,594-605,613-624,630-634,643-648,658-674                                                                                                                    
 src/transactions/management         |   84.09 |    65.51 |     100 |   84.52 |                                                                                                                                                                                                                                                         
  accountSequenceNumber.ts           |   72.22 |    44.44 |     100 |   73.58 | 116,131-139,146,200,209-221                                                                                                                                                                                                                             
  asyncQueue.ts                      |     100 |      100 |     100 |     100 |                                                                                                                                                                                                                                                         
  index.ts                           |     100 |      100 |     100 |     100 |                                                                                                                                                                                                                                                         
  transactionWorker.ts               |   86.59 |    72.22 |     100 |   86.66 | 198-201,252-253,264-267,297-305,363                                                                                                                                                                                                                     
 src/transactions/transactionBuilder |   39.64 |    16.94 |   58.82 |   40.08 |                                                                                                                                                                                                                                                         
  helpers.ts                         |      78 |     62.5 |   71.42 |   77.55 | 25,37,49,63-70,93,298,316                                                                                                                                                                                                                               
  index.ts                           |     100 |      100 |     100 |     100 |                                                                                                                                                                                                                                                         
  remoteAbi.ts                       |   21.61 |     8.18 |      60 |   21.68 | 64-67,121-130,159,164,200-224,256-267,270,354-370,373-382,385-389,392-396,399-403,409-555,568-571,577-654                                                                                                                                               
  signingMessage.ts                  |   79.31 |        0 |      75 |   79.31 | 31,38,59,89,105,108                                                                                                                                                                                                                                     
  transactionBuilder.ts              |   44.55 |    16.84 |   46.42 |   45.02 | 144,198,224,240-241,264-277,297-339,372,379-380,385,395-401,413-417,443,461-488,552-554,580-662,670-718,744-747,757-762,772-778,818-823                                                                                                                 
 src/transactions/typeTag            |   35.44 |    25.22 |   19.62 |   35.66 |                                                                                                                                                                                                                                                         
  index.ts                           |   28.24 |        0 |    13.4 |   28.57 | 34-82,118-152,207-242,281-304,319-327,342-350,364-372,386-394,409-417,432-440,454-462,476-484,498-506,520-528,542-550,564-572,587-595,610-618,633-653,667,676-682,697,716-722,738-743,753-834,868-879,891,914                                           
  parser.ts                          |    44.6 |    38.88 |      80 |    44.6 | 110-119,176,225-234,237-258,263-278,281-303,314,322-327,346,352-354,358-362,366-385,389-390,395-398,403,410,419,424,427                                                                                                                                 
 src/types                           |   87.73 |    83.87 |      65 |   87.73 |                                                                                                                                                                                                                                                         
  abstraction.ts                     |     100 |      100 |     100 |     100 |                                                                                                                                                                                                                                                         
  index.ts                           |     100 |      100 |     100 |     100 |                                                                                                                                                                                                                                                         
  types.ts                           |   87.17 |    82.75 |   63.15 |   87.17 | 171-183,650,660,670,682,694,706,718,1144,1154,1164,1174,1186,1198                                                                                                                                                                                       
 src/utils                           |    78.1 |       50 |   57.69 |    78.9 |                                                                                                                                                                                                                                                         
  apiEndpoints.ts                    |     100 |      100 |     100 |     100 |                                                                                                                                                                                                                                                         
  const.ts                           |     100 |      100 |     100 |     100 |                                                                                                                                                                                                                                                         
  helpers.ts                         |   56.52 |    11.11 |   38.88 |      55 | 32,50-55,69-73,78-84,128-132,158-161,182,205,222-223,237                                                                                                                                                                                                
  index.ts                           |     100 |      100 |     100 |     100 |                                                                                                                                                                                                                                                         
  memoize.ts                         |     100 |      100 |     100 |     100 |                                                                                                                                                                                                                                                         
  normalizeBundle.ts                 |     100 |      100 |     100 |     100 |                                                                                                                                                                                                                                                         
 tests/e2e                           |   88.88 |    33.33 |     100 |   88.88 |                                                                                                                                                                                                                                                         
  helper.ts                          |   88.88 |    33.33 |     100 |   88.88 | 21                                                                                                                                                                                                                                                      
 tests/e2e/mns                       |    11.9 |        0 |       0 |    11.9 |                                                                                                                                                                                                                                                         
  publishMNSContracts.ts             |    11.9 |        0 |       0 |    11.9 | 30-35,41-120                                                                                                                                                                                                                                            
 tests/e2e/transaction               |   92.85 |       50 |   88.88 |   92.45 |                                                                                                                                                                                                                                                         
  helper.ts                          |   92.85 |       50 |   88.88 |   92.45 | 56,97,226,268-276,316,378,393                                                                                                                                                                                                                           
 tests/unit                          |   88.23 |       90 |     100 |   88.23 |                                                                                                                                                                                                                                                         
  helper.ts                          |   88.23 |       90 |     100 |   88.23 | 226-230                                                                                                                                                                                                                                                 
-------------------------------------|---------|----------|---------|---------|---------------------------------------------------------------------------------------------------------------------------------------------------------------------------------------------------------------------------------------------------------
Jest: "global" coverage threshold for lines (50%) not met: 36.71%

Summary of all failing tests
FAIL tests/e2e/api/staking.test.ts (21.155 s)
  ● staking api › it returns 0 if the poolAddress does not exist

    RequestError: getaddrinfo ENOTFOUND indexer.devnet.movementnetwork.xyz

      at Request._makeRequest (node_modules/.pnpm/got@11.8.6/node_modules/got/dist/source/core/index.js:1191:19)
      at node_modules/.pnpm/got@11.8.6/node_modules/got/dist/source/core/index.js:334:17

FAIL tests/e2e/client/aptosRequest.test.ts (20.37 s)
  ● aptos request › headers › call should include all expected headers

    expect(received).toBe(expected) // Object.is equality

    Expected: false
    Received: true

      67 |           // eslint-disable-next-line no-console
      68 |           console.log("Error in 'headers'", error);
    > 69 |           expect(true).toBe(false);
         |                        ^
      70 |         }
      71 |       },
      72 |       longTestTimeout,

      at Object.<anonymous> (tests/e2e/client/aptosRequest.test.ts:69:24)

FAIL tests/e2e/api/paginateQuery.test.ts (17.875 s)
  ● PaginateQuery › it should paginate correctly on fullnode queries

    expect(received).toBeGreaterThan(expected)

    Expected: > 10
    Received:   5

       7 |     const transactions = await movement.getTransactions();
       8 |     // Expect more than 10 transactions
    >  9 |     expect(transactions.length).toBeGreaterThan(10);
         |                                 ^
      10 |     const firstTenTxs = await movement.getTransactions({ options: { offset: 0, limit: 10 } });
      11 |     // Expect fetch only first 10 transactions
      12 |     expect(firstTenTxs.length).toBe(10);

      at Object.<anonymous> (tests/e2e/api/paginateQuery.test.ts:9:33)


Test Suites: 3 failed, 56 passed, 59 total
Tests:       3 failed, 15 skipped, 709 passed, 727 total
Snapshots:   3 passed, 3 total
Time:        1260.087 s, estimated 1271 s
Ran all test suites.
 ELIFECYCLE  Test failed. See above for more details.
